K0 characteristics, 55
K1 characteristics, 97
Countries, 24
Device, cuda
Loading training and validation datasets
(datasets are loaded once and shared across all trials for each variant)
Train months, 252  |  Val months, 60
================================================================================
Study, dual_path_linear
Target, maximise validation long short Sharpe ratio
Total trials, 50
max_epochs per trial, 50  |  patience, 8
n_startup_trials, 10  |  n_warmup_steps, 6
Database, results1/transformer/transformer-hpt/hpt_dual_path.db
--------------------------------------------------------------------------------
Trial  Sharpe  Base6m   Adj6m    Best                  Params (key)  Status
--------------------------------------------------------------------------------
    1  1.0598  0.1140  0.1225  1.0598  d=96  p2h=2  p2L=3  lr=2.03e-04  DONE    *
    2  0.9734  0.1151  0.0653  1.0598  d=96  p2h=2  p2L=1  lr=2.07e-03  DONE  
    3  1.3272  0.1281  0.1225  1.3272  d=64  p2h=4  p2L=2  lr=7.85e-04  DONE    *
    4  0.6276  0.1235  0.1047  1.3272  d=128 p2h=4  p2L=1  lr=2.14e-03  DONE  
    5  0.9690  0.0986  0.1493  1.3272  d=64  p2h=4  p2L=1  lr=1.66e-03  DONE  
    6  1.6157  0.1169  0.1426  1.6157  d=96  p2h=2  p2L=1  lr=1.05e-04  DONE    *
    7  1.7663  0.1275  0.1193  1.7663  d=96  p2h=1  p2L=3  lr=3.42e-04  DONE    *
    8  0.9946  0.1170  0.1266  1.7663  d=96  p2h=2  p2L=3  lr=1.80e-04  DONE  
    9  1.4889  0.0965  0.1464  1.7663  d=128 p2h=4  p2L=3  lr=6.03e-05  DONE  
   10  1.4308  0.1078  0.1176  1.7663  d=96  p2h=2  p2L=3  lr=6.45e-04  DONE  
   11  0.3811  0.1096  0.0647  1.7663  d=64  p2h=1  p2L=2  lr=4.83e-03  DONE  
   12  1.0868  0.1278  0.1383  1.7663  d=96  p2h=1  p2L=2  lr=1.52e-04  DONE  
   13     nan  0.0885  0.1163  1.7663  d=96  p2h=1  p2L=2  lr=5.83e-05  PRUNED
   14  1.6917  0.1191  0.1311  1.7663  d=96  p2h=1  p2L=1  lr=3.55e-04  DONE  
   15  2.6657  0.1378  0.1313  2.6657  d=96  p2h=1  p2L=2  lr=3.93e-04  DONE    *
   16  1.3727  0.1038  0.1091  2.6657  d=128 p2h=1  p2L=2  lr=4.48e-04  DONE  
   17  0.6005  0.1287  0.1082  2.6657  d=96  p2h=1  p2L=3  lr=3.21e-04  DONE  
   18  0.9494  0.1305  0.0223  2.6657  d=96  p2h=1  p2L=2  lr=8.14e-04  DONE  
   19     nan  0.1216 -0.0592  2.6657  d=128 p2h=1  p2L=3  lr=1.19e-03  PRUNED
   20  1.5819  0.1341  0.1203  2.6657  d=64  p2h=1  p2L=2  lr=2.50e-04  DONE  
   21  1.5323  0.1306  0.1316  2.6657  d=96  p2h=1  p2L=3  lr=1.05e-04  DONE  
   22  2.6316  0.1240  0.1435  2.6657  d=96  p2h=1  p2L=1  lr=3.84e-04  DONE  
   23  1.3885  0.1130  0.1421  2.6657  d=96  p2h=1  p2L=1  lr=5.41e-04  DONE  
   24  1.0650  0.1077  0.1294  2.6657  d=96  p2h=1  p2L=2  lr=2.96e-04  DONE  
   25  1.8978  0.1190  0.1355  2.6657  d=96  p2h=1  p2L=1  lr=4.33e-04  DONE  
   26  1.6412  0.1278  0.1457  2.6657  d=96  p2h=1  p2L=1  lr=4.92e-04  DONE  
   27     nan  0.1149  0.1230  2.6657  d=96  p2h=1  p2L=1  lr=1.06e-03  PRUNED
   28  1.5997  0.1195  0.1407  2.6657  d=96  p2h=1  p2L=1  lr=1.28e-04  DONE  
   29     nan  0.1146  0.1390  2.6657  d=64  p2h=1  p2L=1  lr=2.37e-04  PRUNED
   30  1.2155  0.1157  0.1367  2.6657  d=128 p2h=4  p2L=1  lr=4.16e-04  DONE  
   31     nan  0.1273  0.1207  2.6657  d=96  p2h=2  p2L=2  lr=1.84e-04  PRUNED
   32  1.3719  0.1273  0.1324  2.6657  d=96  p2h=1  p2L=2  lr=6.93e-04  DONE  
   33  1.4638  0.1172  0.1224  2.6657  d=96  p2h=1  p2L=1  lr=2.97e-04  DONE  
   34     nan  0.1147  0.1275  2.6657  d=96  p2h=1  p2L=2  lr=4.27e-04  PRUNED
   35  1.9831  0.1209  0.1107  2.6657  d=96  p2h=1  p2L=1  lr=1.02e-03  DONE  
   36  1.1059  0.1087  0.1369  2.6657  d=96  p2h=4  p2L=1  lr=1.02e-03  DONE  
   37  1.4608  0.1296  0.1224  2.6657  d=64  p2h=2  p2L=1  lr=1.52e-03  DONE  
   38 -0.2001  0.0019  0.1086  2.6657  d=96  p2h=1  p2L=1  lr=2.99e-03  DONE  
   39  0.9329  0.1138  0.1164  2.6657  d=96  p2h=4  p2L=1  lr=5.69e-04  DONE  
   40  1.5005  0.1235  0.1457  2.6657  d=128 p2h=1  p2L=1  lr=8.47e-04  DONE  
   41  1.1024  0.1162  0.1367  2.6657  d=96  p2h=2  p2L=1  lr=2.22e-03  DONE  
   42  2.0086  0.1240  0.1399  2.6657  d=96  p2h=1  p2L=3  lr=2.14e-04  DONE  
   43  1.5585  0.1426  0.0603  2.6657  d=96  p2h=1  p2L=3  lr=2.40e-04  DONE  
   44  0.8732  0.1204  0.1488  2.6657  d=96  p2h=1  p2L=1  lr=8.08e-05  DONE  
   45  1.0087  0.1238  0.1302  2.6657  d=96  p2h=1  p2L=2  lr=1.40e-04  DONE  
   46     nan  0.1315  0.1265  2.6657  d=96  p2h=1  p2L=3  lr=3.67e-04  PRUNED
   47  1.5816  0.1279  0.1380  2.6657  d=64  p2h=4  p2L=1  lr=2.07e-04  DONE  
   48  1.4229  0.0992  0.0046  2.6657  d=96  p2h=1  p2L=2  lr=1.39e-03  DONE  
   49     nan  0.1234  0.1220  2.6657  d=96  p2h=1  p2L=1  lr=6.52e-04  PRUNED
   50  2.2984  0.1346  0.1177  2.6657  d=128 p2h=2  p2L=2  lr=2.72e-04  DONE  
================================================================================
Best trial for variant: linear
Trial number: 15  |  Val Sharpe LS: 2.665680
--------------------------------------------------------------------------------
d_model                   96
d_ff_mult                 4
dropout                   0.223972
n_mlp_layers              3
path2_n_layers            2
path2_n_heads             1
path2_d_ff                512
lambda_aux                0.253673
lambda_aux2               0.339462
lr                        0.000392987
weight_decay              2.56271e-06
grad_clip                 2.62854
--------------------------------------------------------------------------------
d_ff (derived)            384
--------------------------------------------------------------------------------
best epoch                6
n epochs trained          14
train loss (best ep)      0.503312
val MSRR (best ep)        2.063837
corr 6m, combined         0.139691
corr 6m, base f_firm      0.137817
corr 6m, path 2           0.131340
val Sharpe LS             2.665680
--------------------------------------------------------------------------------
   Completed trials: 42  |  Pruned trials: 8
   Val Sharpe LS  mean=1.3578  std=0.5361  min=-0.2001  max=2.6657
================================================================================
  Best params saved, results1/transformer/transformer-hpt/best_params_linear.json
  Trial history saved, results1/transformer/transformer-hpt/trials_linear.csv
================================================================================
Study, dual_path_per_feature
Target, maximise validation long short Sharpe ratio
Total trials, 50
max_epochs per trial, 50  |  patience, 8
n_startup_trials, 10  |  n_warmup_steps, 6
Database, results1/transformer/transformer-hpt/hpt_dual_path.db
--------------------------------------------------------------------------------
Trial  Sharpe  Base6m   Adj6m    Best                  Params (key)  Status
--------------------------------------------------------------------------------
    1  1.1264  0.1175  0.1143  1.1264  d=96  p2h=2  p2L=3  lr=2.03e-04  DONE    *
    2  0.5135  0.0998  0.1179  1.1264  d=96  p2h=2  p2L=1  lr=2.07e-03  DONE  
    3  1.6719  0.1222  0.1282  1.6719  d=64  p2h=4  p2L=2  lr=7.85e-04  DONE    *
    4  0.9901  0.1122  0.0217  1.6719  d=128 p2h=4  p2L=1  lr=2.14e-03  DONE  
    5  2.1189  0.1183  0.1240  2.1189  d=64  p2h=4  p2L=1  lr=1.66e-03  DONE    *
    6  0.9212  0.1086  0.1406  2.1189  d=96  p2h=2  p2L=1  lr=1.05e-04  DONE  
    7  0.6159  0.1206  0.1299  2.1189  d=96  p2h=1  p2L=3  lr=3.42e-04  DONE  
    8  1.8134  0.1157  0.1132  2.1189  d=96  p2h=2  p2L=3  lr=1.80e-04  DONE  
    9  2.3611  0.1217  0.1241  2.3611  d=128 p2h=4  p2L=3  lr=6.03e-05  DONE    *
   10  0.9356  0.1282  0.0817  2.3611  d=96  p2h=2  p2L=3  lr=6.45e-04  DONE  
   11  1.5717  0.0991  0.1325  2.3611  d=128 p2h=1  p2L=2  lr=5.29e-05  DONE  
   12     nan  0.0975 -0.0591  2.3611  d=64  p2h=4  p2L=2  lr=4.96e-03  PRUNED
   13  0.3596  0.1065  0.0516  2.3611  d=128 p2h=4  p2L=2  lr=9.00e-04  DONE  
   14  2.1127  0.0854  0.1315  2.3611  d=64  p2h=4  p2L=1  lr=5.81e-05  DONE  
   15     nan  0.1139  0.0711  2.3611  d=128 p2h=4  p2L=2  lr=4.55e-03  PRUNED
   16  0.2139  0.1232  0.0227  2.3611  d=64  p2h=4  p2L=3  lr=3.90e-04  DONE  
   17  2.3121  0.1050  0.1319  2.3611  d=64  p2h=4  p2L=1  lr=1.97e-03  DONE  
   18  1.7585  0.1181  0.1220  2.3611  d=128 p2h=1  p2L=2  lr=1.14e-04  DONE  
   19  0.6027  0.1090 -0.0308  2.3611  d=128 p2h=4  p2L=2  lr=1.44e-03  DONE  
   20  1.4096  0.1175  0.1511  2.3611  d=64  p2h=4  p2L=1  lr=4.65e-04  DONE  
   21  0.1977  0.1071 -0.0965  2.3611  d=128 p2h=1  p2L=3  lr=2.98e-03  DONE  
   22  0.8691  0.1085  0.1250  2.3611  d=64  p2h=4  p2L=1  lr=1.29e-03  DONE  
   23  1.6031  0.1165  0.1436  2.3611  d=64  p2h=4  p2L=1  lr=1.35e-03  DONE  
   24     nan  0.0922  0.0987  2.3611  d=64  p2h=4  p2L=1  lr=2.98e-03  PRUNED
   25  1.4372  0.1172  0.1279  2.3611  d=64  p2h=4  p2L=1  lr=2.40e-04  DONE  
   26  1.0924  0.0889  0.1442  2.3611  d=64  p2h=4  p2L=2  lr=8.40e-05  DONE  
   27     nan  0.1227  0.0693  2.3611  d=64  p2h=4  p2L=1  lr=2.10e-03  PRUNED
   28     nan  0.1156 -0.0868  2.3611  d=128 p2h=4  p2L=2  lr=1.06e-03  PRUNED
   29  1.3055  0.1234  0.1417  2.3611  d=64  p2h=1  p2L=1  lr=5.14e-04  DONE  
   30     nan  0.1111  0.0893  2.3611  d=128 p2h=4  p2L=3  lr=2.15e-04  PRUNED
   31     nan  0.0947  0.0980  2.3611  d=64  p2h=2  p2L=2  lr=3.27e-03  PRUNED
   32     nan  0.0835  0.1291  2.3611  d=64  p2h=4  p2L=1  lr=6.19e-05  PRUNED
   33  2.2073  0.0841  0.1289  2.3611  d=64  p2h=4  p2L=1  lr=6.94e-05  DONE  
   34     nan  0.1056  0.1228  2.3611  d=64  p2h=4  p2L=1  lr=1.44e-04  PRUNED
   35     nan  0.0818  0.1207  2.3611  d=64  p2h=4  p2L=1  lr=6.77e-05  PRUNED
   36  2.5179  0.0870  0.1321  2.5179  d=64  p2h=4  p2L=1  lr=7.82e-05  DONE    *
   37  1.3138  0.0931  0.1450  2.5179  d=96  p2h=4  p2L=1  lr=8.00e-05  DONE  
   38  1.6354  0.1120  0.1274  2.5179  d=64  p2h=2  p2L=1  lr=1.08e-04  DONE  
   39  1.0768  0.1193  0.1377  2.5179  d=128 p2h=4  p2L=1  lr=2.74e-04  DONE  
   40  1.2533  0.1271  0.1357  2.5179  d=96  p2h=4  p2L=1  lr=1.60e-04  DONE  
   41  1.2604  0.1037  0.1471  2.5179  d=64  p2h=2  p2L=3  lr=7.99e-05  DONE  
   42     nan  0.0879  0.1206  2.5179  d=64  p2h=4  p2L=1  lr=1.36e-04  PRUNED
   43  1.5959  0.1261  0.1534  2.5179  d=64  p2h=4  p2L=1  lr=1.75e-03  DONE  
   44  1.4366  0.1236  0.1420  2.5179  d=64  p2h=4  p2L=1  lr=1.01e-04  DONE  
   45  2.4176  0.0938  0.1362  2.5179  d=96  p2h=1  p2L=1  lr=5.33e-05  DONE  
   46  1.3663  0.1052  0.1473  2.5179  d=96  p2h=1  p2L=1  lr=5.51e-05  DONE  
   47     nan  0.1215  0.1327  2.5179  d=96  p2h=1  p2L=2  lr=5.11e-05  PRUNED
   48  1.3549  0.0959  0.1471  2.5179  d=96  p2h=1  p2L=1  lr=9.47e-05  DONE  
   49  1.2549  0.0977  0.1250  2.5179  d=96  p2h=1  p2L=2  lr=7.09e-05  DONE  
   50  1.1542  0.1196  0.1454  2.5179  d=96  p2h=1  p2L=1  lr=1.28e-04  DONE  
================================================================================
Best trial for variant: per_feature
Trial number: 36  |  Val Sharpe LS: 2.517894
--------------------------------------------------------------------------------
d_model                   64
d_ff_mult                 2
dropout                   0.364109
n_mlp_layers              1
path2_n_layers            1
path2_n_heads             4
path2_d_ff                256
lambda_aux                0.458756
lambda_aux2               0.101076
lr                        7.81989e-05
weight_decay              0.000457076
grad_clip                 2.60304
--------------------------------------------------------------------------------
d_ff (derived)            128
--------------------------------------------------------------------------------
best epoch                6
n epochs trained          14
train loss (best ep)      0.996719
val MSRR (best ep)        0.813812
corr 6m, combined         0.130595
corr 6m, base f_firm      0.086960
corr 6m, path 2           0.132065
val Sharpe LS             2.517894
--------------------------------------------------------------------------------
   Completed trials: 38  |  Pruned trials: 12
   Val Sharpe LS  mean=1.3621  std=0.5957  min=0.1977  max=2.5179
================================================================================
  Best params saved, results1/transformer/transformer-hpt/best_params_per_feature.json
  Trial history saved, results1/transformer/transformer-hpt/trials_per_feature.csv
================================================================================
Study, dual_path_ple
Target, maximise validation long short Sharpe ratio
Total trials, 50
max_epochs per trial, 50  |  patience, 8
n_startup_trials, 10  |  n_warmup_steps, 6
Database, results1/transformer/transformer-hpt/hpt_dual_path.db
--------------------------------------------------------------------------------
Trial  Sharpe  Base6m   Adj6m    Best                  Params (key)  Status
--------------------------------------------------------------------------------
    1  1.0635  0.1273  0.1409  1.0635  d=96  p2h=2  p2L=3  lr=2.03e-04  DONE    *
    2  1.8671  0.0948  0.1346  1.8671  d=128 p2h=1  p2L=1  lr=1.17e-03  DONE    *
    3  1.5108  0.0990  0.1096  1.8671  d=96  p2h=1  p2L=3  lr=2.99e-04  DONE  
    4  2.2639  0.1369  0.1184  2.2639  d=96  p2h=4  p2L=3  lr=2.29e-04  DONE    *
    5  0.6105  0.0933  0.0969  2.2639  d=64  p2h=1  p2L=2  lr=3.27e-03  DONE  
    6  0.3748  0.0280  0.1528  2.2639  d=128 p2h=1  p2L=1  lr=2.16e-03  DONE  
    7  1.7253  0.1002  0.1318  2.2639  d=128 p2h=1  p2L=3  lr=6.34e-05  DONE  
    8  2.4915  0.1037  0.1082  2.4915  d=64  p2h=1  p2L=2  lr=1.13e-03  DONE    *
    9 -0.3373  0.0314  0.1289  2.4915  d=128 p2h=4  p2L=3  lr=3.16e-03  DONE  
   10  2.1491  0.1223  0.1259  2.4915  d=64  p2h=2  p2L=1  lr=1.33e-03  DONE  
   11  1.5264  0.1060  0.1226  2.4915  d=64  p2h=2  p2L=2  lr=5.65e-04  DONE  
   12  1.7843  0.1321  0.1308  2.4915  d=96  p2h=4  p2L=2  lr=1.05e-04  DONE  
   13     nan  0.1027  0.1032  2.4915  d=64  p2h=4  p2L=2  lr=6.05e-04  PRUNED
   14  1.6273  0.1305  0.1376  2.4915  d=96  p2h=4  p2L=2  lr=1.96e-04  DONE  
   15     nan  0.1173  0.0261  2.4915  d=96  p2h=4  p2L=3  lr=5.59e-04  PRUNED
   16  1.3928  0.1044  0.1219  2.4915  d=64  p2h=1  p2L=2  lr=1.33e-03  DONE  
   17  0.5910  0.0864  0.0812  2.4915  d=64  p2h=4  p2L=3  lr=3.51e-04  DONE  
   18  1.5914  0.1239  0.1501  2.4915  d=96  p2h=4  p2L=1  lr=1.06e-04  DONE  
   19     nan  0.0924 -0.0392  2.4915  d=64  p2h=1  p2L=2  lr=4.47e-03  PRUNED
   20  1.0306  0.1030  0.1317  2.4915  d=96  p2h=2  p2L=3  lr=5.56e-05  DONE  
   21  0.3518  0.1130  0.0750  2.4915  d=96  p2h=4  p2L=2  lr=9.87e-04  DONE  
   22  0.8687  0.0895  0.0425  2.4915  d=64  p2h=2  p2L=1  lr=1.90e-03  DONE  
   23  1.5497  0.1087  0.1386  2.4915  d=64  p2h=2  p2L=1  lr=8.01e-04  DONE  
   24  2.0742  0.1057  0.1383  2.4915  d=64  p2h=2  p2L=1  lr=1.76e-03  DONE  
   25  0.7941  0.1070  0.1367  2.4915  d=64  p2h=2  p2L=1  lr=3.87e-04  DONE  
   26  1.6017  0.1323  0.1286  2.4915  d=64  p2h=2  p2L=2  lr=1.60e-04  DONE  
   27     nan  0.1120  0.1062  2.4915  d=64  p2h=1  p2L=2  lr=7.88e-04  PRUNED
   28  2.3040  0.1065  0.1371  2.4915  d=64  p2h=2  p2L=1  lr=1.57e-03  DONE  
   29     nan  0.0892 -0.0659  2.4915  d=128 p2h=1  p2L=3  lr=2.49e-03  PRUNED
   30  1.6619  0.1077  0.1369  2.4915  d=96  p2h=4  p2L=3  lr=2.64e-04  DONE  
   31     nan -0.0921  0.0403  2.4915  d=96  p2h=2  p2L=2  lr=4.96e-03  PRUNED
   32  1.3100  0.1067  0.1133  2.4915  d=64  p2h=2  p2L=1  lr=1.45e-03  DONE  
   33  1.4134  0.0976  0.1269  2.4915  d=64  p2h=2  p2L=1  lr=1.01e-03  DONE  
   34  1.5223  0.1213  0.1282  2.4915  d=64  p2h=2  p2L=1  lr=1.51e-03  DONE  
   35  1.6503  0.1235  0.1480  2.4915  d=64  p2h=2  p2L=1  lr=4.52e-04  DONE  
   36  0.7019  0.0894  0.1002  2.4915  d=64  p2h=1  p2L=1  lr=3.15e-03  DONE  
   37  0.8936  0.0481  0.1234  2.4915  d=128 p2h=1  p2L=1  lr=2.52e-03  DONE  
   38  0.6864  0.1138  0.0529  2.4915  d=64  p2h=2  p2L=3  lr=1.14e-03  DONE  
   39  1.5138  0.1189  0.1393  2.4915  d=128 p2h=1  p2L=1  lr=7.92e-04  DONE  
   40  2.1517  0.1114  0.1331  2.4915  d=96  p2h=4  p2L=2  lr=9.71e-05  DONE  
   41  2.3025  0.0847  0.1392  2.4915  d=96  p2h=4  p2L=3  lr=8.38e-05  DONE  
   42  1.8278  0.1007  0.1284  2.4915  d=96  p2h=4  p2L=3  lr=8.68e-05  DONE  
   43  1.2232  0.1161  0.1309  2.4915  d=96  p2h=4  p2L=3  lr=6.96e-05  DONE  
   44  2.0066  0.1237  0.1421  2.4915  d=96  p2h=4  p2L=3  lr=1.43e-04  DONE  
   45  1.3926  0.1267  0.1393  2.4915  d=96  p2h=4  p2L=3  lr=1.28e-04  DONE  
   46     nan  0.1085  0.1198  2.4915  d=96  p2h=4  p2L=2  lr=2.48e-04  PRUNED
   47  1.4968  0.0950  0.1257  2.4915  d=96  p2h=4  p2L=3  lr=8.82e-05  DONE  
   48     nan  0.1100  0.0934  2.4915  d=96  p2h=4  p2L=2  lr=2.13e-04  PRUNED
   49  0.5958  0.1262  0.1544  2.4915  d=96  p2h=4  p2L=3  lr=5.42e-05  DONE  
   50  1.5436  0.1183  0.1311  2.4915  d=96  p2h=4  p2L=2  lr=1.75e-04  DONE  
================================================================================
Best trial for variant: ple
Trial number: 8  |  Val Sharpe LS: 2.491451
--------------------------------------------------------------------------------
d_model                   64
d_ff_mult                 2
dropout                   0.294004
n_mlp_layers              2
path2_n_layers            2
path2_n_heads             1
path2_d_ff                128
lambda_aux                0.11631
lambda_aux2               0.336357
lr                        0.00113266
weight_decay              1.21043e-07
grad_clip                 2.60926
ple_num_bins              16
--------------------------------------------------------------------------------
d_ff (derived)            128
--------------------------------------------------------------------------------
best epoch                13
n epochs trained          21
train loss (best ep)      0.969461
val MSRR (best ep)        0.633844
corr 6m, combined         0.108839
corr 6m, base f_firm      0.103679
corr 6m, path 2           0.108173
val Sharpe LS             2.491451
--------------------------------------------------------------------------------
   Completed trials: 42  |  Pruned trials: 8
   Val Sharpe LS  mean=1.3977  std=0.6138  min=-0.3373  max=2.4915
================================================================================
  Best params saved, results1/transformer/transformer-hpt/best_params_ple.json
  Trial history saved, results1/transformer/transformer-hpt/trials_ple.csv
================================================================================
Study, dual_path_periodic
Target, maximise validation long short Sharpe ratio
Total trials, 50
max_epochs per trial, 50  |  patience, 8
n_startup_trials, 10  |  n_warmup_steps, 6
Database, results1/transformer/transformer-hpt/hpt_dual_path.db
--------------------------------------------------------------------------------
Trial  Sharpe  Base6m   Adj6m    Best                  Params (key)  Status
--------------------------------------------------------------------------------
    1  1.4316  0.1254  0.1095  1.4316  d=96  p2h=2  p2L=3  lr=2.03e-04  DONE    *
    2  1.8871  0.1304  0.1357  1.8871  d=128 p2h=1  p2L=1  lr=1.17e-03  DONE    *
    3  0.5298  0.1162  0.1408  1.8871  d=96  p2h=1  p2L=3  lr=2.99e-04  DONE  
    4  1.0695  0.1297  0.1101  1.8871  d=96  p2h=4  p2L=3  lr=2.29e-04  DONE  
    5 -0.3147  0.1175 -0.0694  1.8871  d=64  p2h=1  p2L=2  lr=3.27e-03  DONE  
    6  1.9110  0.0934  0.1485  1.9110  d=128 p2h=1  p2L=1  lr=2.16e-03  DONE    *
    7  1.3966  0.1076  0.1434  1.9110  d=128 p2h=1  p2L=3  lr=6.34e-05  DONE  
    8  1.6324  0.1306  0.0711  1.9110  d=64  p2h=1  p2L=2  lr=1.13e-03  DONE  
    9  1.2940 -0.0977  0.0808  1.9110  d=128 p2h=4  p2L=3  lr=3.16e-03  DONE  
   10  1.9092  0.1092  0.1460  1.9110  d=64  p2h=2  p2L=1  lr=1.33e-03  DONE  
   11  0.4304  0.1083  0.1493  1.9110  d=128 p2h=2  p2L=2  lr=5.29e-05  DONE  
   12  0.4642  0.1274  0.1506  1.9110  d=64  p2h=2  p2L=1  lr=1.46e-03  DONE  
   13     nan  0.1288  0.1235  1.9110  d=64  p2h=2  p2L=1  lr=5.25e-04  PRUNED
   14     nan  0.1178  0.1092  1.9110  d=64  p2h=2  p2L=1  lr=1.94e-03  PRUNED
   15     nan  0.0854  0.0213  1.9110  d=128 p2h=4  p2L=1  lr=4.71e-03  PRUNED
   16  1.0514  0.1250  0.1360  1.9110  d=128 p2h=1  p2L=2  lr=6.31e-04  DONE  
   17     nan  0.1153  0.1252  1.9110  d=64  p2h=2  p2L=1  lr=7.30e-04  PRUNED
   18     nan  0.1061  0.1311  1.9110  d=128 p2h=1  p2L=1  lr=2.13e-03  PRUNED
   19     nan  0.1291 -0.0380  1.9110  d=64  p2h=2  p2L=2  lr=2.52e-03  PRUNED
   20  1.6238  0.1219  0.1288  1.9110  d=96  p2h=4  p2L=1  lr=4.20e-04  DONE  
   21     nan  0.1162 -0.0313  1.9110  d=128 p2h=2  p2L=2  lr=1.00e-03  PRUNED
   22     nan  0.1195  0.1073  1.9110  d=128 p2h=1  p2L=1  lr=1.45e-03  PRUNED
   23     nan  0.1285  0.1219  1.9110  d=128 p2h=1  p2L=1  lr=9.38e-04  PRUNED
   24     nan  0.1145  0.1240  1.9110  d=128 p2h=1  p2L=1  lr=1.58e-03  PRUNED
   25     nan  0.0820 -0.0504  1.9110  d=128 p2h=1  p2L=1  lr=4.20e-03  PRUNED
   26  2.1054  0.1033  0.1374  2.1054  d=64  p2h=1  p2L=1  lr=1.10e-04  DONE    *
   27     nan  0.0785  0.1389  2.1054  d=64  p2h=1  p2L=1  lr=1.22e-04  PRUNED
   28  2.2150  0.0941  0.1388  2.2150  d=64  p2h=1  p2L=1  lr=9.46e-05  DONE    *
   29     nan  0.1259  0.1401  2.2150  d=64  p2h=1  p2L=2  lr=9.69e-05  PRUNED
   30     nan  0.0916  0.1363  2.2150  d=96  p2h=1  p2L=1  lr=1.32e-04  PRUNED
   31  2.0521  0.0764  0.1411  2.2150  d=64  p2h=1  p2L=1  lr=7.73e-05  DONE  
   32  2.1193  0.0890  0.1389  2.2150  d=64  p2h=1  p2L=1  lr=8.35e-05  DONE  
   33     nan  0.0972  0.1369  2.2150  d=64  p2h=1  p2L=1  lr=7.68e-05  PRUNED
   34  1.3975  0.1076  0.1327  2.2150  d=64  p2h=1  p2L=1  lr=1.59e-04  DONE  
   35     nan  0.1119  0.1328  2.2150  d=64  p2h=1  p2L=1  lr=8.46e-05  PRUNED
   36     nan  0.1088  0.1316  2.2150  d=64  p2h=1  p2L=1  lr=2.30e-04  PRUNED
   37  1.4732  0.1192  0.1450  2.2150  d=64  p2h=1  p2L=1  lr=1.77e-04  DONE  
   38     nan  0.1086  0.1010  2.2150  d=64  p2h=4  p2L=1  lr=1.04e-04  PRUNED
   39     nan  0.1295  0.1414  2.2150  d=96  p2h=1  p2L=2  lr=6.09e-05  PRUNED
   40     nan  0.1285  0.1344  2.2150  d=64  p2h=1  p2L=1  lr=2.80e-04  PRUNED
   41     nan  0.0921  0.1376  2.2150  d=64  p2h=1  p2L=1  lr=6.95e-05  PRUNED
   42     nan  0.1203  0.1398  2.2150  d=64  p2h=1  p2L=1  lr=1.45e-04  PRUNED
   43     nan  0.0952  0.1384  2.2150  d=64  p2h=1  p2L=1  lr=5.08e-05  PRUNED
   44  2.0334  0.0758  0.1374  2.2150  d=96  p2h=1  p2L=1  lr=1.06e-04  DONE  
   45  1.8858  0.0792  0.1399  2.2150  d=96  p2h=1  p2L=1  lr=1.04e-04  DONE  
   46     nan  0.0687  0.1373  2.2150  d=96  p2h=1  p2L=1  lr=8.57e-05  PRUNED
   47  0.9972  0.1081  0.1309  2.2150  d=96  p2h=4  p2L=1  lr=2.11e-04  DONE  
   48     nan  0.0659  0.1339  2.2150  d=96  p2h=1  p2L=3  lr=1.10e-04  PRUNED
   49  1.8443  0.0973  0.1344  2.2150  d=64  p2h=1  p2L=1  lr=1.78e-04  DONE  
   50  2.3699  0.0973  0.1397  2.3699  d=64  p2h=1  p2L=1  lr=7.77e-05  DONE    *
================================================================================
Best trial for variant: periodic
Trial number: 50  |  Val Sharpe LS: 2.369915
--------------------------------------------------------------------------------
d_model                   64
d_ff_mult                 2
dropout                   0.289603
n_mlp_layers              3
path2_n_layers            1
path2_n_heads             1
path2_d_ff                256
lambda_aux                0.188112
lambda_aux2               0.3309
lr                        7.76685e-05
weight_decay              0.000231658
grad_clip                 0.319486
periodic_num_freq         32
--------------------------------------------------------------------------------
d_ff (derived)            128
--------------------------------------------------------------------------------
best epoch                6
n epochs trained          14
train loss (best ep)      0.914078
val MSRR (best ep)        1.192899
corr 6m, combined         0.139947
corr 6m, base f_firm      0.097309
corr 6m, path 2           0.139736
val Sharpe LS             2.369915
--------------------------------------------------------------------------------
   Completed trials: 25  |  Pruned trials: 25
   Val Sharpe LS  mean=1.4724  std=0.6491  min=-0.3147  max=2.3699
================================================================================
  Best params saved, results1/transformer/transformer-hpt/best_params_periodic.json
  Trial history saved, results1/transformer/transformer-hpt/trials_periodic.csv
================================================================================
Study, dual_path_fourier
Target, maximise validation long short Sharpe ratio
Total trials, 50
max_epochs per trial, 50  |  patience, 8
n_startup_trials, 10  |  n_warmup_steps, 6
Database, results1/transformer/transformer-hpt/hpt_dual_path.db
--------------------------------------------------------------------------------
Trial  Sharpe  Base6m   Adj6m    Best                  Params (key)  Status
--------------------------------------------------------------------------------
    1  1.0204  0.1307  0.1272  1.0204  d=96  p2h=2  p2L=3  lr=2.03e-04  DONE    *
    2  2.2736  0.1024  0.1304  2.2736  d=128 p2h=1  p2L=1  lr=1.17e-03  DONE    *
    3  1.4690  0.1223  0.1321  2.2736  d=96  p2h=1  p2L=3  lr=2.99e-04  DONE  
    4  2.0544  0.1307  0.1086  2.2736  d=96  p2h=4  p2L=3  lr=2.29e-04  DONE  
    5  0.0520  0.1131 -0.0653  2.2736  d=64  p2h=1  p2L=2  lr=3.27e-03  DONE  
    6 -0.0385  0.1248  0.1183  2.2736  d=128 p2h=1  p2L=1  lr=2.16e-03  DONE  
    7  1.2740  0.1210  0.1303  2.2736  d=128 p2h=1  p2L=3  lr=6.34e-05  DONE  
    8  0.8441  0.1112  0.0691  2.2736  d=64  p2h=1  p2L=2  lr=1.13e-03  DONE  
    9  0.8042  0.0929  0.0394  2.2736  d=128 p2h=4  p2L=3  lr=3.16e-03  DONE  
   10  1.3166  0.0729  0.1335  2.2736  d=64  p2h=2  p2L=1  lr=1.33e-03  DONE  
   11  0.8200  0.1081  0.1107  2.2736  d=128 p2h=2  p2L=2  lr=5.65e-04  DONE  
   12  1.4898  0.1144  0.1403  2.2736  d=96  p2h=4  p2L=1  lr=7.49e-05  DONE  
   13  0.2248  0.1351  0.1321  2.2736  d=96  p2h=4  p2L=2  lr=1.75e-04  DONE  
   14  0.9281  0.1264  0.1159  2.2736  d=96  p2h=4  p2L=1  lr=5.78e-04  DONE  
   15  0.7843  0.1268  0.1001  2.2736  d=128 p2h=4  p2L=2  lr=6.15e-04  DONE  
   16  2.1389  0.1168  0.1387  2.2736  d=128 p2h=1  p2L=1  lr=1.16e-04  DONE  
   17  1.8648  0.1137  0.1437  2.2736  d=128 p2h=1  p2L=1  lr=1.12e-04  DONE  
   18  0.6294  0.0942  0.1466  2.2736  d=128 p2h=1  p2L=1  lr=1.17e-03  DONE  
   19  2.0904  0.1104  0.1226  2.2736  d=128 p2h=1  p2L=1  lr=3.96e-04  DONE  
   20  2.0692  0.1088  0.1441  2.2736  d=128 p2h=1  p2L=1  lr=1.17e-04  DONE  
   21  1.4638  0.1417  0.1069  2.2736  d=128 p2h=1  p2L=2  lr=1.76e-03  DONE  
   22  2.1362  0.0936  0.1096  2.2736  d=128 p2h=1  p2L=1  lr=4.23e-04  DONE  
   23  2.4380  0.0759  0.1203  2.4380  d=128 p2h=1  p2L=1  lr=7.89e-04  DONE    *
   24  1.8332  0.0982  0.1336  2.4380  d=128 p2h=1  p2L=1  lr=1.01e-03  DONE  
   25  0.8790  0.1161  0.1348  2.4380  d=128 p2h=1  p2L=1  lr=8.54e-04  DONE  
   26  0.8621  0.1038 -0.0525  2.4380  d=64  p2h=2  p2L=1  lr=4.87e-03  DONE  
   27  1.2952  0.0923  0.0686  2.4380  d=128 p2h=1  p2L=1  lr=1.98e-03  DONE  
   28  1.9391  0.1076  0.1453  2.4380  d=128 p2h=1  p2L=1  lr=1.03e-04  DONE  
   29  1.4317  0.0921  0.1342  2.4380  d=128 p2h=1  p2L=2  lr=7.71e-04  DONE  
   30  1.6020  0.0879  0.1471  2.4380  d=64  p2h=2  p2L=1  lr=5.14e-05  DONE  
   31  1.8805  0.1099  0.1462  2.4380  d=128 p2h=1  p2L=1  lr=1.68e-04  DONE  
   32  1.2745  0.1150  0.1468  2.4380  d=128 p2h=1  p2L=1  lr=4.11e-04  DONE  
   33  1.4014  0.1137  0.1611  2.4380  d=128 p2h=1  p2L=1  lr=3.59e-04  DONE  
   34  2.1328  0.1125  0.1342  2.4380  d=128 p2h=1  p2L=1  lr=2.43e-04  DONE  
   35  1.3991  0.1151  0.1294  2.4380  d=128 p2h=1  p2L=1  lr=2.85e-04  DONE  
   36  1.3066  0.1140  0.1280  2.4380  d=96  p2h=1  p2L=1  lr=4.85e-04  DONE  
   37     nan  0.0865  0.1100  2.4380  d=128 p2h=1  p2L=1  lr=1.44e-03  PRUNED
   38     nan  0.1483  0.0939  2.4380  d=128 p2h=2  p2L=1  lr=8.08e-04  PRUNED
   39  1.2722  0.0913  0.0245  2.4380  d=64  p2h=1  p2L=2  lr=2.46e-03  DONE  
   40     nan  0.1025  0.1251  2.4380  d=128 p2h=1  p2L=1  lr=1.35e-04  PRUNED
   41  1.9934  0.1238  0.1381  2.4380  d=96  p2h=1  p2L=1  lr=8.06e-05  DONE  
   42  1.4362  0.1229  0.1196  2.4380  d=128 p2h=1  p2L=1  lr=2.45e-04  DONE  
   43  1.6616  0.1160  0.1332  2.4380  d=128 p2h=1  p2L=1  lr=3.01e-04  DONE  
   44  1.5323  0.1247  0.1256  2.4380  d=128 p2h=1  p2L=1  lr=2.04e-04  DONE  
   45  0.8852  0.0866  0.1425  2.4380  d=128 p2h=1  p2L=1  lr=7.19e-04  DONE  
   46  0.8042  0.1017  0.1454  2.4380  d=128 p2h=4  p2L=2  lr=1.53e-04  DONE  
   47     nan  0.1145  0.1276  2.4380  d=64  p2h=2  p2L=1  lr=4.92e-04  PRUNED
   48  1.5772  0.1277  0.0985  2.4380  d=128 p2h=1  p2L=3  lr=2.49e-04  DONE  
   49  0.3217  0.0990  0.1178  2.4380  d=96  p2h=4  p2L=1  lr=9.88e-04  DONE  
   50  1.2767  0.1232  0.1192  2.4380  d=128 p2h=1  p2L=1  lr=1.53e-03  DONE  
================================================================================
Best trial for variant: fourier
Trial number: 23  |  Val Sharpe LS: 2.438041
--------------------------------------------------------------------------------
d_model                   128
d_ff_mult                 2
dropout                   0.316801
n_mlp_layers              2
path2_n_layers            1
path2_n_heads             1
path2_d_ff                512
lambda_aux                0.195683
lambda_aux2               0.140487
lr                        0.000788949
weight_decay              5.23758e-07
grad_clip                 4.01747
periodic_num_freq         64
--------------------------------------------------------------------------------
d_ff (derived)            256
--------------------------------------------------------------------------------
best epoch                17
n epochs trained          25
train loss (best ep)      0.226604
val MSRR (best ep)        0.655700
corr 6m, combined         0.121205
corr 6m, base f_firm      0.075927
corr 6m, path 2           0.120293
val Sharpe LS             2.438041
--------------------------------------------------------------------------------
   Completed trials: 46  |  Pruned trials: 4
   Val Sharpe LS  mean=1.3510  std=0.5935  min=-0.0385  max=2.4380
================================================================================
  Best params saved, results1/transformer/transformer-hpt/best_params_fourier.json
  Trial history saved, results1/transformer/transformer-hpt/trials_fourier.csv
==========================================================================================
 Cross-variant summary
------------------------------------------------------------------------------------------
Variant           Sharpe  Best Sharpe Path2Corr Triald_modelp2_heads        lrp2_layers
------------------------------------------------------------------------------------------
  linear            2.665680       0.137817    0.131340      15       96         1    3.93e-04          2
  per_feature       2.517894       0.086960    0.132065      36       64         4    7.82e-05          1
  ple               2.491451       0.103679    0.108173       8       64         1    1.13e-03          2
  periodic          2.369915       0.097309    0.139736      50       64         1    7.77e-05          1
  fourier           2.438041       0.075927    0.120293      23      128         1    7.89e-04          1
==========================================================================================
Master trial summary saved, results1/transformer/transformer-hpt/all_trials_summary.csv
Columns, ['variant', 'number', 'value', 'datetime_start', 'datetime_complete', 'duration', 'params_d_ff_mult', 'params_d_model', 'params_dropout', 'params_grad_clip', 'params_lambda_aux', 'params_lambda_aux2', 'params_lr', 'params_n_mlp_layers', 'params_path2_d_ff', 'params_path2_n_heads', 'params_path2_n_layers', 'params_weight_decay', 'user_attrs_best_base_corr_6m', 'user_attrs_best_corr_6m', 'user_attrs_best_epoch', 'user_attrs_best_path2_corr_6m', 'user_attrs_best_train_loss', 'user_attrs_best_val_loss', 'user_attrs_last_base_corr_6m', 'user_attrs_last_corr_6m', 'user_attrs_last_epoch', 'user_attrs_last_path2_corr_6m', 'user_attrs_last_train_loss', 'user_attrs_last_val_loss', 'user_attrs_n_epochs_trained', 'user_attrs_val_sharpe_ls', 'state', 'params_ple_num_bins', 'params_periodic_num_freq']
==========================================================================================
