K0 characteristics, 55
K1 characteristics, 97
Countries, 24
Device, cuda
Loading training and validation datasets
(datasets are loaded once and shared across all trials for each variant)
Train months, 252  |  Val months, 60
================================================================================
Study, dual_path_linear
Target, maximise validation long short Sharpe ratio
Total trials, 50
max_epochs per trial, 50  |  patience, 8
n_startup_trials, 10  |  n_warmup_steps, 6
Database, results1/transformer/transformer-hpt/hpt_dual_path.db
--------------------------------------------------------------------------------
Trial  Sharpe  Base6m   Adj6m    Best                  Params (key)  Status
--------------------------------------------------------------------------------
    1  0.7832  0.1243  0.1111  0.7832  d=96  h=2  L=2  lr=2.31e-03  DONE    *
    2  1.7801  0.1145 -0.0625  1.7801  d=128 h=8  L=2  lr=5.34e-04  DONE    *
    3  1.5772  0.1068  0.0583  1.7801  d=64  h=4  L=3  lr=5.86e-05  DONE  
    4  3.3839  0.1345  0.0258  3.3839  d=64  h=8  L=3  lr=1.23e-04  DONE    *
    5  1.3354  0.1406  0.0733  3.3839  d=128 h=8  L=1  lr=5.13e-05  DONE  
    6  1.6000  0.1107  0.0802  3.3839  d=96  h=8  L=1  lr=9.42e-04  DONE  
    7  1.5260  0.1212  0.0045  3.3839  d=128 h=4  L=1  lr=2.13e-04  DONE  
    8  1.7380  0.1238  0.0808  3.3839  d=128 h=8  L=3  lr=1.18e-04  DONE  
    9  1.9775  0.1362  0.0551  3.3839  d=96  h=8  L=1  lr=8.68e-05  DONE  
   10  2.1306  0.1306  0.0126  3.3839  d=128 h=4  L=1  lr=5.06e-04  DONE  
   11  0.3305  0.1426  0.0810  3.3839  d=64  h=2  L=2  lr=3.89e-03  DONE  
   12  0.8569  0.1196  0.0721  3.3839  d=64  h=4  L=3  lr=4.18e-04  DONE  
   13  2.2992  0.1306  0.0931  3.3839  d=64  h=4  L=2  lr=2.24e-04  DONE  
   14  1.5181  0.1232  0.0295  3.3839  d=64  h=4  L=2  lr=2.02e-04  DONE  
   15  1.9457  0.1236  0.0172  3.3839  d=64  h=2  L=3  lr=1.88e-04  DONE  
   16  1.9403  0.1256  0.0516  3.3839  d=64  h=8  L=2  lr=2.90e-04  DONE  
   17  1.9456  0.1145 -0.0975  3.3839  d=64  h=4  L=3  lr=1.20e-03  DONE  
   18  1.1703  0.1314  0.0459  3.3839  d=64  h=8  L=2  lr=1.10e-04  DONE  
   19  1.9638  0.1369  0.0576  3.3839  d=64  h=4  L=3  lr=1.28e-04  DONE  
   20  1.7049  0.1266  0.0818  3.3839  d=64  h=2  L=2  lr=8.58e-04  DONE  
   21  1.8252  0.1126  0.0544  3.3839  d=96  h=4  L=3  lr=3.50e-04  DONE  
   22  1.8631  0.1249  0.0886  3.3839  d=128 h=4  L=1  lr=6.86e-04  DONE  
   23  2.1459  0.1250  0.0908  3.3839  d=128 h=4  L=1  lr=2.71e-04  DONE  
   24  1.6219  0.1243  0.1042  3.3839  d=128 h=4  L=2  lr=2.70e-04  DONE  
   25  1.6513  0.1403  0.0197  3.3839  d=64  h=4  L=1  lr=1.51e-04  DONE  
   26  1.4539  0.1320  0.0498  3.3839  d=128 h=8  L=2  lr=8.93e-05  DONE  
   27  1.5025  0.1166  0.1004  3.3839  d=64  h=4  L=2  lr=7.82e-05  DONE  
   28  1.2792  0.1229  0.0422  3.3839  d=64  h=4  L=3  lr=1.62e-04  DONE  
   29     nan  0.1260  0.0402  3.3839  d=96  h=2  L=1  lr=2.77e-04  PRUNED
   30  1.1382  0.1051  0.0719  3.3839  d=128 h=8  L=2  lr=1.43e-03  DONE  
   31  1.5234  0.1205  0.0981  3.3839  d=96  h=2  L=2  lr=2.38e-04  DONE  
   32  2.0465  0.1197  0.0970  3.3839  d=128 h=4  L=1  lr=5.07e-04  DONE  
   33     nan  0.1226  0.1136  3.3839  d=128 h=4  L=1  lr=3.82e-04  PRUNED
   34  1.9398  0.1248  0.1109  3.3839  d=128 h=4  L=1  lr=5.36e-04  DONE  
   35     nan  0.1247  0.0534  3.3839  d=128 h=4  L=1  lr=6.77e-05  PRUNED
   36  1.6452  0.1221 -0.0372  3.3839  d=128 h=8  L=1  lr=2.32e-03  DONE  
   37  1.8136  0.1241  0.0626  3.3839  d=128 h=4  L=1  lr=6.12e-04  DONE  
   38  1.3615  0.1226 -0.0121  3.3839  d=128 h=8  L=1  lr=3.26e-04  DONE  
   39  1.7558  0.1362  0.0218  3.3839  d=64  h=4  L=3  lr=1.69e-04  DONE  
   40  1.5329  0.1269  0.0507  3.3839  d=96  h=8  L=1  lr=5.21e-05  DONE  
   41  0.8538  0.1198  0.0967  3.3839  d=128 h=4  L=2  lr=4.21e-04  DONE  
   42  1.3882  0.1229  0.0919  3.3839  d=128 h=4  L=1  lr=4.85e-04  DONE  
   43  1.9196  0.1106 -0.0560  3.3839  d=128 h=4  L=1  lr=7.34e-04  DONE  
   44  2.4239  0.1356 -0.0089  3.3839  d=128 h=4  L=1  lr=2.42e-04  DONE  
   45  1.9963  0.1378  0.0853  3.3839  d=128 h=4  L=1  lr=2.21e-04  DONE  
   46  2.1837  0.1177  0.0738  3.3839  d=64  h=4  L=1  lr=2.28e-04  DONE  
   47  2.7757  0.1236  0.0759  3.3839  d=64  h=4  L=1  lr=1.32e-04  DONE  
   48  1.7378  0.1388  0.0797  3.3839  d=64  h=8  L=2  lr=1.08e-04  DONE  
   49  1.8615  0.1229  0.0647  3.3839  d=64  h=2  L=3  lr=1.43e-04  DONE  
   50     nan  0.1176  0.0959  3.3839  d=64  h=4  L=1  lr=1.10e-04  PRUNED
================================================================================
Best trial for variant: linear
Trial number: 4  |  Val Sharpe LS: 3.383879
--------------------------------------------------------------------------------
d_model                   64
n_heads                   8
d_ff_mult                 4
n_layers                  3
dropout                   0.243181
n_mlp_layers              3
lambda_aux                0.135397
lr                        0.000123292
weight_decay              1.6832e-07
grad_clip                 1.69412
--------------------------------------------------------------------------------
d_ff (derived)            256
--------------------------------------------------------------------------------
best epoch                7
n epochs trained          15
train loss (best ep)      0.481666
val MSRR (best ep)        0.634529
corr 6m, combined         0.138783
corr 6m, base f_firm      0.134466
corr 6m, adjustment       0.025785
val Sharpe LS             3.383879
--------------------------------------------------------------------------------
   Completed trials: 46  |  Pruned trials: 4
   Val Sharpe LS  mean=1.7119  std=0.5052  min=0.3305  max=3.3839
================================================================================
  Best params saved, results1/transformer/transformer-hpt/best_params_linear.json
  Trial history saved, results1/transformer/transformer-hpt/trials_linear.csv
================================================================================
Study, dual_path_per_feature
Target, maximise validation long short Sharpe ratio
Total trials, 50
max_epochs per trial, 50  |  patience, 8
n_startup_trials, 10  |  n_warmup_steps, 6
Database, results1/transformer/transformer-hpt/hpt_dual_path.db
--------------------------------------------------------------------------------
Trial  Sharpe  Base6m   Adj6m    Best                  Params (key)  Status
--------------------------------------------------------------------------------
    1  2.3033  0.1183  0.1143  2.3033  d=96  h=2  L=2  lr=2.31e-03  DONE    *
    2  1.4989  0.1190  0.0832  2.3033  d=128 h=8  L=2  lr=5.34e-04  DONE  
    3  1.7351  0.1041  0.0905  2.3033  d=64  h=4  L=3  lr=5.86e-05  DONE  
    4  1.3245  0.1234  0.0492  2.3033  d=64  h=8  L=3  lr=1.23e-04  DONE  
    5  1.3304  0.1304  0.0064  2.3033  d=128 h=8  L=1  lr=5.13e-05  DONE  
    6  1.9322  0.1235  0.0958  2.3033  d=96  h=8  L=1  lr=9.42e-04  DONE  
    7  1.7559  0.1313  0.0592  2.3033  d=128 h=4  L=1  lr=2.13e-04  DONE  
    8  2.1049  0.1271  0.0253  2.3033  d=128 h=8  L=3  lr=1.18e-04  DONE  
    9  1.9040  0.1279  0.0219  2.3033  d=96  h=8  L=1  lr=8.68e-05  DONE  
   10  2.2314  0.1183  0.0699  2.3033  d=128 h=4  L=1  lr=5.06e-04  DONE  
   11     nan  0.0925  0.0438  2.3033  d=96  h=2  L=2  lr=4.26e-03  PRUNED
   12     nan  0.0982  0.0784  2.3033  d=96  h=2  L=2  lr=3.56e-03  PRUNED
   13     nan  0.0898 -0.0579  2.3033  d=128 h=2  L=2  lr=1.42e-03  PRUNED
   14     nan  0.1142  0.0651  2.3033  d=96  h=4  L=2  lr=3.00e-04  PRUNED
   15  1.0773  0.1021  0.0656  2.3033  d=64  h=4  L=1  lr=1.94e-03  DONE  
   16     nan  0.1104  0.0808  2.3033  d=128 h=2  L=2  lr=6.26e-04  PRUNED
   17  2.2778  0.1044 -0.0541  2.3033  d=96  h=4  L=1  lr=2.16e-03  DONE  
   18     nan  0.0914  0.0854  2.3033  d=96  h=2  L=3  lr=2.25e-03  PRUNED
   19  2.2521  0.1147  0.0891  2.3033  d=96  h=2  L=2  lr=2.35e-03  DONE  
   20  1.4846  0.1153  0.0912  2.3033  d=96  h=4  L=1  lr=1.17e-03  DONE  
   21  1.4948  0.0934 -0.0772  2.3033  d=96  h=2  L=2  lr=4.80e-03  DONE  
   22     nan  0.1062  0.0931  2.3033  d=96  h=2  L=2  lr=2.54e-03  PRUNED
   23  1.6802  0.1074 -0.0193  2.3033  d=96  h=2  L=2  lr=2.95e-03  DONE  
   24     nan  0.1270  0.0594  2.3033  d=96  h=2  L=3  lr=1.45e-03  PRUNED
   25  2.0681  0.1202  0.0916  2.3033  d=96  h=2  L=2  lr=8.45e-04  DONE  
   26  0.7650  0.1189  0.0778  2.3033  d=96  h=4  L=1  lr=1.83e-03  DONE  
   27     nan  0.1112  0.0139  2.3033  d=64  h=2  L=2  lr=3.13e-03  PRUNED
   28  1.0185  0.0983 -0.0076  2.3033  d=96  h=4  L=3  lr=1.65e-03  DONE  
   29  1.5873  0.1237  0.0948  2.3033  d=96  h=2  L=1  lr=1.02e-03  DONE  
   30  1.3753  0.1179  0.0765  2.3033  d=96  h=4  L=2  lr=6.35e-04  DONE  
   31  0.6789  0.1168  0.0797  2.3033  d=64  h=2  L=2  lr=2.26e-03  DONE  
   32  1.9879  0.1199  0.0583  2.3033  d=128 h=4  L=1  lr=5.13e-04  DONE  
   33  2.3749  0.1172  0.0918  2.3749  d=128 h=4  L=1  lr=2.77e-04  DONE    *
   34  0.9934  0.1207  0.0721  2.3749  d=128 h=4  L=1  lr=3.46e-04  DONE  
   35     nan  0.0955  0.0474  2.3749  d=64  h=4  L=1  lr=2.03e-04  PRUNED
   36  0.5881  0.0956  0.0724  2.3749  d=128 h=4  L=1  lr=3.57e-03  DONE  
   37     nan  0.1000  0.0839  2.3749  d=96  h=8  L=2  lr=7.55e-05  PRUNED
   38  1.3397  0.1131 -0.0869  2.3749  d=128 h=4  L=1  lr=1.22e-03  DONE  
   39     nan  0.1090  0.0563  2.3749  d=96  h=8  L=3  lr=1.55e-04  PRUNED
   40  1.1742  0.1260  0.0702  2.3749  d=128 h=4  L=1  lr=3.47e-04  DONE  
   41  1.4459  0.0997  0.1014  2.3749  d=64  h=8  L=1  lr=6.87e-04  DONE  
   42  1.5464  0.1163 -0.0300  2.3749  d=128 h=4  L=1  lr=4.63e-04  DONE  
   43  2.3714  0.1224  0.0400  2.3749  d=128 h=4  L=1  lr=2.14e-04  DONE  
   44  1.6708  0.1252  0.0593  2.3749  d=128 h=4  L=1  lr=2.23e-04  DONE  
   45  1.1148  0.1216  0.0131  2.3749  d=128 h=4  L=1  lr=1.31e-04  DONE  
   46  1.3608  0.1202  0.0231  2.3749  d=128 h=4  L=1  lr=2.51e-04  DONE  
   47     nan  0.0992  0.0702  2.3749  d=96  h=2  L=2  lr=7.35e-05  PRUNED
   48  1.4179  0.1153 -0.0123  2.3749  d=128 h=4  L=1  lr=1.56e-04  DONE  
   49  0.2731  0.1261  0.0683  2.3749  d=96  h=2  L=2  lr=2.51e-03  DONE  
   50  0.6159  0.0923  0.0643  2.3749  d=128 h=8  L=1  lr=3.93e-03  DONE  
================================================================================
Best trial for variant: per_feature
Trial number: 33  |  Val Sharpe LS: 2.374909
--------------------------------------------------------------------------------
d_model                   128
n_heads                   4
d_ff_mult                 4
n_layers                  1
dropout                   0.193246
n_mlp_layers              1
lambda_aux                0.258156
lr                        0.000277455
weight_decay              1.11614e-06
grad_clip                 1.45361
--------------------------------------------------------------------------------
d_ff (derived)            512
--------------------------------------------------------------------------------
best epoch                8
n epochs trained          16
train loss (best ep)      0.541087
val MSRR (best ep)        0.559421
corr 6m, combined         0.117241
corr 6m, base f_firm      0.117206
corr 6m, adjustment       0.091778
val Sharpe LS             2.374909
--------------------------------------------------------------------------------
   Completed trials: 37  |  Pruned trials: 13
   Val Sharpe LS  mean=1.5177  std=0.5382  min=0.2731  max=2.3749
================================================================================
  Best params saved, results1/transformer/transformer-hpt/best_params_per_feature.json
  Trial history saved, results1/transformer/transformer-hpt/trials_per_feature.csv
================================================================================
Study, dual_path_ple
Target, maximise validation long short Sharpe ratio
Total trials, 50
max_epochs per trial, 50  |  patience, 8
n_startup_trials, 10  |  n_warmup_steps, 6
Database, results1/transformer/transformer-hpt/hpt_dual_path.db
--------------------------------------------------------------------------------
Trial  Sharpe  Base6m   Adj6m    Best                  Params (key)  Status
--------------------------------------------------------------------------------
    1  1.3262  0.0887  0.0308  1.3262  d=96  h=2  L=2  lr=2.31e-03  DONE    *
    2  1.5407  0.1054  0.0570  1.5407  d=128 h=8  L=1  lr=8.20e-04  DONE    *
    3  1.6425  0.1118  0.0253  1.6425  d=128 h=8  L=1  lr=6.20e-04  DONE    *
    4  2.1993  0.1171  0.1004  2.1993  d=96  h=8  L=3  lr=9.57e-05  DONE    *
    5  1.9083  0.1056  0.0719  2.1993  d=96  h=4  L=3  lr=2.09e-04  DONE  
    6  1.7473  0.1095  0.1034  2.1993  d=128 h=4  L=1  lr=2.13e-04  DONE  
    7  0.9713  0.0986  0.0690  2.1993  d=128 h=4  L=3  lr=2.06e-03  DONE  
    8  1.5659  0.1153  0.0915  2.1993  d=96  h=2  L=3  lr=2.67e-04  DONE  
    9  1.7452  0.0820  0.0746  2.1993  d=128 h=2  L=1  lr=1.10e-03  DONE  
   10  1.6524  0.1147  0.0111  2.1993  d=64  h=2  L=3  lr=9.76e-04  DONE  
   11  1.9991  0.1106  0.0512  2.1993  d=64  h=8  L=2  lr=5.39e-05  DONE  
   12  1.3110  0.1426  0.0922  2.1993  d=64  h=8  L=2  lr=5.16e-05  DONE  
   13  2.0561  0.1232  0.1125  2.1993  d=64  h=8  L=2  lr=5.06e-05  DONE  
   14  1.6942  0.0895  0.0571  2.1993  d=64  h=8  L=2  lr=9.82e-05  DONE  
   15  1.4651  0.0886  0.0741  2.1993  d=96  h=8  L=2  lr=1.06e-04  DONE  
   16  1.5603  0.0991  0.0704  2.1993  d=64  h=8  L=3  lr=9.30e-05  DONE  
   17  2.1778  0.1152  0.0652  2.1993  d=96  h=8  L=2  lr=1.41e-04  DONE  
   18  1.5777  0.1187  0.0767  2.1993  d=96  h=8  L=3  lr=3.84e-04  DONE  
   19  1.8199  0.1090  0.0956  2.1993  d=96  h=8  L=2  lr=1.47e-04  DONE  
   20  2.1025  0.1049 -0.0933  2.1993  d=96  h=4  L=3  lr=4.18e-03  DONE  
   21  1.5105  0.0988  0.0826  2.1993  d=96  h=8  L=2  lr=4.15e-04  DONE  
   22  1.4198  0.0926  0.0665  2.1993  d=96  h=4  L=3  lr=4.31e-03  DONE  
   23  1.6142  0.0992  0.0757  2.1993  d=96  h=4  L=3  lr=3.54e-03  DONE  
   24  1.6589  0.1107  0.0623  2.1993  d=96  h=4  L=3  lr=2.14e-03  DONE  
   25  1.5665  0.0983  0.0528  2.1993  d=96  h=4  L=3  lr=1.38e-04  DONE  
   26  2.4904  0.1245  0.0415  2.4904  d=96  h=4  L=3  lr=7.64e-05  DONE    *
   27  1.7821  0.1119  0.0778  2.4904  d=96  h=8  L=2  lr=7.29e-05  DONE  
   28  1.9385  0.1031  0.0589  2.4904  d=96  h=8  L=3  lr=1.43e-04  DONE  
   29  2.4784  0.0939  0.0566  2.4904  d=96  h=2  L=2  lr=7.66e-05  DONE  
   30  2.9489  0.1110  0.0410  2.9489  d=96  h=2  L=1  lr=7.73e-05  DONE    *
   31  1.6319  0.0994  0.0918  2.9489  d=96  h=2  L=1  lr=7.12e-05  DONE  
   32  1.5882  0.1152  0.0651  2.9489  d=96  h=2  L=1  lr=7.45e-05  DONE  
   33  1.5545  0.0909  0.0479  2.9489  d=96  h=2  L=1  lr=1.07e-04  DONE  
   34  2.7907  0.1008  0.0502  2.9489  d=96  h=2  L=1  lr=6.74e-05  DONE  
   35  3.4844  0.1036  0.0249  3.4844  d=96  h=2  L=1  lr=5.81e-05  DONE    *
   36  2.5656  0.0663  0.0183  3.4844  d=128 h=2  L=1  lr=6.28e-05  DONE  
   37  1.9651  0.0997  0.0318  3.4844  d=128 h=2  L=1  lr=1.83e-04  DONE  
   38  2.2738  0.0933  0.0471  3.4844  d=128 h=2  L=1  lr=6.19e-05  DONE  
   39  2.3374  0.0760  0.0600  3.4844  d=128 h=2  L=1  lr=1.19e-04  DONE  
   40  1.7737  0.1094  0.0544  3.4844  d=128 h=2  L=1  lr=1.84e-04  DONE  
   41  2.9171  0.0998  0.0402  3.4844  d=128 h=2  L=1  lr=6.44e-05  DONE  
   42  2.6628  0.1111  0.0594  3.4844  d=128 h=2  L=1  lr=6.12e-05  DONE  
   43  1.8251  0.0820  0.0266  3.4844  d=128 h=2  L=1  lr=8.71e-05  DONE  
   44  3.7236  0.0974  0.0437  3.7236  d=128 h=2  L=1  lr=6.13e-05  DONE    *
   45  1.8686  0.0977  0.0648  3.7236  d=128 h=2  L=1  lr=5.28e-05  DONE  
   46  1.8679  0.1000  0.0547  3.7236  d=128 h=2  L=1  lr=9.09e-05  DONE  
   47  1.8200  0.0925  0.0676  3.7236  d=128 h=2  L=1  lr=1.21e-04  DONE  
   48  1.9614  0.1202  0.0682  3.7236  d=128 h=2  L=1  lr=2.72e-04  DONE  
   49  1.7471  0.0928  0.0979  3.7236  d=64  h=2  L=1  lr=5.04e-05  DONE  
   50  2.6292  0.1044  0.0517  3.7236  d=128 h=2  L=1  lr=6.17e-05  DONE  
================================================================================
Best trial for variant: ple
Trial number: 44  |  Val Sharpe LS: 3.723616
--------------------------------------------------------------------------------
d_model                   128
n_heads                   2
d_ff_mult                 4
n_layers                  1
dropout                   0.235821
n_mlp_layers              1
lambda_aux                0.210754
lr                        6.13189e-05
weight_decay              1.60789e-05
grad_clip                 2.57599
ple_num_bins              32
--------------------------------------------------------------------------------
d_ff (derived)            512
--------------------------------------------------------------------------------
best epoch                14
n epochs trained          22
train loss (best ep)      0.039527
val MSRR (best ep)        0.511104
corr 6m, combined         0.076433
corr 6m, base f_firm      0.097413
corr 6m, adjustment       0.043699
val Sharpe LS             3.723616
--------------------------------------------------------------------------------
   Completed trials: 50  |  Pruned trials: 0
   Val Sharpe LS  mean=1.9692  std=0.5431  min=0.9713  max=3.7236
================================================================================
  Best params saved, results1/transformer/transformer-hpt/best_params_ple.json
  Trial history saved, results1/transformer/transformer-hpt/trials_ple.csv
================================================================================
Study, dual_path_periodic
Target, maximise validation long short Sharpe ratio
Total trials, 50
max_epochs per trial, 50  |  patience, 8
n_startup_trials, 10  |  n_warmup_steps, 6
Database, results1/transformer/transformer-hpt/hpt_dual_path.db
--------------------------------------------------------------------------------
Trial  Sharpe  Base6m   Adj6m    Best                  Params (key)  Status
--------------------------------------------------------------------------------
    1  1.3176  0.1194  0.0355  1.3176  d=96  h=2  L=2  lr=2.31e-03  DONE    *
    2  1.3670  0.1208  0.0286  1.3670  d=128 h=8  L=1  lr=8.20e-04  DONE    *
    3  1.8450  0.1213  0.0738  1.8450  d=128 h=8  L=1  lr=6.20e-04  DONE    *
    4  1.8516  0.1135 -0.0525  1.8516  d=96  h=8  L=3  lr=9.57e-05  DONE    *
    5  2.2514  0.1195  0.0439  2.2514  d=96  h=4  L=3  lr=2.09e-04  DONE    *
    6  1.6450  0.1281  0.0329  2.2514  d=128 h=4  L=1  lr=2.13e-04  DONE  
    7  0.7314 -0.0041  0.0444  2.2514  d=128 h=4  L=3  lr=2.06e-03  DONE  
    8  1.6216  0.1140  0.0548  2.2514  d=96  h=2  L=3  lr=2.67e-04  DONE  
    9  1.6735  0.1147  0.0832  2.2514  d=128 h=2  L=1  lr=1.10e-03  DONE  
   10  1.1204  0.1064  0.0987  2.2514  d=64  h=2  L=3  lr=9.76e-04  DONE  
   11     nan  0.0929  0.0519  2.2514  d=64  h=4  L=2  lr=5.43e-05  PRUNED
   12     nan  0.0943  0.0773  2.2514  d=96  h=8  L=3  lr=7.49e-05  PRUNED
   13     nan  0.0502  0.0774  2.2514  d=96  h=8  L=2  lr=1.48e-04  PRUNED
   14     nan  0.0985  0.0831  2.2514  d=96  h=4  L=3  lr=1.14e-04  PRUNED
   15     nan  0.0913  0.0616  2.2514  d=96  h=8  L=2  lr=3.20e-04  PRUNED
   16  2.0947  0.1180  0.0010  2.2514  d=96  h=4  L=3  lr=3.92e-04  DONE  
   17  1.4779  0.0992  0.0742  2.2514  d=96  h=4  L=3  lr=4.26e-03  DONE  
   18  1.6255  0.1221  0.0168  2.2514  d=64  h=4  L=2  lr=3.65e-04  DONE  
   19  1.6863  0.1140  0.0558  2.2514  d=96  h=4  L=3  lr=4.91e-04  DONE  
   20     nan  0.0668  0.0993  2.2514  d=96  h=4  L=2  lr=1.62e-04  PRUNED
   21     nan  0.1255 -0.0350  2.2514  d=64  h=4  L=3  lr=3.94e-04  PRUNED
   22     nan  0.0294  0.0902  2.2514  d=96  h=8  L=3  lr=9.54e-05  PRUNED
   23  2.5533  0.0967  0.0714  2.5533  d=96  h=4  L=3  lr=2.01e-04  DONE    *
   24  1.8745  0.1241  0.0201  2.5533  d=96  h=4  L=3  lr=2.12e-04  DONE  
   25  1.7884  0.1331 -0.0293  2.5533  d=96  h=4  L=3  lr=1.71e-04  DONE  
   26     nan  0.1097  0.0828  2.5533  d=96  h=4  L=3  lr=5.58e-04  PRUNED
   27  2.0318  0.1211 -0.0182  2.5533  d=96  h=4  L=3  lr=2.48e-04  DONE  
   28     nan  0.0959  0.0885  2.5533  d=96  h=4  L=2  lr=1.31e-04  PRUNED
   29  2.6563  0.1267 -0.0807  2.6563  d=64  h=4  L=3  lr=1.34e-03  DONE    *
   30  1.8810  0.1128 -0.0433  2.6563  d=64  h=2  L=3  lr=1.79e-03  DONE  
   31     nan  0.0368  0.1061  2.6563  d=64  h=4  L=2  lr=5.48e-05  PRUNED
   32  1.4253  0.1111 -0.0554  2.6563  d=64  h=4  L=3  lr=3.14e-03  DONE  
   33  1.2469  0.1110 -0.0703  2.6563  d=64  h=4  L=3  lr=1.50e-03  DONE  
   34  1.5265  0.1262  0.0588  2.6563  d=96  h=4  L=3  lr=7.88e-04  DONE  
   35  1.2797  0.1127  0.0778  2.6563  d=128 h=4  L=3  lr=1.27e-03  DONE  
   36  1.5692  0.1286 -0.0504  2.6563  d=96  h=4  L=3  lr=7.23e-04  DONE  
   37     nan  0.1080  0.0645  2.6563  d=64  h=4  L=3  lr=4.26e-04  PRUNED
   38     nan -0.0106  0.0820  2.6563  d=128 h=2  L=3  lr=2.91e-03  PRUNED
   39  1.7190  0.1285 -0.0107  2.6563  d=96  h=4  L=3  lr=3.06e-04  DONE  
   40     nan  0.0552  0.0358  2.6563  d=128 h=4  L=3  lr=2.41e-04  PRUNED
   41  1.9465  0.1263  0.0368  2.6563  d=96  h=2  L=1  lr=6.56e-04  DONE  
   42  1.8456  0.1131  0.0849  2.6563  d=96  h=4  L=3  lr=2.04e-04  DONE  
   43  2.4165  0.1216 -0.0189  2.6563  d=96  h=4  L=3  lr=2.72e-04  DONE  
   44  1.7835  0.1085  0.0342  2.6563  d=96  h=4  L=3  lr=1.87e-04  DONE  
   45     nan  0.1014  0.0810  2.6563  d=96  h=4  L=3  lr=1.14e-04  PRUNED
   46  4.0942  0.1280  0.0248  4.0942  d=96  h=8  L=3  lr=3.00e-04  DONE    *
   47  1.2381  0.0950  0.0911  4.0942  d=64  h=8  L=3  lr=2.95e-04  DONE  
   48     nan  0.0824  0.0866  4.0942  d=96  h=8  L=3  lr=8.16e-05  PRUNED
   49  1.7274  0.0676  0.1312  4.0942  d=128 h=8  L=3  lr=1.38e-04  DONE  
   50  2.0815  0.1315  0.0831  4.0942  d=96  h=8  L=1  lr=9.44e-04  DONE  
================================================================================
Best trial for variant: periodic
Trial number: 46  |  Val Sharpe LS: 4.094154
--------------------------------------------------------------------------------
d_model                   96
n_heads                   8
d_ff_mult                 2
n_layers                  3
dropout                   0.337396
n_mlp_layers              2
lambda_aux                0.186865
lr                        0.000300277
weight_decay              0.000267899
grad_clip                 4.4102
periodic_num_freq         32
--------------------------------------------------------------------------------
d_ff (derived)            192
--------------------------------------------------------------------------------
best epoch                21
n epochs trained          29
train loss (best ep)      0.163068
val MSRR (best ep)        0.546862
corr 6m, combined         0.118833
corr 6m, base f_firm      0.128011
corr 6m, adjustment       0.024840
val Sharpe LS             4.094154
--------------------------------------------------------------------------------
   Completed trials: 34  |  Pruned trials: 16
   Val Sharpe LS  mean=1.7939  std=0.5642  min=0.7314  max=4.0942
================================================================================
  Best params saved, results1/transformer/transformer-hpt/best_params_periodic.json
  Trial history saved, results1/transformer/transformer-hpt/trials_periodic.csv
================================================================================
Study, dual_path_fourier
Target, maximise validation long short Sharpe ratio
Total trials, 50
max_epochs per trial, 50  |  patience, 8
n_startup_trials, 10  |  n_warmup_steps, 6
Database, results1/transformer/transformer-hpt/hpt_dual_path.db
--------------------------------------------------------------------------------
Trial  Sharpe  Base6m   Adj6m    Best                  Params (key)  Status
--------------------------------------------------------------------------------
    1  0.5889  0.1113  0.0633  0.5889  d=96  h=2  L=2  lr=2.31e-03  DONE    *
    2  4.1523  0.0948  0.1034  4.1523  d=128 h=8  L=1  lr=8.20e-04  DONE    *
    3  1.8449  0.0757  0.1267  4.1523  d=128 h=8  L=1  lr=6.20e-04  DONE  
    4  1.2741  0.0611  0.0837  4.1523  d=96  h=8  L=3  lr=9.57e-05  DONE  
    5  1.4302  0.0929  0.1136  4.1523  d=96  h=4  L=3  lr=2.09e-04  DONE  
    6  2.6970  0.0457  0.0684  4.1523  d=128 h=4  L=1  lr=2.13e-04  DONE  
    7  0.8739  0.0905  0.0269  4.1523  d=128 h=4  L=3  lr=2.06e-03  DONE  
    8  1.8793  0.0956  0.0954  4.1523  d=96  h=2  L=3  lr=2.67e-04  DONE  
    9  2.0143  0.0492  0.0823  4.1523  d=128 h=2  L=1  lr=1.10e-03  DONE  
   10  2.3343  0.0968  0.1290  4.1523  d=64  h=2  L=3  lr=9.76e-04  DONE  
   11  0.4182  0.1204  0.0690  4.1523  d=64  h=8  L=2  lr=4.13e-03  DONE  
   12  1.1406  0.0186  0.0465  4.1523  d=128 h=4  L=1  lr=5.69e-05  DONE  
   13  1.9844  0.0660  0.0957  4.1523  d=128 h=8  L=1  lr=3.94e-04  DONE  
   14  2.0663  0.1226  0.1099  4.1523  d=128 h=4  L=2  lr=1.21e-04  DONE  
   15  1.6190  0.0700  0.0956  4.1523  d=128 h=8  L=1  lr=4.94e-04  DONE  
   16  3.2046  0.0780  0.1312  4.1523  d=128 h=4  L=2  lr=1.64e-04  DONE  
   17  1.3569  0.1018  0.0818  4.1523  d=64  h=8  L=2  lr=1.14e-04  DONE  
   18  1.8584  0.0977  0.0955  4.1523  d=128 h=4  L=2  lr=9.67e-04  DONE  
   19  0.6103 -0.0318  0.0374  4.1523  d=128 h=4  L=2  lr=1.82e-03  DONE  
   20  1.1232  0.0717  0.1041  4.1523  d=64  h=8  L=2  lr=5.42e-05  DONE  
   21  1.4079 -0.0358  0.0917  4.1523  d=128 h=8  L=1  lr=4.02e-03  DONE  
   22  1.6456  0.0718  0.1193  4.1523  d=128 h=4  L=1  lr=1.97e-04  DONE  
   23  2.0529 -0.0137  0.0986  4.1523  d=128 h=4  L=1  lr=3.04e-04  DONE  
   24     nan  0.0837  0.0721  4.1523  d=128 h=4  L=1  lr=1.60e-04  PRUNED
   25  1.6963  0.1111  0.0752  4.1523  d=128 h=4  L=1  lr=7.81e-05  DONE  
   26  2.3371  0.0992  0.0926  4.1523  d=128 h=4  L=2  lr=6.51e-04  DONE  
   27  2.7079  0.0999 -0.0018  4.1523  d=128 h=4  L=1  lr=3.37e-04  DONE  
   28  0.9920  0.0939  0.1219  4.1523  d=128 h=4  L=2  lr=4.29e-04  DONE  
   29  1.4754  0.0561  0.0763  4.1523  d=64  h=2  L=1  lr=1.34e-03  DONE  
   30  2.1915  0.0723  0.1211  4.1523  d=96  h=8  L=2  lr=7.47e-04  DONE  
   31  2.7356  0.1034  0.1209  4.1523  d=96  h=2  L=2  lr=2.87e-04  DONE  
   32  1.5621  0.0339  0.1136  4.1523  d=96  h=2  L=2  lr=3.52e-04  DONE  
   33  2.8075  0.0583  0.1215  4.1523  d=96  h=2  L=2  lr=1.30e-04  DONE  
   34  0.9159  0.0938  0.1031  4.1523  d=96  h=2  L=2  lr=1.48e-04  DONE  
   35  1.8522  0.0746  0.1053  4.1523  d=96  h=2  L=2  lr=6.94e-05  DONE  
   36  1.4853  0.0385  0.1137  4.1523  d=96  h=2  L=3  lr=2.41e-04  DONE  
   37     nan  0.0855  0.0976  4.1523  d=96  h=2  L=2  lr=9.78e-05  PRUNED
   38  1.6456  0.0923  0.1199  4.1523  d=96  h=2  L=3  lr=1.65e-04  DONE  
   39  1.9806 -0.0265  0.1201  4.1523  d=96  h=2  L=2  lr=5.32e-04  DONE  
   40  0.3889  0.0972  0.0783  4.1523  d=96  h=2  L=2  lr=2.71e-03  DONE  
   41     nan  0.0592  0.0584  4.1523  d=96  h=8  L=3  lr=1.27e-04  PRUNED
   42  2.1280  0.0832  0.0981  4.1523  d=128 h=2  L=1  lr=2.84e-04  DONE  
   43  2.1089  0.0793  0.1020  4.1523  d=96  h=4  L=1  lr=2.11e-04  DONE  
   44  1.9972  0.1148 -0.0012  4.1523  d=128 h=2  L=2  lr=3.23e-04  DONE  
   45  2.1950  0.0160  0.0416  4.1523  d=96  h=4  L=1  lr=1.88e-04  DONE  
   46  1.4223  0.0743  0.0760  4.1523  d=128 h=8  L=3  lr=8.98e-05  DONE  
   47  2.4238  0.0979  0.0951  4.1523  d=64  h=4  L=1  lr=4.41e-04  DONE  
   48     nan  0.0973  0.0916  4.1523  d=128 h=8  L=2  lr=2.41e-04  PRUNED
   49  2.9957  0.0832  0.1075  4.1523  d=128 h=2  L=2  lr=8.37e-04  DONE  
   50  1.1691  0.0430  0.1195  4.1523  d=96  h=2  L=2  lr=1.21e-03  DONE  
================================================================================
Best trial for variant: fourier
Trial number: 2  |  Val Sharpe LS: 4.152315
--------------------------------------------------------------------------------
d_model                   128
n_heads                   8
d_ff_mult                 4
n_layers                  1
dropout                   0.210551
n_mlp_layers              2
lambda_aux                0.11858
lr                        0.000820464
weight_decay              7.12231e-07
grad_clip                 0.418753
periodic_num_freq         32
--------------------------------------------------------------------------------
d_ff (derived)            512
--------------------------------------------------------------------------------
best epoch                17
n epochs trained          25
train loss (best ep)      0.254047
val MSRR (best ep)        0.623763
corr 6m, combined         0.103430
corr 6m, base f_firm      0.094794
corr 6m, adjustment       0.103379
val Sharpe LS             4.152315
--------------------------------------------------------------------------------
   Completed trials: 46  |  Pruned trials: 4
   Val Sharpe LS  mean=1.7998  std=0.7497  min=0.3889  max=4.1523
================================================================================
  Best params saved, results1/transformer/transformer-hpt/best_params_fourier.json
  Trial history saved, results1/transformer/transformer-hpt/trials_fourier.csv
==========================================================================================
 Cross-variant summary
------------------------------------------------------------------------------------------
Variant           Sharpe  Best Sharpe   AdjCorr Triald_modeln_heads        lrn_layers
------------------------------------------------------------------------------------------
  linear            3.383879       0.134466    0.025785       4       64        8    1.23e-04         3
  per_feature       2.374909       0.117206    0.091778      33      128        4    2.77e-04         1
  ple               3.723616       0.097413    0.043699      44      128        2    6.13e-05         1
  periodic          4.094154       0.128011    0.024840      46       96        8    3.00e-04         3
  fourier           4.152315       0.094794    0.103379       2      128        8    8.20e-04         1
==========================================================================================
Master trial summary saved, results1/transformer/transformer-hpt/all_trials_summary.csv
Columns, ['variant', 'number', 'value', 'datetime_start', 'datetime_complete', 'duration', 'params_d_ff_mult', 'params_d_model', 'params_dropout', 'params_grad_clip', 'params_lambda_aux', 'params_lr', 'params_n_heads', 'params_n_layers', 'params_n_mlp_layers', 'params_weight_decay', 'user_attrs_best_adj_corr_6m', 'user_attrs_best_base_corr_6m', 'user_attrs_best_corr_6m', 'user_attrs_best_epoch', 'user_attrs_best_train_loss', 'user_attrs_best_val_loss', 'user_attrs_last_adj_corr_6m', 'user_attrs_last_base_corr_6m', 'user_attrs_last_corr_6m', 'user_attrs_last_epoch', 'user_attrs_last_train_loss', 'user_attrs_last_val_loss', 'user_attrs_n_epochs_trained', 'user_attrs_val_sharpe_ls', 'state', 'params_ple_num_bins', 'params_periodic_num_freq']
==========================================================================================
