K0 characteristics, 55
K1 characteristics, 97
Countries, 24
Device, cuda
Loading training and validation datasets
(datasets are loaded once and shared across all trials for each variant)
Train months, 252  |  Val months, 60
================================================================================
Study, dual_path_linear
Target, maximise validation long short Sharpe ratio
Total trials, 50
max_epochs per trial, 50  |  patience, 8
n_startup_trials, 10  |  n_warmup_steps, 6
Database, results1/transformer/transformer-hpt/hpt_dual_path.db
--------------------------------------------------------------------------------
Trial  Sharpe  Base6m   Adj6m    Best                  Params (key)  Status
--------------------------------------------------------------------------------
    1  1.1082  0.1450  0.1300  1.1082  d=96  p2h=2  p2L=3  lr=2.03e-04  DONE    *
    2  0.3286  0.1043  0.1053  1.1082  d=96  p2h=2  p2L=1  lr=2.07e-03  DONE  
    3  2.1910  0.1342  0.0863  2.1910  d=64  p2h=4  p2L=2  lr=7.85e-04  DONE    *
    4  1.2529  0.1175  0.1435  2.1910  d=128 p2h=4  p2L=1  lr=2.14e-03  DONE  
    5  1.5876  0.1154  0.1199  2.1910  d=64  p2h=4  p2L=1  lr=1.66e-03  DONE  
    6  0.9142  0.1140  0.1486  2.1910  d=96  p2h=2  p2L=1  lr=1.05e-04  DONE  
    7  2.1590  0.1234  0.1209  2.1910  d=96  p2h=1  p2L=3  lr=3.42e-04  DONE  
    8  2.2508  0.1181  0.1322  2.2508  d=96  p2h=2  p2L=3  lr=1.80e-04  DONE    *
    9  2.6632  0.1310  0.1305  2.6632  d=128 p2h=4  p2L=3  lr=6.03e-05  DONE    *
   10  1.8680  0.1233  0.1390  2.6632  d=96  p2h=2  p2L=3  lr=6.45e-04  DONE  
   11  1.7067  0.1273  0.1383  2.6632  d=128 p2h=1  p2L=2  lr=5.29e-05  DONE  
   12     nan  0.1292  0.1206  2.6632  d=128 p2h=4  p2L=3  lr=5.18e-05  PRUNED
   13     nan  0.1232  0.1221  2.6632  d=128 p2h=4  p2L=2  lr=1.52e-04  PRUNED
   14  1.8270  0.1296  0.1398  2.6632  d=128 p2h=2  p2L=3  lr=8.59e-05  DONE  
   15  2.4510  0.1373  0.1333  2.6632  d=64  p2h=1  p2L=2  lr=2.35e-04  DONE  
   16     nan  0.1234  0.0966  2.6632  d=64  p2h=1  p2L=2  lr=4.62e-04  PRUNED
   17  1.0480  0.1089  0.0809  2.6632  d=64  p2h=1  p2L=2  lr=4.22e-03  DONE  
   18     nan  0.1163  0.1315  2.6632  d=64  p2h=1  p2L=2  lr=2.98e-04  PRUNED
   19     nan  0.1106  0.1354  2.6632  d=128 p2h=1  p2L=2  lr=7.84e-05  PRUNED
   20  1.6416  0.1272  0.1386  2.6632  d=64  p2h=4  p2L=3  lr=1.17e-04  DONE  
   21  2.2246  0.1342  0.0882  2.6632  d=128 p2h=4  p2L=2  lr=2.77e-04  DONE  
   22     nan  0.1163  0.1275  2.6632  d=96  p2h=2  p2L=3  lr=1.71e-04  PRUNED
   23     nan  0.1233  0.1280  2.6632  d=96  p2h=2  p2L=3  lr=2.00e-04  PRUNED
   24  1.5341  0.1287  0.1245  2.6632  d=64  p2h=1  p2L=3  lr=5.70e-04  DONE  
   25     nan  0.1278  0.0202  2.6632  d=64  p2h=4  p2L=3  lr=1.01e-03  PRUNED
   26     nan  0.1128  0.1351  2.6632  d=96  p2h=1  p2L=3  lr=7.09e-05  PRUNED
   27     nan  0.1224  0.1133  2.6632  d=128 p2h=2  p2L=2  lr=1.30e-04  PRUNED
   28  2.8931  0.1214  0.1299  2.8931  d=96  p2h=2  p2L=3  lr=3.94e-04  DONE    *
   29  1.7006  0.1256  0.1246  2.8931  d=64  p2h=4  p2L=2  lr=4.05e-04  DONE  
   30     nan  0.1119  0.1351  2.8931  d=128 p2h=1  p2L=3  lr=2.49e-04  PRUNED
   31  1.4262  0.1342  0.1088  2.8931  d=96  p2h=2  p2L=1  lr=1.15e-03  DONE  
   32     nan  0.1207  0.1334  2.8931  d=96  p2h=2  p2L=3  lr=2.36e-04  PRUNED
   33  2.1108  0.1238  0.1363  2.8931  d=96  p2h=2  p2L=3  lr=1.72e-04  DONE  
   34     nan  0.1336  0.1184  2.8931  d=96  p2h=2  p2L=3  lr=4.27e-04  PRUNED
   35  1.7635  0.1165  0.1141  2.8931  d=96  p2h=2  p2L=3  lr=2.13e-04  DONE  
   36  1.9399  0.1266  0.1436  2.8931  d=96  p2h=2  p2L=1  lr=3.44e-04  DONE  
   37     nan  0.1280  0.1161  2.8931  d=64  p2h=4  p2L=3  lr=1.04e-04  PRUNED
   38  1.1029  0.1199  0.1333  2.8931  d=96  p2h=2  p2L=3  lr=5.86e-04  DONE  
   39  1.2235  0.1315  0.0988  2.8931  d=96  p2h=4  p2L=1  lr=8.70e-04  DONE  
   40  1.3030  0.1210  0.1377  2.8931  d=128 p2h=2  p2L=3  lr=7.26e-05  DONE  
   41  2.2219  0.1065  0.1115  2.8931  d=64  p2h=1  p2L=2  lr=1.29e-04  DONE  
   42  2.1881  0.1357  0.1004  2.8931  d=128 p2h=4  p2L=2  lr=2.48e-04  DONE  
   43  1.6017  0.1197  0.1228  2.8931  d=128 p2h=4  p2L=2  lr=3.14e-04  DONE  
   44     nan  0.1273  0.1240  2.8931  d=128 p2h=4  p2L=2  lr=2.90e-04  PRUNED
   45  1.4651  0.1210  0.1437  2.8931  d=128 p2h=4  p2L=1  lr=5.26e-04  DONE  
   46     nan  0.1147  0.1196  2.8931  d=128 p2h=4  p2L=2  lr=6.92e-04  PRUNED
   47     nan  0.1126  0.1325  2.8931  d=128 p2h=4  p2L=2  lr=1.57e-04  PRUNED
   48     nan  0.1247  0.1178  2.8931  d=96  p2h=1  p2L=3  lr=3.68e-04  PRUNED
   49     nan  0.1104  0.1337  2.8931  d=128 p2h=2  p2L=3  lr=5.91e-05  PRUNED
   50     nan  0.1111  0.1170  2.8931  d=64  p2h=4  p2L=2  lr=1.89e-04  PRUNED
================================================================================
Best trial for variant: linear
Trial number: 28  |  Val Sharpe LS: 2.893062
--------------------------------------------------------------------------------
d_model                   96
d_ff_mult                 4
dropout                   0.114359
n_mlp_layers              3
path2_n_layers            3
path2_n_heads             2
path2_d_ff                512
lambda_aux                0.307253
lambda_aux2               0.217442
lr                        0.000394231
weight_decay              1.18671e-06
grad_clip                 3.53717
--------------------------------------------------------------------------------
d_ff (derived)            384
--------------------------------------------------------------------------------
best epoch                7
n epochs trained          15
train loss (best ep)      1.009412
val MSRR (best ep)        0.879306
corr 6m, combined         0.133690
corr 6m, base f_firm      0.121355
corr 6m, path 2           0.129882
val Sharpe LS             2.893062
--------------------------------------------------------------------------------
   Completed trials: 30  |  Pruned trials: 20
   Val Sharpe LS  mean=1.7232  std=0.5511  min=0.3286  max=2.8931
================================================================================
  Best params saved, results1/transformer/transformer-hpt/best_params_linear.json
  Trial history saved, results1/transformer/transformer-hpt/trials_linear.csv
================================================================================
Study, dual_path_per_feature
Target, maximise validation long short Sharpe ratio
Total trials, 50
max_epochs per trial, 50  |  patience, 8
n_startup_trials, 10  |  n_warmup_steps, 6
Database, results1/transformer/transformer-hpt/hpt_dual_path.db
--------------------------------------------------------------------------------
Trial  Sharpe  Base6m   Adj6m    Best                  Params (key)  Status
--------------------------------------------------------------------------------
    1  1.9553  0.1258  0.1304  1.9553  d=96  p2h=2  p2L=3  lr=2.03e-04  DONE    *
    2  1.0882  0.1317  0.0636  1.9553  d=96  p2h=2  p2L=1  lr=2.07e-03  DONE  
    3  0.6299  0.1245  0.0462  1.9553  d=64  p2h=4  p2L=2  lr=7.85e-04  DONE  
    4  1.0560  0.1177  0.0877  1.9553  d=128 p2h=4  p2L=1  lr=2.14e-03  DONE  
    5  1.5409  0.1254  0.0993  1.9553  d=64  p2h=4  p2L=1  lr=1.66e-03  DONE  
    6  1.8462  0.1154  0.1464  1.9553  d=96  p2h=2  p2L=1  lr=1.05e-04  DONE  
    7  1.9915  0.1159  0.1108  1.9915  d=96  p2h=1  p2L=3  lr=3.42e-04  DONE    *
    8  3.6167  0.1296  0.1227  3.6167  d=96  p2h=2  p2L=3  lr=1.80e-04  DONE    *
    9  1.3437  0.1291  0.1246  3.6167  d=128 p2h=4  p2L=3  lr=6.03e-05  DONE  
   10  2.5875  0.1217  0.0584  3.6167  d=96  p2h=2  p2L=3  lr=6.45e-04  DONE  
   11     nan  0.0809  0.1098  3.6167  d=64  p2h=1  p2L=2  lr=4.83e-03  PRUNED
   12  2.8397  0.1229  0.1287  3.6167  d=96  p2h=2  p2L=3  lr=3.90e-04  DONE  
   13  1.2557  0.1382  0.1538  3.6167  d=96  p2h=2  p2L=2  lr=2.00e-04  DONE  
   14  3.3201  0.1201  0.1035  3.6167  d=96  p2h=2  p2L=3  lr=3.55e-04  DONE  
   15  1.7803  0.1279  0.1214  3.6167  d=96  p2h=2  p2L=2  lr=1.35e-04  DONE  
   16     nan  0.1149  0.1287  3.6167  d=128 p2h=2  p2L=3  lr=7.30e-05  PRUNED
   17     nan  0.1223  0.1273  3.6167  d=96  p2h=1  p2L=3  lr=3.34e-04  PRUNED
   18  2.5770  0.1169  0.1505  3.6167  d=96  p2h=2  p2L=2  lr=7.40e-04  DONE  
   19  1.6169  0.1282  0.1205  3.6167  d=128 p2h=2  p2L=3  lr=1.76e-04  DONE  
   20  1.4822  0.1226  0.1378  3.6167  d=64  p2h=1  p2L=2  lr=9.23e-05  DONE  
   21  2.6400  0.1159  0.0877  3.6167  d=96  p2h=2  p2L=3  lr=4.92e-04  DONE  
   22  2.1380  0.1287  0.1271  3.6167  d=96  p2h=2  p2L=3  lr=3.19e-04  DONE  
   23     nan  0.0962 -0.0248  3.6167  d=96  p2h=2  p2L=3  lr=1.27e-03  PRUNED
   24  1.5850  0.1145  0.1361  3.6167  d=96  p2h=2  p2L=3  lr=2.61e-04  DONE  
   25  1.8562  0.1263  0.0880  3.6167  d=96  p2h=2  p2L=3  lr=4.94e-04  DONE  
   26  1.7535  0.1058  0.1217  3.6167  d=96  p2h=2  p2L=3  lr=1.48e-04  DONE  
   27     nan  0.1187  0.0652  3.6167  d=96  p2h=2  p2L=3  lr=1.02e-03  PRUNED
   28  1.3536  0.1235  0.1394  3.6167  d=96  p2h=2  p2L=2  lr=4.03e-04  DONE  
   29  2.3589  0.1315  0.1322  3.6167  d=64  p2h=4  p2L=3  lr=2.40e-04  DONE  
   30  1.3306  0.0893  0.1395  3.6167  d=128 p2h=1  p2L=3  lr=1.26e-04  DONE  
   31     nan  0.1272  0.1167  3.6167  d=96  p2h=2  p2L=3  lr=2.30e-04  PRUNED
   32  1.3506  0.1282  0.1387  3.6167  d=96  p2h=2  p2L=3  lr=5.12e-04  DONE  
   33  1.8849  0.1237  0.1125  3.6167  d=96  p2h=2  p2L=3  lr=5.29e-04  DONE  
   34  0.8925  0.1176  0.1023  3.6167  d=96  p2h=2  p2L=3  lr=4.27e-04  DONE  
   35     nan  0.1222  0.1076  3.6167  d=96  p2h=2  p2L=3  lr=9.16e-04  PRUNED
   36     nan  0.1141  0.1121  3.6167  d=96  p2h=4  p2L=3  lr=2.85e-04  PRUNED
   37  1.7755  0.1194  0.1346  3.6167  d=64  p2h=2  p2L=3  lr=6.17e-04  DONE  
   38     nan  0.1169  0.1264  3.6167  d=96  p2h=2  p2L=2  lr=1.66e-04  PRUNED
   39  1.9047  0.1325  0.0955  3.6167  d=96  p2h=4  p2L=3  lr=3.94e-04  DONE  
   40     nan  0.1060  0.0010  3.6167  d=128 p2h=2  p2L=3  lr=1.40e-03  PRUNED
   41  1.4248  0.1130  0.1486  3.6167  d=96  p2h=2  p2L=1  lr=2.06e-04  DONE  
   42  2.5665  0.1282  0.1260  3.6167  d=96  p2h=2  p2L=3  lr=6.73e-04  DONE  
   43  1.1407  0.1201  0.1008  3.6167  d=96  p2h=2  p2L=3  lr=6.28e-04  DONE  
   44  1.4809  0.1187  0.0905  3.6167  d=96  p2h=2  p2L=3  lr=8.24e-04  DONE  
   45  2.4456  0.1212  0.1206  3.6167  d=96  p2h=1  p2L=3  lr=3.65e-04  DONE  
   46     nan  0.1042  0.0745  3.6167  d=64  p2h=2  p2L=3  lr=3.56e-03  PRUNED
   47     nan  0.1153  0.0742  3.6167  d=96  p2h=4  p2L=3  lr=2.01e-03  PRUNED
   48 -0.1126  0.1153  0.0267  3.6167  d=128 p2h=2  p2L=2  lr=1.12e-03  DONE  
   49  1.2970  0.1193  0.1328  3.6167  d=96  p2h=2  p2L=3  lr=2.85e-04  DONE  
   50  2.0063  0.1161  0.1324  3.6167  d=96  p2h=1  p2L=3  lr=1.13e-04  DONE  
================================================================================
Best trial for variant: per_feature
Trial number: 8  |  Val Sharpe LS: 3.616738
--------------------------------------------------------------------------------
d_model                   96
d_ff_mult                 4
dropout                   0.151816
n_mlp_layers              3
path2_n_layers            3
path2_n_heads             2
path2_d_ff                512
lambda_aux                0.301072
lambda_aux2               0.120592
lr                        0.000180411
weight_decay              0.003478
grad_clip                 1.27385
--------------------------------------------------------------------------------
d_ff (derived)            384
--------------------------------------------------------------------------------
best epoch                29
n epochs trained          37
train loss (best ep)      0.222712
val MSRR (best ep)        0.865134
corr 6m, combined         0.140340
corr 6m, base f_firm      0.129600
corr 6m, path 2           0.122662
val Sharpe LS             3.616738
--------------------------------------------------------------------------------
   Completed trials: 38  |  Pruned trials: 12
   Val Sharpe LS  mean=1.7790  std=0.7142  min=-0.1126  max=3.6167
================================================================================
  Best params saved, results1/transformer/transformer-hpt/best_params_per_feature.json
  Trial history saved, results1/transformer/transformer-hpt/trials_per_feature.csv
================================================================================
Study, dual_path_ple
Target, maximise validation long short Sharpe ratio
Total trials, 50
max_epochs per trial, 50  |  patience, 8
n_startup_trials, 10  |  n_warmup_steps, 6
Database, results1/transformer/transformer-hpt/hpt_dual_path.db
--------------------------------------------------------------------------------
Trial  Sharpe  Base6m   Adj6m    Best                  Params (key)  Status
--------------------------------------------------------------------------------
    1  1.0033  0.1157  0.1163  1.0033  d=96  p2h=2  p2L=3  lr=2.03e-04  DONE    *
    2  0.6473  0.1252  0.1432  1.0033  d=128 p2h=1  p2L=1  lr=1.17e-03  DONE  
    3  1.8765  0.1263  0.1360  1.8765  d=96  p2h=1  p2L=3  lr=2.99e-04  DONE    *
    4  2.6594  0.1154  0.1270  2.6594  d=96  p2h=4  p2L=3  lr=2.29e-04  DONE    *
    5 -0.1301  0.0861 -0.0087  2.6594  d=64  p2h=1  p2L=2  lr=3.27e-03  DONE  
    6  0.6789  0.1279  0.1034  2.6594  d=128 p2h=1  p2L=1  lr=2.16e-03  DONE  
    7  1.2356  0.1060  0.1412  2.6594  d=128 p2h=1  p2L=3  lr=6.34e-05  DONE  
    8  1.8023  0.1123  0.1038  2.6594  d=64  p2h=1  p2L=2  lr=1.13e-03  DONE  
    9  0.2390  0.0796 -0.0159  2.6594  d=128 p2h=4  p2L=3  lr=3.16e-03  DONE  
   10  1.0338  0.1219  0.1413  2.6594  d=64  p2h=2  p2L=1  lr=1.33e-03  DONE  
   11  1.6955  0.1038  0.1280  2.6594  d=96  p2h=4  p2L=2  lr=5.29e-05  DONE  
   12  1.2937  0.1106  0.1114  2.6594  d=96  p2h=4  p2L=3  lr=3.34e-04  DONE  
   13  1.2269  0.0953  0.1077  2.6594  d=96  p2h=4  p2L=3  lr=3.31e-04  DONE  
   14  1.4937  0.0988  0.1190  2.6594  d=96  p2h=4  p2L=2  lr=1.64e-04  DONE  
   15     nan  0.1207  0.1183  2.6594  d=96  p2h=2  p2L=3  lr=4.59e-04  PRUNED
   16     nan  0.0942  0.1189  2.6594  d=96  p2h=1  p2L=3  lr=1.16e-04  PRUNED
   17  1.6939  0.1131  0.0655  2.6594  d=96  p2h=4  p2L=2  lr=6.08e-04  DONE  
   18  1.0526  0.1215  0.1225  2.6594  d=96  p2h=4  p2L=3  lr=1.06e-04  DONE  
   19  1.7146  0.1228  0.1458  2.6594  d=96  p2h=1  p2L=2  lr=2.41e-04  DONE  
   20  1.1885  0.1063  0.1131  2.6594  d=64  p2h=2  p2L=3  lr=6.56e-04  DONE  
   21  1.2316  0.1171  0.1172  2.6594  d=96  p2h=4  p2L=3  lr=1.26e-04  DONE  
   22 -0.1099  0.1062  0.0853  2.6594  d=64  p2h=1  p2L=2  lr=1.45e-03  DONE  
   23  1.1989  0.1068  0.1235  2.6594  d=64  p2h=1  p2L=2  lr=7.89e-04  DONE  
   24  1.3281  0.1098  0.1305  2.6594  d=64  p2h=1  p2L=2  lr=3.12e-04  DONE  
   25  1.4794  0.1107  0.1385  2.6594  d=64  p2h=1  p2L=1  lr=9.31e-04  DONE  
   26     nan  0.1017  0.0191  2.6594  d=64  p2h=1  p2L=3  lr=4.88e-03  PRUNED
   27  1.6108  0.1049  0.1419  2.6594  d=96  p2h=1  p2L=2  lr=4.50e-04  DONE  
   28  1.0057  0.1060  0.1317  2.6594  d=64  p2h=1  p2L=3  lr=9.46e-05  DONE  
   29     nan  0.1064  0.0871  2.6594  d=128 p2h=2  p2L=2  lr=1.92e-03  PRUNED
   30  1.5012  0.1121  0.1142  2.6594  d=96  p2h=4  p2L=3  lr=1.92e-04  DONE  
   31  1.6938  0.1146  0.1343  2.6594  d=96  p2h=2  p2L=1  lr=2.58e-04  DONE  
   32  1.1764  0.1178  0.1461  2.6594  d=96  p2h=1  p2L=2  lr=2.27e-04  DONE  
   33  2.1064  0.1084  0.1345  2.6594  d=96  p2h=1  p2L=2  lr=4.60e-04  DONE  
   34  1.8230  0.0984  0.1233  2.6594  d=96  p2h=1  p2L=2  lr=4.43e-04  DONE  
   35  2.2373  0.1084  0.1472  2.6594  d=96  p2h=1  p2L=1  lr=4.52e-04  DONE  
   36  1.1930  0.1221  0.1454  2.6594  d=96  p2h=1  p2L=1  lr=1.53e-04  DONE  
   37  0.7767  0.1237  0.1418  2.6594  d=96  p2h=1  p2L=1  lr=5.25e-04  DONE  
   38     nan  0.1107  0.1432  2.6594  d=128 p2h=1  p2L=1  lr=3.74e-04  PRUNED
   39  1.6042  0.0973  0.1350  2.6594  d=96  p2h=1  p2L=1  lr=6.98e-04  DONE  
   40  1.7756  0.1336  0.1002  2.6594  d=96  p2h=1  p2L=3  lr=2.79e-04  DONE  
   41  1.2454  0.1262  0.1324  2.6594  d=128 p2h=4  p2L=3  lr=7.63e-05  DONE  
   42     nan  0.1173  0.1198  2.6594  d=96  p2h=1  p2L=2  lr=4.37e-04  PRUNED
   43  1.5921  0.1310  0.1529  2.6594  d=96  p2h=1  p2L=1  lr=1.90e-04  DONE  
   44     nan  0.1326  0.0699  2.6594  d=96  p2h=1  p2L=2  lr=9.15e-04  PRUNED
   45  1.0427  0.1180  0.0158  2.6594  d=96  p2h=1  p2L=3  lr=3.88e-04  DONE  
   46  2.1498  0.1271  0.1266  2.6594  d=96  p2h=1  p2L=1  lr=5.60e-04  DONE  
   47  2.0572  0.1227  0.1176  2.6594  d=96  p2h=4  p2L=1  lr=5.58e-04  DONE  
   48  1.0710  0.1178  0.1329  2.6594  d=96  p2h=4  p2L=1  lr=1.10e-03  DONE  
   49     nan  0.1182  0.1148  2.6594  d=96  p2h=4  p2L=1  lr=5.44e-04  PRUNED
   50  2.4146  0.1182  0.1389  2.6594  d=96  p2h=4  p2L=1  lr=5.65e-04  DONE  
================================================================================
Best trial for variant: ple
Trial number: 4  |  Val Sharpe LS: 2.659376
--------------------------------------------------------------------------------
d_model                   96
d_ff_mult                 2
dropout                   0.0874991
n_mlp_layers              1
path2_n_layers            3
path2_n_heads             4
path2_d_ff                256
lambda_aux                0.445241
lambda_aux2               0.349319
lr                        0.000229491
weight_decay              2.0787e-07
grad_clip                 1.62381
ple_num_bins              16
--------------------------------------------------------------------------------
d_ff (derived)            192
--------------------------------------------------------------------------------
best epoch                6
n epochs trained          14
train loss (best ep)      0.568164
val MSRR (best ep)        1.061440
corr 6m, combined         0.132450
corr 6m, base f_firm      0.115438
corr 6m, path 2           0.126951
val Sharpe LS             2.659376
--------------------------------------------------------------------------------
   Completed trials: 42  |  Pruned trials: 8
   Val Sharpe LS  mean=1.3717  std=0.5884  min=-0.1301  max=2.6594
================================================================================
  Best params saved, results1/transformer/transformer-hpt/best_params_ple.json
  Trial history saved, results1/transformer/transformer-hpt/trials_ple.csv
================================================================================
Study, dual_path_periodic
Target, maximise validation long short Sharpe ratio
Total trials, 50
max_epochs per trial, 50  |  patience, 8
n_startup_trials, 10  |  n_warmup_steps, 6
Database, results1/transformer/transformer-hpt/hpt_dual_path.db
--------------------------------------------------------------------------------
Trial  Sharpe  Base6m   Adj6m    Best                  Params (key)  Status
--------------------------------------------------------------------------------
    1  1.4604  0.1187  0.1365  1.4604  d=96  p2h=2  p2L=3  lr=2.03e-04  DONE    *
    2  2.1761  0.1247  0.1352  2.1761  d=128 p2h=1  p2L=1  lr=1.17e-03  DONE    *
    3  1.8208  0.1133  0.0962  2.1761  d=96  p2h=1  p2L=3  lr=2.99e-04  DONE  
    4  1.1243  0.1302  0.0969  2.1761  d=96  p2h=4  p2L=3  lr=2.29e-04  DONE  
    5  0.6387  0.1195  0.0468  2.1761  d=64  p2h=1  p2L=2  lr=3.27e-03  DONE  
    6  0.2137  0.1348  0.1476  2.1761  d=128 p2h=1  p2L=1  lr=2.16e-03  DONE  
    7  1.0363  0.1123  0.1318  2.1761  d=128 p2h=1  p2L=3  lr=6.34e-05  DONE  
    8  1.3103  0.1287  0.0874  2.1761  d=64  p2h=1  p2L=2  lr=1.13e-03  DONE  
    9  1.3540  0.0607  0.0788  2.1761  d=128 p2h=4  p2L=3  lr=3.16e-03  DONE  
   10  1.2058  0.1382  0.1254  2.1761  d=64  p2h=2  p2L=1  lr=1.33e-03  DONE  
   11  1.7034  0.1236  0.1361  2.1761  d=128 p2h=2  p2L=2  lr=5.65e-04  DONE  
   12  1.5830  0.1121  0.1446  2.1761  d=96  p2h=1  p2L=1  lr=4.33e-04  DONE  
   13  1.5997  0.1063  0.1433  2.1761  d=96  p2h=1  p2L=2  lr=7.28e-05  DONE  
   14  1.3207  0.1282  0.1407  2.1761  d=96  p2h=1  p2L=1  lr=6.11e-04  DONE  
   15  1.8022  0.1314  0.1282  2.1761  d=128 p2h=1  p2L=2  lr=1.83e-04  DONE  
   16     nan  0.1191  0.0991  2.1761  d=128 p2h=4  p2L=1  lr=1.14e-03  PRUNED
   17  0.6887  0.1281  0.1402  2.1761  d=96  p2h=1  p2L=3  lr=1.28e-04  DONE  
   18  1.7560  0.1218  0.1349  2.1761  d=128 p2h=1  p2L=2  lr=3.44e-04  DONE  
   19  1.8393  0.1275  0.1044  2.1761  d=96  p2h=4  p2L=2  lr=6.70e-04  DONE  
   20     nan  0.1172  0.1119  2.1761  d=64  p2h=4  p2L=1  lr=7.25e-04  PRUNED
   21 -0.2316  0.1050  0.0472  2.1761  d=128 p2h=4  p2L=2  lr=1.93e-03  DONE  
   22  1.6773  0.1086  0.1189  2.1761  d=96  p2h=4  p2L=3  lr=3.31e-04  DONE  
   23 -0.0370  0.1277  0.0917  2.1761  d=96  p2h=4  p2L=2  lr=7.89e-04  DONE  
   24  1.0332  0.1299  0.0842  2.1761  d=96  p2h=2  p2L=1  lr=1.62e-03  DONE  
   25  0.6830  0.1287  0.0798  2.1761  d=96  p2h=1  p2L=3  lr=8.29e-04  DONE  
   26     nan  0.0965 -0.0294  2.1761  d=96  p2h=4  p2L=2  lr=4.53e-03  PRUNED
   27  1.4706  0.1319  0.1398  2.1761  d=96  p2h=1  p2L=2  lr=4.50e-04  DONE  
   28  1.4869  0.1128  0.1119  2.1761  d=96  p2h=1  p2L=3  lr=1.27e-04  DONE  
   29  1.6716  0.1230  0.1355  2.1761  d=64  p2h=2  p2L=1  lr=2.88e-04  DONE  
   30  1.3115  0.1260  0.1255  2.1761  d=128 p2h=4  p2L=3  lr=1.54e-04  DONE  
   31  1.6128  0.1331  0.1197  2.1761  d=96  p2h=2  p2L=2  lr=9.50e-04  DONE  
   32  1.8847  0.1294  0.1300  2.1761  d=128 p2h=1  p2L=2  lr=2.19e-04  DONE  
   33  1.4922  0.1263  0.1191  2.1761  d=128 p2h=1  p2L=3  lr=2.59e-04  DONE  
   34  1.0780  0.1178  0.1406  2.1761  d=128 p2h=1  p2L=2  lr=9.48e-05  DONE  
   35  1.4365  0.1224  0.1448  2.1761  d=128 p2h=1  p2L=1  lr=2.03e-04  DONE  
   36  3.5335  0.1320  0.1401  3.5335  d=128 p2h=1  p2L=2  lr=5.38e-04  DONE    *
   37  1.4004  0.1367  0.1386  3.5335  d=128 p2h=1  p2L=2  lr=4.57e-04  DONE  
   38  1.5731  0.1207  0.1183  3.5335  d=128 p2h=1  p2L=2  lr=6.48e-04  DONE  
   39     nan  0.0156 -0.1140  3.5335  d=128 p2h=4  p2L=2  lr=2.46e-03  PRUNED
   40  1.5918  0.1400  0.1273  3.5335  d=128 p2h=1  p2L=2  lr=9.97e-04  DONE  
   41  1.1230  0.1221  0.0894  3.5335  d=128 p2h=1  p2L=2  lr=1.37e-03  DONE  
   42  1.2345  0.1291  0.1454  3.5335  d=64  p2h=1  p2L=3  lr=3.71e-04  DONE  
   43  1.9296  0.1270  0.1417  3.5335  d=128 p2h=1  p2L=1  lr=5.34e-04  DONE  
   44  1.5837  0.1241  0.1481  3.5335  d=128 p2h=1  p2L=1  lr=5.47e-04  DONE  
   45  1.6620  0.1326  0.1508  3.5335  d=128 p2h=1  p2L=1  lr=4.60e-04  DONE  
   46  0.9525  0.1274  0.1463  3.5335  d=128 p2h=1  p2L=1  lr=2.39e-04  DONE  
   47 -0.1326  0.1227  0.0844  3.5335  d=128 p2h=2  p2L=1  lr=1.46e-03  DONE  
   48  1.3791  0.1260  0.1499  3.5335  d=128 p2h=1  p2L=1  lr=5.41e-04  DONE  
   49     nan  0.0851  0.0074  3.5335  d=128 p2h=4  p2L=2  lr=1.10e-03  PRUNED
   50  1.3913  0.1338  0.1264  3.5335  d=64  p2h=1  p2L=1  lr=8.59e-04  DONE  
================================================================================
Best trial for variant: periodic
Trial number: 36  |  Val Sharpe LS: 3.533508
--------------------------------------------------------------------------------
d_model                   128
d_ff_mult                 4
dropout                   0.153615
n_mlp_layers              3
path2_n_layers            2
path2_n_heads             1
path2_d_ff                512
lambda_aux                0.281406
lambda_aux2               0.210203
lr                        0.000538465
weight_decay              2.26644e-06
grad_clip                 0.759728
periodic_num_freq         64
--------------------------------------------------------------------------------
d_ff (derived)            512
--------------------------------------------------------------------------------
best epoch                22
n epochs trained          30
train loss (best ep)      0.435191
val MSRR (best ep)        0.934101
corr 6m, combined         0.143760
corr 6m, base f_firm      0.132004
corr 6m, path 2           0.140078
val Sharpe LS             3.533508
--------------------------------------------------------------------------------
   Completed trials: 45  |  Pruned trials: 5
   Val Sharpe LS  mean=1.3428  std=0.6260  min=-0.2316  max=3.5335
================================================================================
  Best params saved, results1/transformer/transformer-hpt/best_params_periodic.json
  Trial history saved, results1/transformer/transformer-hpt/trials_periodic.csv
================================================================================
Study, dual_path_fourier
Target, maximise validation long short Sharpe ratio
Total trials, 50
max_epochs per trial, 50  |  patience, 8
n_startup_trials, 10  |  n_warmup_steps, 6
Database, results1/transformer/transformer-hpt/hpt_dual_path.db
--------------------------------------------------------------------------------
Trial  Sharpe  Base6m   Adj6m    Best                  Params (key)  Status
--------------------------------------------------------------------------------
    1  0.8087  0.1253  0.1453  0.8087  d=96  p2h=2  p2L=3  lr=2.03e-04  DONE    *
    2  0.7629  0.1250  0.1204  0.8087  d=128 p2h=1  p2L=1  lr=1.17e-03  DONE  
    3  1.7649  0.1273  0.1144  1.7649  d=96  p2h=1  p2L=3  lr=2.99e-04  DONE    *
    4  0.6666  0.1344  0.1098  1.7649  d=96  p2h=4  p2L=3  lr=2.29e-04  DONE  
    5  0.4431  0.1199  0.1170  1.7649  d=64  p2h=1  p2L=2  lr=3.27e-03  DONE  
    6  1.2524  0.1213  0.1345  1.7649  d=128 p2h=1  p2L=1  lr=2.16e-03  DONE  
    7  1.4271  0.1052  0.1375  1.7649  d=128 p2h=1  p2L=3  lr=6.34e-05  DONE  
    8  0.9211  0.1085  0.0614  1.7649  d=64  p2h=1  p2L=2  lr=1.13e-03  DONE  
    9 -0.9675 -0.1114 -0.0304  1.7649  d=128 p2h=4  p2L=3  lr=3.16e-03  DONE  
   10  0.2079  0.1465  0.1334  1.7649  d=64  p2h=2  p2L=1  lr=1.33e-03  DONE  
   11  1.4692  0.1299  0.1357  1.7649  d=96  p2h=2  p2L=2  lr=3.80e-04  DONE  
   12  0.7849  0.1320  0.1295  1.7649  d=96  p2h=2  p2L=2  lr=3.34e-04  DONE  
   13  0.5717  0.1296  0.1397  1.7649  d=96  p2h=2  p2L=2  lr=4.50e-04  DONE  
   14     nan  0.1303  0.1230  1.7649  d=96  p2h=2  p2L=2  lr=9.55e-05  PRUNED
   15  1.1613  0.1269  0.0364  1.7649  d=96  p2h=4  p2L=3  lr=6.24e-04  DONE  
   16  0.7404  0.1164  0.1410  1.7649  d=96  p2h=1  p2L=2  lr=1.28e-04  DONE  
   17  1.3142  0.1358  0.1040  1.7649  d=96  p2h=2  p2L=3  lr=6.08e-04  DONE  
   18  1.8184  0.1277  0.1420  1.8184  d=96  p2h=1  p2L=1  lr=2.15e-04  DONE    *
   19     nan  0.1135  0.1369  1.8184  d=96  p2h=1  p2L=1  lr=1.58e-04  PRUNED
   20  1.5236  0.1168  0.1360  1.8184  d=64  p2h=1  p2L=1  lr=5.56e-05  DONE  
   21  1.1893  0.1287  0.1450  1.8184  d=96  p2h=1  p2L=1  lr=2.57e-04  DONE  
   22     nan  0.1098  0.1334  1.8184  d=64  p2h=1  p2L=1  lr=6.32e-05  PRUNED
   23  1.7737  0.1146  0.1414  1.8184  d=64  p2h=1  p2L=1  lr=1.01e-04  DONE  
   24     nan  0.1141  0.1347  1.8184  d=64  p2h=1  p2L=1  lr=1.06e-04  PRUNED
   25  1.4108  0.1113  0.1436  1.8184  d=64  p2h=1  p2L=1  lr=1.59e-04  DONE  
   26     nan  0.1161  0.1367  1.8184  d=64  p2h=1  p2L=2  lr=1.00e-04  PRUNED
   27  1.2056  0.1154  0.0878  1.8184  d=96  p2h=4  p2L=1  lr=5.84e-04  DONE  
   28  0.9105  0.1205  0.1247  1.8184  d=64  p2h=1  p2L=2  lr=3.31e-04  DONE  
   29  0.8163  0.1304  0.1559  1.8184  d=128 p2h=1  p2L=1  lr=2.11e-04  DONE  
   30  1.6074  0.1152  0.1384  1.8184  d=96  p2h=1  p2L=3  lr=1.64e-04  DONE  
   31     nan  0.1025  0.1369  1.8184  d=96  p2h=4  p2L=3  lr=7.86e-05  PRUNED
   32     nan  0.1074  0.1376  1.8184  d=96  p2h=1  p2L=3  lr=1.62e-04  PRUNED
   33  1.0194  0.1246  0.1336  1.8184  d=96  p2h=1  p2L=3  lr=2.66e-04  DONE  
   34  1.2455  0.1120  0.1313  1.8184  d=96  p2h=1  p2L=3  lr=1.35e-04  DONE  
   35     nan  0.1138  0.1255  1.8184  d=96  p2h=1  p2L=3  lr=1.96e-04  PRUNED
   36  1.6540  0.1221  0.0901  1.8184  d=96  p2h=1  p2L=3  lr=8.58e-04  DONE  
   37     nan  0.1200  0.1291  1.8184  d=128 p2h=1  p2L=2  lr=9.83e-04  PRUNED
   38  0.1406  0.1127  0.1443  1.8184  d=96  p2h=1  p2L=1  lr=1.70e-03  DONE  
   39     nan  0.1292  0.1087  1.8184  d=64  p2h=1  p2L=3  lr=8.70e-04  PRUNED
   40  1.9200  0.1288  0.1551  1.9200  d=128 p2h=4  p2L=1  lr=7.90e-04  DONE    *
   41 -0.2506 -0.0855  0.1388  1.9200  d=128 p2h=4  p2L=1  lr=4.51e-03  DONE  
   42  0.9617  0.1413  0.1361  1.9200  d=128 p2h=4  p2L=1  lr=7.62e-04  DONE  
   43  1.3872  0.1174  0.1451  1.9200  d=128 p2h=4  p2L=1  lr=4.52e-04  DONE  
   44  0.8439  0.1469  0.1233  1.9200  d=128 p2h=4  p2L=1  lr=4.70e-04  DONE  
   45  1.4453  0.1322  0.1472  1.9200  d=128 p2h=4  p2L=1  lr=1.39e-03  DONE  
   46     nan  0.0826  0.0715  1.9200  d=96  p2h=1  p2L=2  lr=2.33e-03  PRUNED
   47     nan  0.1249  0.1261  1.9200  d=64  p2h=1  p2L=1  lr=3.01e-04  PRUNED
   48  1.4259  0.1162  0.1054  1.9200  d=128 p2h=2  p2L=2  lr=6.92e-04  DONE  
   49     nan  0.1351  0.0287  1.9200  d=96  p2h=4  p2L=3  lr=1.07e-03  PRUNED
   50  0.7658  0.1012  0.1083  1.9200  d=96  p2h=1  p2L=1  lr=1.84e-03  DONE  
================================================================================
Best trial for variant: fourier
Trial number: 40  |  Val Sharpe LS: 1.919986
--------------------------------------------------------------------------------
d_model                   128
d_ff_mult                 4
dropout                   0.308774
n_mlp_layers              3
path2_n_layers            1
path2_n_heads             4
path2_d_ff                512
lambda_aux                0.126809
lambda_aux2               0.251372
lr                        0.000790348
weight_decay              2.72947e-06
grad_clip                 4.25699
periodic_num_freq         64
--------------------------------------------------------------------------------
d_ff (derived)            512
--------------------------------------------------------------------------------
best epoch                6
n epochs trained          14
train loss (best ep)      0.850329
val MSRR (best ep)        0.674463
corr 6m, combined         0.155082
corr 6m, base f_firm      0.128846
corr 6m, path 2           0.155086
val Sharpe LS             1.919986
--------------------------------------------------------------------------------
   Completed trials: 37  |  Pruned trials: 13
   Val Sharpe LS  mean=1.0309  std=0.5906  min=-0.9675  max=1.9200
================================================================================
  Best params saved, results1/transformer/transformer-hpt/best_params_fourier.json
  Trial history saved, results1/transformer/transformer-hpt/trials_fourier.csv
==========================================================================================
 Cross-variant summary
------------------------------------------------------------------------------------------
Variant           Sharpe  Best Sharpe Path2Corr Triald_modelp2_heads        lrp2_layers
------------------------------------------------------------------------------------------
  linear            2.893062       0.121355    0.129882      28       96         2    3.94e-04          3
  per_feature       3.616738       0.129600    0.122662       8       96         2    1.80e-04          3
  ple               2.659376       0.115438    0.126951       4       96         4    2.29e-04          3
  periodic          3.533508       0.132004    0.140078      36      128         1    5.38e-04          2
  fourier           1.919986       0.128846    0.155086      40      128         4    7.90e-04          1
==========================================================================================
Master trial summary saved, results1/transformer/transformer-hpt/all_trials_summary.csv
Columns, ['variant', 'number', 'value', 'datetime_start', 'datetime_complete', 'duration', 'params_d_ff_mult', 'params_d_model', 'params_dropout', 'params_grad_clip', 'params_lambda_aux', 'params_lambda_aux2', 'params_lr', 'params_n_mlp_layers', 'params_path2_d_ff', 'params_path2_n_heads', 'params_path2_n_layers', 'params_weight_decay', 'user_attrs_best_base_corr_6m', 'user_attrs_best_corr_6m', 'user_attrs_best_epoch', 'user_attrs_best_path2_corr_6m', 'user_attrs_best_train_loss', 'user_attrs_best_val_loss', 'user_attrs_last_base_corr_6m', 'user_attrs_last_corr_6m', 'user_attrs_last_epoch', 'user_attrs_last_path2_corr_6m', 'user_attrs_last_train_loss', 'user_attrs_last_val_loss', 'user_attrs_n_epochs_trained', 'user_attrs_val_sharpe_ls', 'state', 'params_ple_num_bins', 'params_periodic_num_freq']
==========================================================================================
