K0 characteristics, 55
K1 characteristics, 97
Countries, 24
Device, cuda
Loading training and validation datasets
(datasets are loaded once and shared across all trials for each variant)
Train months, 252  |  Val months, 60
================================================================================
Study, dual_path_linear
Target, maximise validation long short Sharpe ratio
Total trials, 50
max_epochs per trial, 50  |  patience, 8
n_startup_trials, 10  |  n_warmup_steps, 6
Database, results1/transformer/transformer-hpt/hpt_dual_path.db
--------------------------------------------------------------------------------
Trial  Sharpe  Base6m   Adj6m    Best                  Params (key)  Status
--------------------------------------------------------------------------------
    1  1.5191  0.1305  0.1359  1.5191  d=96  p2h=2  p2L=3  lr=2.03e-04  DONE    *
    2  0.7173  0.1158  0.1332  1.5191  d=96  p2h=2  p2L=1  lr=2.07e-03  DONE  
    3  0.8326  0.1189  0.1242  1.5191  d=64  p2h=4  p2L=2  lr=7.85e-04  DONE  
    4  1.0118  0.1123  0.1133  1.5191  d=128 p2h=4  p2L=1  lr=2.14e-03  DONE  
    5  2.5478  0.1211  0.1326  2.5478  d=64  p2h=4  p2L=1  lr=1.66e-03  DONE    *
    6  1.7183  0.1146  0.1448  2.5478  d=96  p2h=2  p2L=1  lr=1.05e-04  DONE  
    7  1.1343  0.1227  0.1192  2.5478  d=96  p2h=1  p2L=3  lr=3.42e-04  DONE  
    8  1.7314  0.1319  0.1220  2.5478  d=96  p2h=2  p2L=3  lr=1.80e-04  DONE  
    9  1.1527  0.1003  0.1411  2.5478  d=128 p2h=4  p2L=3  lr=6.03e-05  DONE  
   10  1.1871  0.1343  0.1370  2.5478  d=96  p2h=2  p2L=3  lr=6.45e-04  DONE  
   11     nan  0.0960  0.0290  2.5478  d=64  p2h=1  p2L=2  lr=4.83e-03  PRUNED
   12     nan  0.1343  0.0265  2.5478  d=64  p2h=4  p2L=2  lr=9.40e-04  PRUNED
   13  1.1046  0.1206  0.1413  2.5478  d=64  p2h=2  p2L=2  lr=2.26e-04  DONE  
   14     nan  0.1173  0.0322  2.5478  d=64  p2h=4  p2L=1  lr=4.56e-03  PRUNED
   15  1.5322  0.1295  0.1373  2.5478  d=128 p2h=1  p2L=2  lr=5.17e-05  DONE  
   16     nan  0.1318  0.1093  2.5478  d=96  p2h=2  p2L=3  lr=1.64e-03  PRUNED
   17  1.6325  0.1293  0.1364  2.5478  d=64  p2h=4  p2L=1  lr=3.76e-04  DONE  
   18     nan  0.1116  0.1204  2.5478  d=96  p2h=2  p2L=2  lr=1.51e-04  PRUNED
   19  1.0839  0.1183  0.1451  2.5478  d=64  p2h=4  p2L=2  lr=9.23e-05  DONE  
   20  1.6238  0.1255  0.1061  2.5478  d=128 p2h=1  p2L=3  lr=4.57e-04  DONE  
   21  1.0967  0.1387  0.1214  2.5478  d=64  p2h=4  p2L=1  lr=1.26e-03  DONE  
   22  0.9902  0.1116  0.1462  2.5478  d=96  p2h=2  p2L=1  lr=1.17e-04  DONE  
   23     nan  0.1213  0.1426  2.5478  d=96  p2h=2  p2L=1  lr=7.74e-05  PRUNED
   24  2.2603  0.1180  0.1444  2.5478  d=96  p2h=2  p2L=1  lr=2.13e-04  DONE  
   25     nan  0.1101  0.1335  2.5478  d=96  p2h=2  p2L=1  lr=2.57e-04  PRUNED
   26     nan  0.1083  0.1093  2.5478  d=96  p2h=2  p2L=2  lr=5.65e-04  PRUNED
   27  1.5546  0.1226  0.1331  2.5478  d=96  p2h=2  p2L=1  lr=1.60e-04  DONE  
   28     nan  0.1159  0.0598  2.5478  d=96  p2h=2  p2L=2  lr=2.72e-03  PRUNED
   29  1.6839  0.1161  0.1421  2.5478  d=128 p2h=1  p2L=1  lr=3.05e-04  DONE  
   30     nan  0.1304  0.1208  2.5478  d=64  p2h=4  p2L=3  lr=1.79e-04  PRUNED
   31     nan  0.1213  0.1177  2.5478  d=96  p2h=2  p2L=2  lr=1.05e-03  PRUNED
   32  1.8734  0.1204  0.1452  2.5478  d=96  p2h=2  p2L=1  lr=9.04e-05  DONE  
   33  1.3158  0.1220  0.1433  2.5478  d=96  p2h=2  p2L=1  lr=7.12e-05  DONE  
   34  1.6781  0.1212  0.1414  2.5478  d=96  p2h=2  p2L=1  lr=1.35e-04  DONE  
   35  1.1359  0.1069  0.1488  2.5478  d=96  p2h=2  p2L=1  lr=1.92e-04  DONE  
   36  1.3440  0.1267  0.1524  2.5478  d=96  p2h=2  p2L=1  lr=9.91e-05  DONE  
   37  1.3937  0.1148  0.0805  2.5478  d=96  p2h=4  p2L=1  lr=3.00e-03  DONE  
   38  1.0370  0.1164  0.1447  2.5478  d=64  p2h=2  p2L=1  lr=2.59e-04  DONE  
   39  1.3307  0.1114  0.1100  2.5478  d=128 p2h=2  p2L=3  lr=4.10e-04  DONE  
   40  1.1778  0.1165  0.1402  2.5478  d=96  p2h=4  p2L=1  lr=7.92e-05  DONE  
   41  1.9892  0.1182  0.1369  2.5478  d=96  p2h=1  p2L=1  lr=1.30e-04  DONE  
   42     nan  0.1186  0.1359  2.5478  d=96  p2h=1  p2L=1  lr=1.32e-04  PRUNED
   43     nan  0.1126  0.1379  2.5478  d=96  p2h=1  p2L=1  lr=6.04e-05  PRUNED
   44     nan  0.1289  0.1360  2.5478  d=96  p2h=1  p2L=1  lr=1.96e-04  PRUNED
   45  1.5164  0.1440  0.1568  2.5478  d=96  p2h=1  p2L=1  lr=1.08e-04  DONE  
   46  1.6213  0.1227  0.1549  2.5478  d=64  p2h=1  p2L=1  lr=6.84e-04  DONE  
   47     nan  0.1113  0.1038  2.5478  d=96  p2h=4  p2L=2  lr=2.89e-04  PRUNED
   48     nan  0.1179  0.1284  2.5478  d=64  p2h=2  p2L=2  lr=4.88e-04  PRUNED
   49     nan  0.1077  0.1228  2.5478  d=128 p2h=1  p2L=1  lr=1.57e-03  PRUNED
   50  0.9994  0.1321  0.0730  2.5478  d=96  p2h=4  p2L=3  lr=2.29e-04  DONE  
================================================================================
Best trial for variant: linear
Trial number: 5  |  Val Sharpe LS: 2.547781
--------------------------------------------------------------------------------
d_model                   64
d_ff_mult                 4
dropout                   0.253086
n_mlp_layers              1
path2_n_layers            1
path2_n_heads             4
path2_d_ff                256
lambda_aux                0.147838
lambda_aux2               0.385298
lr                        0.00166165
weight_decay              6.40304e-05
grad_clip                 3.87774
--------------------------------------------------------------------------------
d_ff (derived)            256
--------------------------------------------------------------------------------
best epoch                11
n epochs trained          19
train loss (best ep)      0.587384
val MSRR (best ep)        0.745753
corr 6m, combined         0.143194
corr 6m, base f_firm      0.121067
corr 6m, path 2           0.132631
val Sharpe LS             2.547781
--------------------------------------------------------------------------------
   Completed trials: 33  |  Pruned trials: 17
   Val Sharpe LS  mean=1.4099  std=0.3972  min=0.7173  max=2.5478
================================================================================
  Best params saved, results1/transformer/transformer-hpt/best_params_linear.json
  Trial history saved, results1/transformer/transformer-hpt/trials_linear.csv
================================================================================
Study, dual_path_per_feature
Target, maximise validation long short Sharpe ratio
Total trials, 50
max_epochs per trial, 50  |  patience, 8
n_startup_trials, 10  |  n_warmup_steps, 6
Database, results1/transformer/transformer-hpt/hpt_dual_path.db
--------------------------------------------------------------------------------
Trial  Sharpe  Base6m   Adj6m    Best                  Params (key)  Status
--------------------------------------------------------------------------------
    1  0.7415  0.1176  0.1434  0.7415  d=96  p2h=2  p2L=3  lr=2.03e-04  DONE    *
    2  0.9998  0.1268  0.1064  0.9998  d=96  p2h=2  p2L=1  lr=2.07e-03  DONE    *
    3  1.2694  0.1158  0.1356  1.2694  d=64  p2h=4  p2L=2  lr=7.85e-04  DONE    *
    4 -0.4268  0.1275  0.1119  1.2694  d=128 p2h=4  p2L=1  lr=2.14e-03  DONE  
    5  1.6719  0.0937  0.1206  1.6719  d=64  p2h=4  p2L=1  lr=1.66e-03  DONE    *
    6  1.3050  0.1061  0.1426  1.6719  d=96  p2h=2  p2L=1  lr=1.05e-04  DONE  
    7  0.9478  0.1088  0.1303  1.6719  d=96  p2h=1  p2L=3  lr=3.42e-04  DONE  
    8  1.5258  0.1178  0.1171  1.6719  d=96  p2h=2  p2L=3  lr=1.80e-04  DONE  
    9  2.2142  0.0921  0.1243  2.2142  d=128 p2h=4  p2L=3  lr=6.03e-05  DONE    *
   10  0.2004  0.1097  0.1132  2.2142  d=96  p2h=2  p2L=3  lr=6.45e-04  DONE  
   11  1.0977  0.1263  0.1390  2.2142  d=128 p2h=1  p2L=2  lr=5.29e-05  DONE  
   12     nan  0.1259 -0.0469  2.2142  d=64  p2h=4  p2L=2  lr=4.96e-03  PRUNED
   13  0.9537  0.1071  0.0446  2.2142  d=128 p2h=4  p2L=2  lr=9.00e-04  DONE  
   14  2.0203  0.0714  0.1266  2.2142  d=64  p2h=4  p2L=1  lr=5.81e-05  DONE  
   15  1.8291  0.0917  0.1326  2.2142  d=128 p2h=4  p2L=2  lr=5.06e-05  DONE  
   16  1.2193  0.1322  0.1313  2.2142  d=64  p2h=4  p2L=3  lr=9.44e-05  DONE  
   17  1.1132  0.1137  0.1444  2.2142  d=64  p2h=4  p2L=1  lr=9.53e-05  DONE  
   18  1.0617  0.1190  0.1262  2.2142  d=128 p2h=1  p2L=2  lr=1.72e-04  DONE  
   19  1.3629  0.1197  0.1383  2.2142  d=128 p2h=4  p2L=2  lr=7.34e-05  DONE  
   20  2.0916  0.1159  0.1199  2.2142  d=64  p2h=4  p2L=1  lr=3.04e-04  DONE  
   21  1.2432  0.1277  0.1319  2.2142  d=128 p2h=1  p2L=3  lr=3.97e-04  DONE  
   22  1.7160  0.1011  0.1375  2.2142  d=64  p2h=4  p2L=1  lr=1.42e-04  DONE  
   23  0.9919  0.1252  0.1201  2.2142  d=64  p2h=4  p2L=1  lr=2.64e-04  DONE  
   24  1.4804  0.0658  0.1503  2.2142  d=64  p2h=4  p2L=1  lr=6.83e-05  DONE  
   25  0.8365  0.1230  0.1197  2.2142  d=64  p2h=4  p2L=1  lr=4.05e-04  DONE  
   26  1.9072  0.1169  0.1442  2.2142  d=64  p2h=4  p2L=2  lr=1.17e-04  DONE  
   27  2.0964  0.0992  0.1347  2.2142  d=64  p2h=4  p2L=1  lr=7.12e-05  DONE  
   28  1.4427  0.1253  0.1368  2.2142  d=128 p2h=4  p2L=2  lr=2.55e-04  DONE  
   29  2.9046  0.1149  0.1176  2.9046  d=64  p2h=4  p2L=1  lr=5.14e-04  DONE    *
   30     nan  0.1299  0.0862  2.9046  d=128 p2h=1  p2L=3  lr=5.67e-04  PRUNED
   31     nan  0.1204  0.1000  2.9046  d=64  p2h=2  p2L=2  lr=1.06e-03  PRUNED
   32  1.7450  0.1229  0.1304  2.9046  d=64  p2h=4  p2L=1  lr=5.45e-04  DONE  
   33  1.1304  0.1184  0.1573  2.9046  d=64  p2h=4  p2L=1  lr=2.47e-04  DONE  
   34  1.3329  0.1148  0.1449  2.9046  d=64  p2h=4  p2L=1  lr=7.56e-05  DONE  
   35  1.4807  0.1177  0.1053  2.9046  d=64  p2h=4  p2L=1  lr=1.16e-03  DONE  
   36  1.4580  0.1324  0.1354  2.9046  d=64  p2h=4  p2L=1  lr=1.28e-04  DONE  
   37 -0.0840  0.1224  0.1358  2.9046  d=96  p2h=4  p2L=1  lr=1.90e-03  DONE  
   38     nan  0.1198  0.1181  2.9046  d=64  p2h=2  p2L=1  lr=4.69e-03  PRUNED
   39  0.6245  0.1107  0.1432  2.9046  d=128 p2h=4  p2L=1  lr=1.35e-03  DONE  
   40  1.4571  0.1196  0.1362  2.9046  d=96  p2h=4  p2L=1  lr=3.22e-04  DONE  
   41     nan  0.1379  0.1113  2.9046  d=64  p2h=2  p2L=3  lr=1.74e-04  PRUNED
   42     nan  0.0887  0.1305  2.9046  d=64  p2h=4  p2L=1  lr=6.22e-05  PRUNED
   43  2.6991  0.0997  0.1306  2.9046  d=64  p2h=4  p2L=1  lr=8.70e-05  DONE  
   44  2.5170  0.0987  0.1375  2.9046  d=64  p2h=4  p2L=1  lr=8.14e-05  DONE  
   45  0.1498  0.1223  0.0291  2.9046  d=64  p2h=4  p2L=1  lr=2.75e-03  DONE  
   46  1.2118  0.1193  0.1425  2.9046  d=96  p2h=1  p2L=1  lr=8.82e-05  DONE  
   47  1.7915  0.1022  0.1357  2.9046  d=64  p2h=4  p2L=2  lr=8.47e-05  DONE  
   48  1.5539  0.1189  0.1292  2.9046  d=128 p2h=4  p2L=1  lr=1.48e-04  DONE  
   49  2.1217  0.1141  0.1329  2.9046  d=64  p2h=2  p2L=1  lr=1.09e-04  DONE  
   50  1.2089  0.1259  0.1373  2.9046  d=64  p2h=2  p2L=2  lr=1.13e-04  DONE  
================================================================================
Best trial for variant: per_feature
Trial number: 29  |  Val Sharpe LS: 2.904569
--------------------------------------------------------------------------------
d_model                   64
d_ff_mult                 2
dropout                   0.122589
n_mlp_layers              2
path2_n_layers            1
path2_n_heads             4
path2_d_ff                128
lambda_aux                0.394132
lambda_aux2               0.182786
lr                        0.000513963
weight_decay              0.000149436
grad_clip                 1.87584
--------------------------------------------------------------------------------
d_ff (derived)            128
--------------------------------------------------------------------------------
best epoch                17
n epochs trained          25
train loss (best ep)      0.176811
val MSRR (best ep)        0.894455
corr 6m, combined         0.119474
corr 6m, base f_firm      0.114872
corr 6m, path 2           0.117620
val Sharpe LS             2.904569
--------------------------------------------------------------------------------
   Completed trials: 44  |  Pruned trials: 6
   Val Sharpe LS  mean=1.3685  std=0.6705  min=-0.4268  max=2.9046
================================================================================
  Best params saved, results1/transformer/transformer-hpt/best_params_per_feature.json
  Trial history saved, results1/transformer/transformer-hpt/trials_per_feature.csv
================================================================================
Study, dual_path_ple
Target, maximise validation long short Sharpe ratio
Total trials, 50
max_epochs per trial, 50  |  patience, 8
n_startup_trials, 10  |  n_warmup_steps, 6
Database, results1/transformer/transformer-hpt/hpt_dual_path.db
--------------------------------------------------------------------------------
Trial  Sharpe  Base6m   Adj6m    Best                  Params (key)  Status
--------------------------------------------------------------------------------
    1  1.3550  0.0953  0.0923  1.3550  d=96  p2h=2  p2L=3  lr=2.03e-04  DONE    *
    2  0.9072  0.1117  0.1279  1.3550  d=128 p2h=1  p2L=1  lr=1.17e-03  DONE  
    3  1.9016  0.1057  0.1043  1.9016  d=96  p2h=1  p2L=3  lr=2.99e-04  DONE    *
    4  1.4288  0.1097  0.0718  1.9016  d=96  p2h=4  p2L=3  lr=2.29e-04  DONE  
    5 -0.4419  0.0499  0.0559  1.9016  d=64  p2h=1  p2L=2  lr=3.27e-03  DONE  
    6  0.8553  0.0919  0.1374  1.9016  d=128 p2h=1  p2L=1  lr=2.16e-03  DONE  
    7  1.4879  0.1003  0.1274  1.9016  d=128 p2h=1  p2L=3  lr=6.34e-05  DONE  
    8  1.6268  0.0682  0.0865  1.9016  d=64  p2h=1  p2L=2  lr=1.13e-03  DONE  
    9  0.7980  0.0500  0.0424  1.9016  d=128 p2h=4  p2L=3  lr=3.16e-03  DONE  
   10  1.7662  0.0914  0.1278  1.9016  d=64  p2h=2  p2L=1  lr=1.33e-03  DONE  
   11  1.7613  0.1081  0.1158  1.9016  d=96  p2h=2  p2L=2  lr=3.80e-04  DONE  
   12  1.9098  0.0839  0.1413  1.9098  d=64  p2h=2  p2L=1  lr=5.79e-04  DONE    *
   13  1.9346  0.1003  0.1431  1.9346  d=64  p2h=2  p2L=2  lr=4.80e-04  DONE    *
   14  1.4486  0.0976  0.1183  1.9346  d=64  p2h=2  p2L=2  lr=4.53e-04  DONE  
   15  1.3808  0.1169  0.1192  1.9346  d=64  p2h=2  p2L=1  lr=6.58e-04  DONE  
   16  0.9218  0.1200  0.1311  1.9346  d=64  p2h=2  p2L=2  lr=1.16e-04  DONE  
   17  1.9221  0.0938  0.1315  1.9346  d=64  p2h=2  p2L=1  lr=6.36e-04  DONE  
   18  1.1406  0.1127  0.1249  1.9346  d=64  p2h=4  p2L=2  lr=7.27e-04  DONE  
   19  1.3846  0.1166  0.1546  1.9346  d=64  p2h=2  p2L=1  lr=1.39e-04  DONE  
   20  0.7881  0.1140  0.0478  1.9346  d=64  p2h=2  p2L=2  lr=8.82e-04  DONE  
   21  1.0398  0.1234  0.1211  1.9346  d=64  p2h=2  p2L=1  lr=1.93e-03  DONE  
   22  1.2043  0.1160  0.1273  1.9346  d=64  p2h=2  p2L=1  lr=5.17e-04  DONE  
   23  1.5313  0.0934  0.1368  1.9346  d=64  p2h=2  p2L=1  lr=5.70e-04  DONE  
   24  1.6510  0.1031  0.1331  1.9346  d=64  p2h=2  p2L=1  lr=3.28e-04  DONE  
   25     nan  0.1074  0.1257  1.9346  d=64  p2h=2  p2L=1  lr=7.89e-04  PRUNED
   26  2.6012  0.1039  0.1013  2.6012  d=64  p2h=4  p2L=2  lr=1.97e-04  DONE    *
   27  0.9052  0.1274  0.1507  2.6012  d=64  p2h=4  p2L=2  lr=1.22e-04  DONE  
   28  1.4672  0.1201  0.1219  2.6012  d=64  p2h=4  p2L=2  lr=6.38e-05  DONE  
   29  2.3207  0.0951  0.1002  2.6012  d=128 p2h=4  p2L=2  lr=1.87e-04  DONE  
   30  1.5682  0.1185  0.1349  2.6012  d=128 p2h=4  p2L=2  lr=1.84e-04  DONE  
   31  1.3691  0.1201  0.1345  2.6012  d=128 p2h=4  p2L=2  lr=2.26e-04  DONE  
   32  1.1415  0.1017  0.1350  2.6012  d=128 p2h=4  p2L=2  lr=9.01e-05  DONE  
   33  1.7784  0.1060  0.1278  2.6012  d=96  p2h=4  p2L=3  lr=1.81e-04  DONE  
   34  1.2518  0.1066  0.1146  2.6012  d=128 p2h=4  p2L=2  lr=2.56e-04  DONE  
   35  1.9481  0.1075  0.1037  2.6012  d=96  p2h=4  p2L=3  lr=3.80e-04  DONE  
   36     nan  0.1132  0.0214  2.6012  d=96  p2h=4  p2L=3  lr=3.36e-04  PRUNED
   37  1.2559  0.1055  0.0967  2.6012  d=96  p2h=4  p2L=3  lr=4.43e-04  DONE  
   38  1.1257  0.1157  0.1340  2.6012  d=96  p2h=4  p2L=3  lr=9.35e-05  DONE  
   39     nan  0.1045  0.1172  2.6012  d=96  p2h=4  p2L=3  lr=1.61e-04  PRUNED
   40  1.4396  0.1079  0.1199  2.6012  d=128 p2h=1  p2L=2  lr=2.73e-04  DONE  
   41  1.4182  0.0859  0.1033  2.6012  d=96  p2h=4  p2L=2  lr=2.21e-04  DONE  
   42  1.2927  0.0916  0.0732  2.6012  d=128 p2h=4  p2L=3  lr=3.80e-04  DONE  
   43  1.2207  0.1179  0.1008  2.6012  d=96  p2h=1  p2L=3  lr=9.88e-04  DONE  
   44  1.0243  0.1141  0.1292  2.6012  d=128 p2h=4  p2L=2  lr=1.24e-03  DONE  
   45  1.3385  0.0940  0.1147  2.6012  d=64  p2h=1  p2L=2  lr=2.84e-04  DONE  
   46  0.8811  0.1222  0.1318  2.6012  d=64  p2h=4  p2L=3  lr=4.34e-04  DONE  
   47  1.7413  0.1037  0.1257  2.6012  d=96  p2h=2  p2L=1  lr=1.47e-03  DONE  
   48  0.6528  0.1268  0.0173  2.6012  d=64  p2h=2  p2L=2  lr=6.46e-04  DONE  
   49 -0.3461 -0.0124 -0.0740  2.6012  d=128 p2h=4  p2L=1  lr=4.85e-03  DONE  
   50  1.5414  0.0741  0.1089  2.6012  d=64  p2h=2  p2L=3  lr=4.97e-04  DONE  
================================================================================
Best trial for variant: ple
Trial number: 26  |  Val Sharpe LS: 2.601172
--------------------------------------------------------------------------------
d_model                   64
d_ff_mult                 4
dropout                   0.126316
n_mlp_layers              3
path2_n_layers            2
path2_n_heads             4
path2_d_ff                256
lambda_aux                0.289728
lambda_aux2               0.18985
lr                        0.000197085
weight_decay              0.000369037
grad_clip                 4.99811
ple_num_bins              32
--------------------------------------------------------------------------------
d_ff (derived)            256
--------------------------------------------------------------------------------
best epoch                9
n epochs trained          17
train loss (best ep)      0.285918
val MSRR (best ep)        0.634014
corr 6m, combined         0.110223
corr 6m, base f_firm      0.103907
corr 6m, path 2           0.101273
val Sharpe LS             2.601172
--------------------------------------------------------------------------------
   Completed trials: 47  |  Pruned trials: 3
   Val Sharpe LS  mean=1.3328  std=0.5419  min=-0.4419  max=2.6012
================================================================================
  Best params saved, results1/transformer/transformer-hpt/best_params_ple.json
  Trial history saved, results1/transformer/transformer-hpt/trials_ple.csv
================================================================================
Study, dual_path_periodic
Target, maximise validation long short Sharpe ratio
Total trials, 50
max_epochs per trial, 50  |  patience, 8
n_startup_trials, 10  |  n_warmup_steps, 6
Database, results1/transformer/transformer-hpt/hpt_dual_path.db
--------------------------------------------------------------------------------
Trial  Sharpe  Base6m   Adj6m    Best                  Params (key)  Status
--------------------------------------------------------------------------------
    1  0.6598  0.1212  0.1436  0.6598  d=96  p2h=2  p2L=3  lr=2.03e-04  DONE    *
    2  0.9395  0.1260  0.1361  0.9395  d=128 p2h=1  p2L=1  lr=1.17e-03  DONE    *
    3  0.8263  0.1026  0.1299  0.9395  d=96  p2h=1  p2L=3  lr=2.99e-04  DONE  
    4  0.8589  0.1168  0.1133  0.9395  d=96  p2h=4  p2L=3  lr=2.29e-04  DONE  
    5  0.8319  0.1105 -0.0627  0.9395  d=64  p2h=1  p2L=2  lr=3.27e-03  DONE  
    6  1.7732  0.0912  0.1460  1.7732  d=128 p2h=1  p2L=1  lr=2.16e-03  DONE    *
    7  1.0809  0.0946  0.1198  1.7732  d=128 p2h=1  p2L=3  lr=6.34e-05  DONE  
    8  0.6108  0.1318  0.1045  1.7732  d=64  p2h=1  p2L=2  lr=1.13e-03  DONE  
    9  0.5633  0.0578  0.0598  1.7732  d=128 p2h=4  p2L=3  lr=3.16e-03  DONE  
   10  1.4427  0.1216  0.1392  1.7732  d=64  p2h=2  p2L=1  lr=1.33e-03  DONE  
   11  0.9042  0.1057  0.1499  1.7732  d=128 p2h=2  p2L=2  lr=5.29e-05  DONE  
   12  1.5491  0.1185  0.1121  1.7732  d=64  p2h=2  p2L=1  lr=1.46e-03  DONE  
   13  0.3442  0.1071 -0.0467  1.7732  d=64  p2h=2  p2L=1  lr=4.93e-03  DONE  
   14  1.1220  0.1167  0.1261  1.7732  d=64  p2h=2  p2L=1  lr=7.57e-04  DONE  
   15 -0.1303  0.1101  0.0078  1.7732  d=128 p2h=4  p2L=1  lr=1.96e-03  DONE  
   16  1.4652  0.1214  0.1364  1.7732  d=128 p2h=1  p2L=2  lr=4.84e-04  DONE  
   17  0.3900  0.0756  0.0842  1.7732  d=64  p2h=2  p2L=1  lr=2.11e-03  DONE  
   18  0.8209  0.1092  0.1363  1.7732  d=128 p2h=1  p2L=1  lr=6.16e-04  DONE  
   19     nan  0.1178  0.0230  1.7732  d=64  p2h=2  p2L=2  lr=1.98e-03  PRUNED
   20  1.2017  0.0910  0.1410  1.7732  d=96  p2h=4  p2L=1  lr=1.13e-04  DONE  
   21  1.5179  0.1295  0.1218  1.7732  d=128 p2h=2  p2L=2  lr=8.69e-04  DONE  
   22     nan  0.1189  0.1260  1.7732  d=128 p2h=2  p2L=2  lr=8.48e-04  PRUNED
   23  2.3121  0.1232  0.1463  2.3121  d=128 p2h=2  p2L=2  lr=4.62e-04  DONE    *
   24  1.5791  0.1236  0.1254  2.3121  d=128 p2h=2  p2L=1  lr=4.39e-04  DONE  
   25  1.4690  0.1093  0.1462  2.3121  d=128 p2h=2  p2L=1  lr=3.88e-04  DONE  
   26  1.4112  0.1014  0.1359  2.3121  d=128 p2h=1  p2L=2  lr=1.29e-04  DONE  
   27  1.2336  0.1203  0.1158  2.3121  d=128 p2h=2  p2L=1  lr=4.50e-04  DONE  
   28  0.9662  0.1203  0.1387  2.3121  d=128 p2h=2  p2L=2  lr=1.43e-04  DONE  
   29  1.5535  0.1170  0.1286  2.3121  d=128 p2h=4  p2L=1  lr=2.88e-04  DONE  
   30  1.0982  0.1196  0.1388  2.3121  d=96  p2h=1  p2L=2  lr=1.72e-04  DONE  
   31  1.0485  0.1192  0.1385  2.3121  d=128 p2h=2  p2L=3  lr=9.12e-05  DONE  
   32  0.8688  0.1226  0.1296  2.3121  d=128 p2h=4  p2L=1  lr=2.20e-04  DONE  
   33  0.9578  0.1194  0.1295  2.3121  d=128 p2h=4  p2L=1  lr=2.92e-04  DONE  
   34  0.9665  0.1181  0.1360  2.3121  d=128 p2h=4  p2L=1  lr=3.12e-04  DONE  
   35  1.9842  0.0901  0.1310  2.3121  d=128 p2h=4  p2L=1  lr=6.54e-04  DONE  
   36  1.6951  0.1120  0.1415  2.3121  d=96  p2h=1  p2L=1  lr=5.20e-04  DONE  
   37  2.4878  0.1180  0.1467  2.4878  d=96  p2h=1  p2L=1  lr=6.04e-04  DONE    *
   38  1.3074  0.1297  0.1435  2.4878  d=96  p2h=1  p2L=1  lr=6.43e-04  DONE  
   39  1.4238  0.1162  0.1200  2.4878  d=96  p2h=1  p2L=3  lr=1.13e-03  DONE  
   40  0.9417  0.1306  0.0659  2.4878  d=96  p2h=1  p2L=2  lr=2.85e-03  DONE  
   41     nan  0.0018  0.0429  2.4878  d=96  p2h=1  p2L=3  lr=4.51e-03  PRUNED
   42  1.6574  0.1301  0.1492  2.4878  d=96  p2h=1  p2L=1  lr=5.71e-04  DONE  
   43  1.2585  0.1089  0.1470  2.4878  d=96  p2h=1  p2L=1  lr=3.66e-04  DONE  
   44  1.8125  0.1074  0.1297  2.4878  d=96  p2h=1  p2L=1  lr=9.15e-04  DONE  
   45  1.9881  0.1286  0.1380  2.4878  d=96  p2h=1  p2L=1  lr=1.02e-03  DONE  
   46  0.2245  0.1399  0.1454  2.4878  d=96  p2h=1  p2L=1  lr=9.96e-04  DONE  
   47  1.2318  0.1186  0.1187  2.4878  d=96  p2h=4  p2L=1  lr=1.51e-03  DONE  
   48  1.3199  0.1077  0.1311  2.4878  d=96  p2h=1  p2L=1  lr=6.92e-04  DONE  
   49  1.8661  0.1161  0.1401  2.4878  d=96  p2h=1  p2L=1  lr=1.63e-03  DONE  
   50  2.0189  0.1219  0.1446  2.4878  d=96  p2h=4  p2L=1  lr=1.63e-03  DONE  
================================================================================
Best trial for variant: periodic
Trial number: 37  |  Val Sharpe LS: 2.487803
--------------------------------------------------------------------------------
d_model                   96
d_ff_mult                 2
dropout                   0.0984264
n_mlp_layers              3
path2_n_layers            1
path2_n_heads             1
path2_d_ff                256
lambda_aux                0.442179
lambda_aux2               0.317753
lr                        0.00060357
weight_decay              5.8169e-06
grad_clip                 0.423732
periodic_num_freq         64
--------------------------------------------------------------------------------
d_ff (derived)            192
--------------------------------------------------------------------------------
best epoch                22
n epochs trained          30
train loss (best ep)      0.273447
val MSRR (best ep)        1.111800
corr 6m, combined         0.145158
corr 6m, base f_firm      0.118014
corr 6m, path 2           0.146672
val Sharpe LS             2.487803
--------------------------------------------------------------------------------
   Completed trials: 47  |  Pruned trials: 3
   Val Sharpe LS  mean=1.2224  std=0.5348  min=-0.1303  max=2.4878
================================================================================
  Best params saved, results1/transformer/transformer-hpt/best_params_periodic.json
  Trial history saved, results1/transformer/transformer-hpt/trials_periodic.csv
================================================================================
Study, dual_path_fourier
Target, maximise validation long short Sharpe ratio
Total trials, 50
max_epochs per trial, 50  |  patience, 8
n_startup_trials, 10  |  n_warmup_steps, 6
Database, results1/transformer/transformer-hpt/hpt_dual_path.db
--------------------------------------------------------------------------------
Trial  Sharpe  Base6m   Adj6m    Best                  Params (key)  Status
--------------------------------------------------------------------------------
    1  0.1136  0.1150  0.1029  0.1136  d=96  p2h=2  p2L=3  lr=2.03e-04  DONE    *
    2  1.2878  0.0821  0.1288  1.2878  d=128 p2h=1  p2L=1  lr=1.17e-03  DONE    *
    3  1.3726  0.1257  0.1231  1.3726  d=96  p2h=1  p2L=3  lr=2.99e-04  DONE    *
    4  2.4550  0.1340  0.1439  2.4550  d=96  p2h=4  p2L=3  lr=2.29e-04  DONE    *
    5  1.4506  0.1181 -0.0044  2.4550  d=64  p2h=1  p2L=2  lr=3.27e-03  DONE  
    6  0.6140  0.1304  0.1016  2.4550  d=128 p2h=1  p2L=1  lr=2.16e-03  DONE  
    7  1.3037  0.0922  0.1390  2.4550  d=128 p2h=1  p2L=3  lr=6.34e-05  DONE  
    8  0.8388  0.0807  0.1275  2.4550  d=64  p2h=1  p2L=2  lr=1.13e-03  DONE  
    9  1.3841 -0.0886  0.0653  2.4550  d=128 p2h=4  p2L=3  lr=3.16e-03  DONE  
   10  0.8312  0.1252  0.1024  2.4550  d=64  p2h=2  p2L=1  lr=1.33e-03  DONE  
   11  1.3478  0.0963  0.1347  2.4550  d=96  p2h=4  p2L=2  lr=5.29e-05  DONE  
   12  1.7397  0.1172  0.1346  2.4550  d=64  p2h=4  p2L=2  lr=4.13e-04  DONE  
   13  0.9697  0.1270  0.1245  2.4550  d=64  p2h=4  p2L=2  lr=3.59e-04  DONE  
   14  1.7034  0.1115  0.1373  2.4550  d=96  p2h=4  p2L=2  lr=1.36e-04  DONE  
   15 -0.3198  0.1185  0.0181  2.4550  d=96  p2h=4  p2L=3  lr=5.01e-04  DONE  
   16  0.7118  0.1118  0.1161  2.4550  d=64  p2h=4  p2L=2  lr=6.31e-04  DONE  
   17  1.3372  0.0976  0.1265  2.4550  d=64  p2h=4  p2L=3  lr=1.17e-04  DONE  
   18  0.6544  0.1347  0.0910  2.4550  d=96  p2h=4  p2L=1  lr=6.37e-04  DONE  
   19  0.7276  0.1105  0.1237  2.4550  d=64  p2h=2  p2L=2  lr=1.96e-04  DONE  
   20  1.1121  0.1208  0.1410  2.4550  d=96  p2h=4  p2L=3  lr=1.13e-04  DONE  
   21  0.9898  0.1239  0.1486  2.4550  d=96  p2h=4  p2L=2  lr=3.03e-04  DONE  
   22  1.0214  0.1285  0.1334  2.4550  d=96  p2h=4  p2L=2  lr=1.30e-04  DONE  
   23  2.1779  0.1220  0.1664  2.4550  d=96  p2h=4  p2L=2  lr=1.83e-04  DONE  
   24  1.2916  0.1293  0.1033  2.4550  d=96  p2h=4  p2L=1  lr=2.24e-04  DONE  
   25  1.4975  0.1276  0.1334  2.4550  d=96  p2h=4  p2L=2  lr=7.89e-05  DONE  
   26  1.5060  0.1201  0.1414  2.4550  d=64  p2h=2  p2L=3  lr=4.35e-04  DONE  
   27  0.2636  0.1283  0.0988  2.4550  d=96  p2h=4  p2L=2  lr=7.25e-04  DONE  
   28  1.3653  0.1334  0.1450  2.4550  d=96  p2h=4  p2L=1  lr=2.35e-04  DONE  
   29  1.5558  0.1291  0.1176  2.4550  d=128 p2h=4  p2L=3  lr=1.68e-04  DONE  
   30  1.1373  0.1039  0.1441  2.4550  d=64  p2h=2  p2L=2  lr=7.97e-05  DONE  
   31  1.3967  0.1281  0.0745  2.4550  d=96  p2h=4  p2L=3  lr=2.59e-04  DONE  
   32  1.6052  0.1245  0.1331  2.4550  d=96  p2h=4  p2L=2  lr=1.47e-04  DONE  
   33  0.8616  0.1175  0.1426  2.4550  d=96  p2h=4  p2L=2  lr=9.40e-05  DONE  
   34  1.3520  0.1243  0.1371  2.4550  d=96  p2h=4  p2L=2  lr=1.76e-04  DONE  
   35  0.9283  0.1357  0.1281  2.4550  d=96  p2h=4  p2L=2  lr=3.80e-04  DONE  
   36     nan  0.1319  0.1147  2.4550  d=96  p2h=2  p2L=1  lr=3.16e-04  PRUNED
   37  0.4507  0.1319  0.1308  2.4550  d=128 p2h=1  p2L=2  lr=4.80e-04  DONE  
   38  1.1001  0.1228  0.1119  2.4550  d=96  p2h=4  p2L=2  lr=8.58e-04  DONE  
   39  1.0488  0.1281  0.1218  2.4550  d=64  p2h=1  p2L=3  lr=2.58e-04  DONE  
   40  1.2493  0.1258  0.1411  2.4550  d=128 p2h=4  p2L=1  lr=1.52e-04  DONE  
   41     nan  0.0230  0.0776  2.4550  d=96  p2h=1  p2L=3  lr=4.51e-03  PRUNED
   42  1.7112  0.1305  0.1323  2.4550  d=96  p2h=4  p2L=2  lr=1.46e-04  DONE  
   43  1.4556  0.1252  0.1497  2.4550  d=96  p2h=4  p2L=2  lr=9.73e-05  DONE  
   44  1.6435  0.1288  0.1245  2.4550  d=96  p2h=4  p2L=2  lr=1.82e-04  DONE  
   45  1.0547  0.1270  0.1462  2.4550  d=96  p2h=4  p2L=2  lr=2.03e-04  DONE  
   46  0.6954  0.1138  0.1459  2.4550  d=64  p2h=4  p2L=2  lr=5.80e-05  DONE  
   47     nan  0.1251  0.1297  2.4550  d=128 p2h=4  p2L=2  lr=1.35e-04  PRUNED
   48     nan  0.1474  0.0119  2.4550  d=96  p2h=4  p2L=2  lr=1.80e-03  PRUNED
   49  1.4857  0.1215  0.1230  2.4550  d=64  p2h=1  p2L=1  lr=3.74e-04  DONE  
   50  1.7424  0.1310  0.1178  2.4550  d=96  p2h=2  p2L=3  lr=2.81e-04  DONE  
================================================================================
Best trial for variant: fourier
Trial number: 4  |  Val Sharpe LS: 2.455019
--------------------------------------------------------------------------------
d_model                   96
d_ff_mult                 2
dropout                   0.0874991
n_mlp_layers              1
path2_n_layers            3
path2_n_heads             4
path2_d_ff                256
lambda_aux                0.445241
lambda_aux2               0.349319
lr                        0.000229491
weight_decay              2.0787e-07
grad_clip                 1.62381
periodic_num_freq         32
--------------------------------------------------------------------------------
d_ff (derived)            192
--------------------------------------------------------------------------------
best epoch                7
n epochs trained          15
train loss (best ep)      0.779128
val MSRR (best ep)        1.114429
corr 6m, combined         0.147379
corr 6m, base f_firm      0.134050
corr 6m, path 2           0.143941
val Sharpe LS             2.455019
--------------------------------------------------------------------------------
   Completed trials: 46  |  Pruned trials: 4
   Val Sharpe LS  mean=1.1788  std=0.5032  min=-0.3198  max=2.4550
================================================================================
  Best params saved, results1/transformer/transformer-hpt/best_params_fourier.json
  Trial history saved, results1/transformer/transformer-hpt/trials_fourier.csv
==========================================================================================
 Cross-variant summary
------------------------------------------------------------------------------------------
Variant           Sharpe  Best Sharpe Path2Corr Triald_modelp2_heads        lrp2_layers
------------------------------------------------------------------------------------------
  linear            2.547781       0.121067    0.132631       5       64         4    1.66e-03          1
  per_feature       2.904569       0.114872    0.117620      29       64         4    5.14e-04          1
  ple               2.601172       0.103907    0.101273      26       64         4    1.97e-04          2
  periodic          2.487803       0.118014    0.146672      37       96         1    6.04e-04          1
  fourier           2.455019       0.134050    0.143941       4       96         4    2.29e-04          3
==========================================================================================
Master trial summary saved, results1/transformer/transformer-hpt/all_trials_summary.csv
Columns, ['variant', 'number', 'value', 'datetime_start', 'datetime_complete', 'duration', 'params_d_ff_mult', 'params_d_model', 'params_dropout', 'params_grad_clip', 'params_lambda_aux', 'params_lambda_aux2', 'params_lr', 'params_n_mlp_layers', 'params_path2_d_ff', 'params_path2_n_heads', 'params_path2_n_layers', 'params_weight_decay', 'user_attrs_best_base_corr_6m', 'user_attrs_best_corr_6m', 'user_attrs_best_epoch', 'user_attrs_best_path2_corr_6m', 'user_attrs_best_train_loss', 'user_attrs_best_val_loss', 'user_attrs_last_base_corr_6m', 'user_attrs_last_corr_6m', 'user_attrs_last_epoch', 'user_attrs_last_path2_corr_6m', 'user_attrs_last_train_loss', 'user_attrs_last_val_loss', 'user_attrs_n_epochs_trained', 'user_attrs_val_sharpe_ls', 'state', 'params_ple_num_bins', 'params_periodic_num_freq']
==========================================================================================
