K0 characteristics, 55
K1 characteristics, 97
Countries, 24
Device, cuda
Loading training and validation datasets
(datasets are loaded once and shared across all trials for each variant)
Train months, 252  |  Val months, 60
================================================================================
Study, dual_path_linear
Target, maximise validation long short Sharpe ratio
Total trials, 50
max_epochs per trial, 50  |  patience, 8
n_startup_trials, 10  |  n_warmup_steps, 6
Database, results1/transformer/transformer-hpt/hpt_dual_path.db
--------------------------------------------------------------------------------
Trial  Sharpe  Base6m   Adj6m    Best                  Params (key)  Status
--------------------------------------------------------------------------------
    1  1.5824  0.1239 -0.0974  1.5824  d=96  h=2  L=2  lr=2.31e-03  DONE    *
    2  1.2618  0.1125  0.0242  1.5824  d=128 h=8  L=2  lr=5.34e-04  DONE  
    3  1.8403  0.1182  0.0789  1.8403  d=64  h=4  L=3  lr=5.86e-05  DONE    *
    4  2.2584  0.1308  0.0191  2.2584  d=64  h=8  L=3  lr=1.23e-04  DONE    *
    5  1.8456  0.1331  0.0086  2.2584  d=128 h=8  L=1  lr=5.13e-05  DONE  
    6  1.4946  0.1214  0.0936  2.2584  d=96  h=8  L=1  lr=9.42e-04  DONE  
    7  2.5635  0.1313  0.0426  2.5635  d=128 h=4  L=1  lr=2.13e-04  DONE    *
    8  1.7573  0.1259 -0.0341  2.5635  d=128 h=8  L=3  lr=1.18e-04  DONE  
    9  1.6676  0.1260 -0.0199  2.5635  d=96  h=8  L=1  lr=8.68e-05  DONE  
   10  0.9965  0.1173  0.0503  2.5635  d=128 h=4  L=1  lr=5.06e-04  DONE  
   11     nan  0.0927  0.0063  2.5635  d=128 h=4  L=2  lr=3.89e-03  PRUNED
   12  1.9930  0.1137  0.0405  2.5635  d=64  h=2  L=3  lr=2.11e-04  DONE  
   13  2.0671  0.1286  0.0255  2.5635  d=64  h=4  L=2  lr=2.42e-04  DONE  
   14  1.8010  0.1178  0.0056  2.5635  d=64  h=4  L=3  lr=2.02e-04  DONE  
   15  2.3861  0.1363  0.0746  2.5635  d=64  h=2  L=2  lr=1.29e-04  DONE  
   16  2.4067  0.1366  0.0842  2.5635  d=128 h=2  L=2  lr=3.93e-04  DONE  
   17  1.4850  0.1200  0.0878  2.5635  d=128 h=2  L=1  lr=5.18e-04  DONE  
   18     nan  0.1032  0.0425  2.5635  d=128 h=2  L=2  lr=1.03e-03  PRUNED
   19  2.4933  0.1259  0.0510  2.5635  d=128 h=2  L=1  lr=3.34e-04  DONE  
   20  1.6375  0.1201  0.0604  2.5635  d=128 h=4  L=1  lr=1.03e-03  DONE  
   21  1.7005  0.1210  0.0151  2.5635  d=128 h=2  L=1  lr=2.89e-04  DONE  
   22  1.5391  0.1312 -0.0032  2.5635  d=128 h=2  L=1  lr=3.40e-04  DONE  
   23  1.7249  0.1221  0.0981  2.5635  d=128 h=2  L=2  lr=4.06e-04  DONE  
   24  2.7243  0.1256  0.0754  2.7243  d=128 h=2  L=1  lr=7.48e-04  DONE    *
   25  1.0408  0.1095 -0.0594  2.7243  d=128 h=2  L=1  lr=1.73e-03  DONE  
   26     nan  0.1153  0.0070  2.7243  d=96  h=4  L=1  lr=6.92e-04  PRUNED
   27  1.6814  0.1255  0.0188  2.7243  d=128 h=2  L=1  lr=1.69e-04  DONE  
   28  1.5037  0.1167  0.0634  2.7243  d=128 h=4  L=1  lr=1.76e-03  DONE  
   29  1.3100  0.1116  0.0806  2.7243  d=128 h=2  L=1  lr=7.62e-04  DONE  
   30  1.7268  0.1213  0.0748  2.7243  d=96  h=2  L=1  lr=1.43e-03  DONE  
   31  2.2967  0.1252  0.0859  2.7243  d=128 h=4  L=1  lr=3.09e-03  DONE  
   32  2.3799  0.1257  0.0959  2.7243  d=128 h=2  L=2  lr=3.72e-04  DONE  
   33  2.4524  0.1347 -0.0307  2.7243  d=128 h=2  L=2  lr=2.76e-04  DONE  
   34  1.6604  0.1204  0.0154  2.7243  d=128 h=2  L=2  lr=2.64e-04  DONE  
   35  1.7099  0.1322  0.0204  2.7243  d=128 h=2  L=2  lr=1.59e-04  DONE  
   36     nan  0.1131  0.1064  2.7243  d=128 h=2  L=1  lr=7.17e-05  PRUNED
   37  1.1859  0.1283  0.0562  2.7243  d=96  h=2  L=1  lr=6.61e-04  DONE  
   38  1.6582  0.1265 -0.0139  2.7243  d=128 h=8  L=1  lr=9.47e-05  DONE  
   39  1.2906  0.1437  0.0457  2.7243  d=128 h=4  L=1  lr=3.17e-04  DONE  
   40     nan  0.1314 -0.0669  2.7243  d=96  h=8  L=3  lr=5.01e-04  PRUNED
   41  1.6278  0.1289 -0.0157  2.7243  d=128 h=2  L=2  lr=1.35e-04  DONE  
   42  1.1826  0.1116 -0.0668  2.7243  d=128 h=2  L=2  lr=4.24e-04  DONE  
   43  1.2841  0.1251  0.0053  2.7243  d=128 h=2  L=2  lr=2.00e-04  DONE  
   44  1.2879  0.1261  0.0597  2.7243  d=128 h=2  L=2  lr=2.73e-04  DONE  
   45  1.1483  0.1346  0.0337  2.7243  d=128 h=2  L=3  lr=8.48e-04  DONE  
   46  2.5373  0.1294  0.0364  2.7243  d=64  h=8  L=2  lr=6.29e-04  DONE  
   47  1.8076  0.1209  0.0229  2.7243  d=64  h=8  L=1  lr=5.77e-04  DONE  
   48     nan  0.1188 -0.0582  2.7243  d=64  h=8  L=2  lr=1.16e-03  PRUNED
   49     nan  0.1222  0.0253  2.7243  d=64  h=8  L=3  lr=4.75e-04  PRUNED
   50  2.0006  0.1324 -0.0501  2.7243  d=64  h=8  L=1  lr=6.36e-04  DONE  
================================================================================
Best trial for variant: linear
Trial number: 24  |  Val Sharpe LS: 2.724345
--------------------------------------------------------------------------------
d_model                   128
n_heads                   2
d_ff_mult                 2
n_layers                  1
dropout                   0.225477
n_mlp_layers              1
lambda_aux                0.457649
lr                        0.000747598
weight_decay              5.22177e-07
grad_clip                 3.98011
--------------------------------------------------------------------------------
d_ff (derived)            256
--------------------------------------------------------------------------------
best epoch                13
n epochs trained          21
train loss (best ep)      0.299639
val MSRR (best ep)        0.946388
corr 6m, combined         0.120188
corr 6m, base f_firm      0.125578
corr 6m, adjustment       0.075414
val Sharpe LS             2.724345
--------------------------------------------------------------------------------
   Completed trials: 43  |  Pruned trials: 7
   Val Sharpe LS  mean=1.7674  std=0.4518  min=0.9965  max=2.7243
================================================================================
  Best params saved, results1/transformer/transformer-hpt/best_params_linear.json
  Trial history saved, results1/transformer/transformer-hpt/trials_linear.csv
================================================================================
Study, dual_path_per_feature
Target, maximise validation long short Sharpe ratio
Total trials, 50
max_epochs per trial, 50  |  patience, 8
n_startup_trials, 10  |  n_warmup_steps, 6
Database, results1/transformer/transformer-hpt/hpt_dual_path.db
--------------------------------------------------------------------------------
Trial  Sharpe  Base6m   Adj6m    Best                  Params (key)  Status
--------------------------------------------------------------------------------
    1  3.3555  0.1241 -0.0894  3.3555  d=96  h=2  L=2  lr=2.31e-03  DONE    *
    2  0.5776  0.1142  0.0889  3.3555  d=128 h=8  L=2  lr=5.34e-04  DONE  
    3  1.5273  0.0875  0.0838  3.3555  d=64  h=4  L=3  lr=5.86e-05  DONE  
    4  1.9196  0.1292 -0.0601  3.3555  d=64  h=8  L=3  lr=1.23e-04  DONE  
    5  1.8772  0.1254  0.0491  3.3555  d=128 h=8  L=1  lr=5.13e-05  DONE  
    6  1.8114  0.1164  0.0532  3.3555  d=96  h=8  L=1  lr=9.42e-04  DONE  
    7  1.7416  0.1239  0.0363  3.3555  d=128 h=4  L=1  lr=2.13e-04  DONE  
    8  1.7750  0.1226  0.0195  3.3555  d=128 h=8  L=3  lr=1.18e-04  DONE  
    9  1.2373  0.1172  0.0291  3.3555  d=96  h=8  L=1  lr=8.68e-05  DONE  
   10  1.5188  0.1109  0.0056  3.3555  d=128 h=4  L=1  lr=5.06e-04  DONE  
   11     nan  0.1111  0.0426  3.3555  d=96  h=2  L=2  lr=4.26e-03  PRUNED
   12     nan  0.1111  0.0785  3.3555  d=64  h=2  L=2  lr=4.87e-03  PRUNED
   13     nan  0.1081  0.0043  3.3555  d=64  h=2  L=3  lr=1.79e-03  PRUNED
   14  1.7248  0.1324  0.0737  3.3555  d=64  h=2  L=2  lr=2.66e-04  DONE  
   15     nan  0.1014  0.0065  3.3555  d=96  h=2  L=3  lr=1.94e-03  PRUNED
   16  1.2840  0.1106  0.0690  3.3555  d=64  h=8  L=2  lr=2.00e-04  DONE  
   17  0.9893  0.1104  0.0966  3.3555  d=96  h=2  L=3  lr=1.57e-03  DONE  
   18  1.4827  0.1216  0.0358  3.3555  d=64  h=2  L=2  lr=4.40e-04  DONE  
   19     nan  0.0865  0.0668  3.3555  d=96  h=8  L=3  lr=9.21e-04  PRUNED
   20     nan  0.0963  0.0643  3.3555  d=64  h=4  L=2  lr=2.79e-03  PRUNED
   21  1.9032  0.1240 -0.0284  3.3555  d=96  h=8  L=3  lr=1.12e-04  DONE  
   22     nan  0.1118  0.0381  3.3555  d=96  h=8  L=3  lr=1.01e-04  PRUNED
   23  1.8506  0.1228  0.0703  3.3555  d=96  h=8  L=3  lr=1.45e-04  DONE  
   24  2.1684  0.1210 -0.0189  3.3555  d=96  h=8  L=3  lr=2.85e-04  DONE  
   25  1.6762  0.1291  0.0605  3.3555  d=96  h=8  L=3  lr=3.71e-04  DONE  
   26  0.7295  0.1177  0.0408  3.3555  d=96  h=2  L=2  lr=9.68e-04  DONE  
   27     nan  0.1048  0.0890  3.3555  d=64  h=8  L=3  lr=7.20e-05  PRUNED
   28  2.4606  0.1321  0.0292  3.3555  d=96  h=8  L=2  lr=1.61e-04  DONE  
   29  2.2164  0.1192 -0.0394  3.3555  d=96  h=4  L=2  lr=3.05e-04  DONE  
   30  1.3694  0.1114  0.1055  3.3555  d=96  h=4  L=2  lr=6.12e-04  DONE  
   31  0.9995  0.1348  0.0292  3.3555  d=96  h=4  L=2  lr=1.75e-04  DONE  
   32  2.5506  0.1286  0.0242  3.3555  d=96  h=4  L=2  lr=3.01e-04  DONE  
   33  1.9159  0.1234 -0.0130  3.3555  d=96  h=4  L=2  lr=6.38e-04  DONE  
   34     nan  0.1115  0.0816  3.3555  d=96  h=4  L=2  lr=3.32e-04  PRUNED
   35     nan  0.1092  0.0637  3.3555  d=96  h=4  L=2  lr=1.59e-04  PRUNED
   36     nan  0.1098  0.0671  3.3555  d=96  h=4  L=2  lr=2.49e-04  PRUNED
   37     nan  0.1152  0.0008  3.3555  d=128 h=4  L=2  lr=7.57e-04  PRUNED
   38     nan  0.0964  0.1057  3.3555  d=96  h=4  L=1  lr=6.31e-05  PRUNED
   39     nan  0.1190 -0.0787  3.3555  d=96  h=4  L=2  lr=1.22e-03  PRUNED
   40  1.0335  0.1034  0.0765  3.3555  d=128 h=4  L=1  lr=2.73e-03  DONE  
   41     nan  0.1177  0.0606  3.3555  d=96  h=2  L=2  lr=4.17e-04  PRUNED
   42  2.3298  0.1286  0.0392  3.3555  d=96  h=8  L=1  lr=2.74e-04  DONE  
   43     nan  0.1183  0.0745  3.3555  d=96  h=8  L=1  lr=3.24e-04  PRUNED
   44  3.0839  0.1297 -0.0056  3.3555  d=96  h=8  L=1  lr=2.24e-04  DONE  
   45  1.4915  0.1187  0.0222  3.3555  d=96  h=8  L=1  lr=2.20e-04  DONE  
   46     nan  0.1192  0.0126  3.3555  d=128 h=8  L=1  lr=1.53e-04  PRUNED
   47  3.0797  0.1285  0.0451  3.3555  d=96  h=8  L=1  lr=1.29e-04  DONE  
   48  3.2520  0.1287  0.0548  3.3555  d=96  h=8  L=1  lr=1.26e-04  DONE  
   49  1.8836  0.1197  0.1023  3.3555  d=96  h=2  L=1  lr=8.45e-05  DONE  
   50  2.3720  0.1226  0.0851  3.3555  d=96  h=8  L=1  lr=8.52e-05  DONE  
================================================================================
Best trial for variant: per_feature
Trial number: 1  |  Val Sharpe LS: 3.355453
--------------------------------------------------------------------------------
d_model                   96
n_heads                   2
d_ff_mult                 4
n_layers                  2
dropout                   0.286148
n_mlp_layers              1
lambda_aux                0.487964
lr                        0.00231129
weight_decay              1.15264e-06
grad_clip                 0.990942
--------------------------------------------------------------------------------
d_ff (derived)            384
--------------------------------------------------------------------------------
best epoch                8
n epochs trained          16
train loss (best ep)      1.184193
val MSRR (best ep)        0.611765
corr 6m, combined         0.124092
corr 6m, base f_firm      0.124077
corr 6m, adjustment       -0.089373
val Sharpe LS             3.355453
--------------------------------------------------------------------------------
   Completed trials: 33  |  Pruned trials: 17
   Val Sharpe LS  mean=1.8542  std=0.6822  min=0.5776  max=3.3555
================================================================================
  Best params saved, results1/transformer/transformer-hpt/best_params_per_feature.json
  Trial history saved, results1/transformer/transformer-hpt/trials_per_feature.csv
================================================================================
Study, dual_path_ple
Target, maximise validation long short Sharpe ratio
Total trials, 50
max_epochs per trial, 50  |  patience, 8
n_startup_trials, 10  |  n_warmup_steps, 6
Database, results1/transformer/transformer-hpt/hpt_dual_path.db
--------------------------------------------------------------------------------
Trial  Sharpe  Base6m   Adj6m    Best                  Params (key)  Status
--------------------------------------------------------------------------------
    1  1.2518  0.0939  0.0371  1.2518  d=96  h=2  L=2  lr=2.31e-03  DONE    *
    2  2.3237  0.0920 -0.0576  2.3237  d=128 h=8  L=1  lr=8.20e-04  DONE    *
    3  1.3037  0.0940 -0.0054  2.3237  d=128 h=8  L=1  lr=6.20e-04  DONE  
    4  1.7152  0.0871 -0.0637  2.3237  d=96  h=8  L=3  lr=9.57e-05  DONE  
    5  1.4829  0.0916  0.0398  2.3237  d=96  h=4  L=3  lr=2.09e-04  DONE  
    6  1.9175  0.1022  0.0618  2.3237  d=128 h=4  L=1  lr=2.13e-04  DONE  
    7  0.3746  0.0729 -0.0447  2.3237  d=128 h=4  L=3  lr=2.06e-03  DONE  
    8  2.4218  0.1107 -0.0137  2.4218  d=96  h=2  L=3  lr=2.67e-04  DONE    *
    9  1.4148  0.1059  0.0725  2.4218  d=128 h=2  L=1  lr=1.10e-03  DONE  
   10  1.8779  0.0987  0.0526  2.4218  d=64  h=2  L=3  lr=9.76e-04  DONE  
   11  2.1351  0.1143  0.0399  2.4218  d=64  h=2  L=2  lr=5.46e-05  DONE  
   12  1.9949  0.1164 -0.0352  2.4218  d=96  h=8  L=2  lr=3.76e-04  DONE  
   13 -0.0988  0.0104  0.0517  2.4218  d=128 h=8  L=2  lr=4.46e-03  DONE  
   14  1.9846  0.1173  0.0421  2.4218  d=96  h=2  L=1  lr=3.36e-04  DONE  
   15  1.8645  0.0943  0.0461  2.4218  d=64  h=8  L=2  lr=1.59e-04  DONE  
   16  2.1256  0.1132  0.0836  2.4218  d=128 h=2  L=1  lr=5.76e-04  DONE  
   17  2.0393  0.1030 -0.0588  2.4218  d=96  h=8  L=3  lr=1.08e-03  DONE  
   18  2.1279  0.1119  0.0728  2.4218  d=96  h=2  L=2  lr=4.64e-04  DONE  
   19  1.8006  0.1016  0.0592  2.4218  d=128 h=8  L=2  lr=1.20e-04  DONE  
   20  1.7472  0.0885  0.0165  2.4218  d=64  h=4  L=3  lr=2.90e-04  DONE  
   21  1.8111  0.1259  0.0966  2.4218  d=128 h=8  L=1  lr=1.90e-03  DONE  
   22  1.8435  0.1292  0.0752  2.4218  d=64  h=2  L=2  lr=5.58e-05  DONE  
   23  1.7169  0.1299  0.1142  2.4218  d=64  h=2  L=2  lr=6.02e-05  DONE  
   24  2.2340  0.1009  0.0309  2.4218  d=64  h=2  L=3  lr=8.95e-05  DONE  
   25  2.2718  0.0853  0.0313  2.4218  d=64  h=2  L=3  lr=9.32e-05  DONE  
   26  1.8760  0.1155  0.0832  2.4218  d=64  h=2  L=3  lr=1.52e-04  DONE  
   27  1.9876  0.1045  0.0830  2.4218  d=96  h=2  L=3  lr=2.34e-04  DONE  
   28  1.7166  0.0785  0.0505  2.4218  d=128 h=2  L=3  lr=6.92e-04  DONE  
   29  1.8598  0.0930  0.0583  2.4218  d=64  h=4  L=3  lr=8.55e-05  DONE  
   30  1.6745  0.0964 -0.0529  2.4218  d=96  h=8  L=2  lr=3.68e-03  DONE  
   31  0.8126  0.0807 -0.0050  2.4218  d=96  h=2  L=1  lr=1.39e-03  DONE  
   32  2.8173  0.0770  0.0569  2.8173  d=64  h=2  L=3  lr=8.33e-05  DONE    *
   33  1.8105  0.1162  0.0558  2.8173  d=64  h=2  L=3  lr=1.45e-04  DONE  
   34  1.8114  0.0893  0.0622  2.8173  d=64  h=2  L=3  lr=7.84e-05  DONE  
   35  2.1918  0.0877  0.0491  2.8173  d=64  h=2  L=3  lr=1.17e-04  DONE  
   36  1.7519  0.1271  0.0845  2.8173  d=64  h=8  L=3  lr=7.42e-05  DONE  
   37  2.0395  0.1209  0.0824  2.8173  d=128 h=4  L=3  lr=2.00e-04  DONE  
   38  1.9818  0.1198  0.0305  2.8173  d=96  h=2  L=3  lr=6.98e-04  DONE  
   39  3.3039  0.1230  0.0654  3.3039  d=128 h=2  L=3  lr=1.08e-04  DONE    *
   40  1.5274  0.0964  0.0568  3.3039  d=128 h=8  L=1  lr=2.80e-03  DONE  
   41  1.9165  0.1128  0.0755  3.3039  d=128 h=4  L=3  lr=1.18e-04  DONE  
   42  2.0737  0.1075  0.0734  3.3039  d=128 h=2  L=3  lr=6.48e-05  DONE  
   43  1.5060  0.1122  0.0570  3.3039  d=128 h=2  L=3  lr=1.10e-04  DONE  
   44  1.6154  0.0968  0.0456  3.3039  d=128 h=2  L=3  lr=2.55e-04  DONE  
   45  1.5854  0.1079  0.0358  3.3039  d=96  h=2  L=3  lr=1.75e-04  DONE  
   46  1.1035  0.1022  0.0492  3.3039  d=128 h=2  L=3  lr=4.05e-04  DONE  
   47  1.8105  0.1085  0.0263  3.3039  d=64  h=2  L=2  lr=9.92e-05  DONE  
   48  1.8291  0.0927  0.0103  3.3039  d=128 h=8  L=3  lr=5.19e-04  DONE  
   49  2.2531  0.1155  0.0892  3.3039  d=96  h=2  L=2  lr=5.08e-05  DONE  
   50  1.7648  0.1119  0.0349  3.3039  d=64  h=8  L=1  lr=3.10e-04  DONE  
================================================================================
Best trial for variant: ple
Trial number: 39  |  Val Sharpe LS: 3.303911
--------------------------------------------------------------------------------
d_model                   128
n_heads                   2
d_ff_mult                 4
n_layers                  3
dropout                   0.188211
n_mlp_layers              2
lambda_aux                0.351497
lr                        0.00010768
weight_decay              0.000140991
grad_clip                 3.77537
ple_num_bins              32
--------------------------------------------------------------------------------
d_ff (derived)            512
--------------------------------------------------------------------------------
best epoch                13
n epochs trained          21
train loss (best ep)      0.069032
val MSRR (best ep)        0.635401
corr 6m, combined         0.110382
corr 6m, base f_firm      0.122972
corr 6m, adjustment       0.065377
val Sharpe LS             3.303911
--------------------------------------------------------------------------------
   Completed trials: 50  |  Pruned trials: 0
   Val Sharpe LS  mean=1.8061  std=0.5217  min=-0.0988  max=3.3039
================================================================================
  Best params saved, results1/transformer/transformer-hpt/best_params_ple.json
  Trial history saved, results1/transformer/transformer-hpt/trials_ple.csv
================================================================================
Study, dual_path_periodic
Target, maximise validation long short Sharpe ratio
Total trials, 50
max_epochs per trial, 50  |  patience, 8
n_startup_trials, 10  |  n_warmup_steps, 6
Database, results1/transformer/transformer-hpt/hpt_dual_path.db
--------------------------------------------------------------------------------
Trial  Sharpe  Base6m   Adj6m    Best                  Params (key)  Status
--------------------------------------------------------------------------------
    1  1.2882  0.1307 -0.0869  1.2882  d=96  h=2  L=2  lr=2.31e-03  DONE    *
    2  1.6814  0.1126  0.0472  1.6814  d=128 h=8  L=1  lr=8.20e-04  DONE    *
    3  1.7952  0.0964  0.0687  1.7952  d=128 h=8  L=1  lr=6.20e-04  DONE    *
    4  1.4027  0.1247  0.0013  1.7952  d=96  h=8  L=3  lr=9.57e-05  DONE  
    5  2.0259  0.0861  0.0902  2.0259  d=96  h=4  L=3  lr=2.09e-04  DONE    *
    6  1.7467  0.1343  0.0395  2.0259  d=128 h=4  L=1  lr=2.13e-04  DONE  
    7 -0.1803 -0.0011 -0.0566  2.0259  d=128 h=4  L=3  lr=2.06e-03  DONE  
    8  2.2673  0.1102 -0.0268  2.2673  d=96  h=2  L=3  lr=2.67e-04  DONE    *
    9  0.9294  0.1093  0.0575  2.2673  d=128 h=2  L=1  lr=1.10e-03  DONE  
   10  1.8133  0.0920 -0.0147  2.2673  d=64  h=2  L=3  lr=9.76e-04  DONE  
   11     nan  0.0784  0.0654  2.2673  d=64  h=2  L=2  lr=5.46e-05  PRUNED
   12     nan  0.1134 -0.0403  2.2673  d=96  h=4  L=3  lr=3.03e-04  PRUNED
   13     nan  0.0962  0.0915  2.2673  d=96  h=4  L=2  lr=2.48e-04  PRUNED
   14     nan  0.0724  0.0488  2.2673  d=96  h=2  L=3  lr=1.35e-04  PRUNED
   15  2.1244  0.1101  0.0223  2.2673  d=96  h=4  L=2  lr=4.24e-04  DONE  
   16  1.5399  0.1018  0.0789  2.2673  d=96  h=4  L=2  lr=4.96e-04  DONE  
   17  1.7880  0.1213  0.0681  2.2673  d=96  h=2  L=2  lr=4.26e-03  DONE  
   18  0.7558  0.1308 -0.0787  2.2673  d=64  h=2  L=2  lr=3.90e-04  DONE  
   19     nan  0.0913  0.0617  2.2673  d=96  h=4  L=2  lr=1.20e-04  PRUNED
   20     nan  0.1111  0.0661  2.2673  d=96  h=8  L=3  lr=5.42e-05  PRUNED
   21  2.0204  0.1225 -0.0180  2.2673  d=64  h=4  L=2  lr=1.43e-03  DONE  
   22  2.1172  0.1025  0.1250  2.2673  d=96  h=4  L=3  lr=1.74e-04  DONE  
   23     nan  0.0946  0.0797  2.2673  d=96  h=4  L=3  lr=1.49e-04  PRUNED
   24     nan  0.0936  0.0886  2.2673  d=96  h=4  L=3  lr=3.74e-04  PRUNED
   25     nan  0.0917  0.0660  2.2673  d=96  h=4  L=3  lr=9.01e-05  PRUNED
   26  1.6653  0.1195  0.0067  2.2673  d=96  h=2  L=3  lr=5.25e-04  DONE  
   27  1.8638  0.1154  0.0270  2.2673  d=96  h=4  L=2  lr=1.73e-04  DONE  
   28     nan  0.0835  0.0675  2.2673  d=96  h=4  L=3  lr=3.48e-04  PRUNED
   29     nan  0.0613  0.0915  2.2673  d=64  h=8  L=2  lr=7.79e-05  PRUNED
   30     nan  0.0903  0.0941  2.2673  d=96  h=2  L=1  lr=2.66e-04  PRUNED
   31  1.7570  0.1156  0.0678  2.2673  d=96  h=2  L=3  lr=6.24e-04  DONE  
   32     nan  0.0906  0.0973  2.2673  d=96  h=4  L=3  lr=2.30e-04  PRUNED
   33  1.5573  0.0674  0.1372  2.2673  d=96  h=4  L=3  lr=1.84e-04  DONE  
   34  0.9389  0.1281  0.0697  2.2673  d=96  h=4  L=3  lr=7.88e-04  DONE  
   35     nan  0.0330  0.1003  2.2673  d=96  h=8  L=3  lr=1.15e-04  PRUNED
   36  2.9534  0.1215  0.0427  2.9534  d=128 h=4  L=1  lr=4.11e-04  DONE    *
   37     nan  0.1063  0.0659  2.9534  d=128 h=4  L=1  lr=4.79e-04  PRUNED
   38     nan  0.0974  0.0692  2.9534  d=128 h=8  L=1  lr=7.43e-04  PRUNED
   39     nan  0.0670  0.0715  2.9534  d=128 h=4  L=1  lr=3.28e-04  PRUNED
   40  0.8122  0.1182 -0.0209  2.9534  d=128 h=4  L=1  lr=4.29e-04  DONE  
   41  2.1571  0.1114  0.0369  2.9534  d=128 h=2  L=2  lr=6.39e-04  DONE  
   42  1.5409  0.1216  0.0608  2.9534  d=128 h=2  L=2  lr=6.11e-04  DONE  
   43  1.7198  0.1077  0.0903  2.9534  d=128 h=2  L=1  lr=1.28e-03  DONE  
   44  2.1854  0.0913  0.0993  2.9534  d=128 h=2  L=2  lr=2.88e-04  DONE  
   45  1.9961  0.0831  0.0800  2.9534  d=128 h=2  L=2  lr=2.89e-04  DONE  
   46  0.5780  0.1202  0.0082  2.9534  d=128 h=2  L=2  lr=9.59e-04  DONE  
   47  2.7453  0.1122  0.0580  2.9534  d=128 h=2  L=2  lr=5.59e-04  DONE  
   48  1.8728  0.1141  0.0723  2.9534  d=128 h=2  L=2  lr=6.05e-04  DONE  
   49  1.5207  0.1124  0.0821  2.9534  d=128 h=2  L=1  lr=1.45e-03  DONE  
   50     nan  0.0989  0.0861  2.9534  d=128 h=2  L=2  lr=6.91e-04  PRUNED
================================================================================
Best trial for variant: periodic
Trial number: 36  |  Val Sharpe LS: 2.953416
--------------------------------------------------------------------------------
d_model                   128
n_heads                   4
d_ff_mult                 2
n_layers                  1
dropout                   0.346458
n_mlp_layers              1
lambda_aux                0.161674
lr                        0.000411389
weight_decay              9.79608e-05
grad_clip                 3.01796
periodic_num_freq         32
--------------------------------------------------------------------------------
d_ff (derived)            256
--------------------------------------------------------------------------------
best epoch                21
n epochs trained          29
train loss (best ep)      0.095375
val MSRR (best ep)        0.513837
corr 6m, combined         0.112164
corr 6m, base f_firm      0.121492
corr 6m, adjustment       0.042683
val Sharpe LS             2.953416
--------------------------------------------------------------------------------
   Completed trials: 32  |  Pruned trials: 18
   Val Sharpe LS  mean=1.6556  std=0.6154  min=-0.1803  max=2.9534
================================================================================
  Best params saved, results1/transformer/transformer-hpt/best_params_periodic.json
  Trial history saved, results1/transformer/transformer-hpt/trials_periodic.csv
================================================================================
Study, dual_path_fourier
Target, maximise validation long short Sharpe ratio
Total trials, 50
max_epochs per trial, 50  |  patience, 8
n_startup_trials, 10  |  n_warmup_steps, 6
Database, results1/transformer/transformer-hpt/hpt_dual_path.db
--------------------------------------------------------------------------------
Trial  Sharpe  Base6m   Adj6m    Best                  Params (key)  Status
--------------------------------------------------------------------------------
    1  0.3314  0.1287  0.0892  0.3314  d=96  h=2  L=2  lr=2.31e-03  DONE    *
    2  2.0027  0.0823  0.0569  2.0027  d=128 h=8  L=1  lr=8.20e-04  DONE    *
    3  1.6068  0.1106  0.1008  2.0027  d=128 h=8  L=1  lr=6.20e-04  DONE  
    4  1.8938  0.0802  0.1234  2.0027  d=96  h=8  L=3  lr=9.57e-05  DONE  
    5  1.9562  0.0877  0.0925  2.0027  d=96  h=4  L=3  lr=2.09e-04  DONE  
    6  2.2258  0.0735  0.0764  2.2258  d=128 h=4  L=1  lr=2.13e-04  DONE    *
    7  0.1713  0.1039  0.0185  2.2258  d=128 h=4  L=3  lr=2.06e-03  DONE  
    8  1.8197  0.0796  0.0816  2.2258  d=96  h=2  L=3  lr=2.67e-04  DONE  
    9  1.1310 -0.0098  0.0345  2.2258  d=128 h=2  L=1  lr=1.10e-03  DONE  
   10  3.3814  0.0916 -0.0049  3.3814  d=64  h=2  L=3  lr=9.76e-04  DONE    *
   11  1.0857 -0.0613  0.0793  3.3814  d=64  h=2  L=2  lr=4.17e-03  DONE  
   12  0.5855  0.0641  0.0957  3.3814  d=64  h=4  L=2  lr=5.32e-05  DONE  
   13  5.1864  0.0864  0.0936  5.1864  d=64  h=4  L=2  lr=2.91e-04  DONE    *
   14  2.0561  0.0622  0.1084  5.1864  d=64  h=4  L=2  lr=4.24e-04  DONE  
   15  2.0636  0.1210  0.0815  5.1864  d=64  h=2  L=2  lr=1.19e-03  DONE  
   16  1.7077  0.0992  0.1142  5.1864  d=64  h=4  L=3  lr=3.92e-04  DONE  
   17  0.7311  0.1165  0.1136  5.1864  d=64  h=2  L=2  lr=1.12e-04  DONE  
   18  1.9644  0.0932  0.0425  5.1864  d=64  h=2  L=3  lr=1.66e-03  DONE  
   19  0.5210  0.0475  0.0599  5.1864  d=64  h=4  L=2  lr=4.05e-03  DONE  
   20  2.4871  0.0838  0.0839  5.1864  d=64  h=8  L=3  lr=5.50e-04  DONE  
   21  2.0825  0.0588  0.0497  5.1864  d=64  h=4  L=2  lr=1.35e-04  DONE  
   22  1.8887  0.1160  0.0637  5.1864  d=64  h=8  L=3  lr=5.63e-04  DONE  
   23  1.4339  0.0810  0.0970  5.1864  d=64  h=8  L=3  lr=3.42e-04  DONE  
   24  1.7182  0.0822  0.1016  5.1864  d=64  h=8  L=3  lr=7.87e-04  DONE  
   25  1.8428  0.0872  0.0249  5.1864  d=64  h=8  L=3  lr=5.28e-04  DONE  
   26  1.1093 -0.0421  0.1009  5.1864  d=64  h=8  L=3  lr=1.14e-03  DONE  
   27  1.2665  0.0613  0.0518  5.1864  d=64  h=2  L=2  lr=1.73e-04  DONE  
   28  2.0939  0.1222 -0.0012  5.1864  d=64  h=8  L=3  lr=3.30e-04  DONE  
   29  1.4628  0.0472  0.0912  5.1864  d=96  h=2  L=2  lr=7.86e-04  DONE  
   30  2.5859  0.1099  0.0421  5.1864  d=64  h=4  L=1  lr=1.50e-03  DONE  
   31 -0.2148  0.0693  0.0063  5.1864  d=96  h=4  L=1  lr=3.02e-03  DONE  
   32  1.6157  0.0689  0.1071  5.1864  d=64  h=4  L=1  lr=1.77e-03  DONE  
   33  1.6875 -0.0094 -0.0501  5.1864  d=64  h=4  L=1  lr=2.91e-03  DONE  
   34  0.7551  0.0165 -0.0086  5.1864  d=64  h=4  L=1  lr=1.46e-03  DONE  
   35 -0.0633  0.0733  0.0240  5.1864  d=128 h=8  L=2  lr=9.07e-04  DONE  
   36  2.5462  0.0600  0.0750  5.1864  d=64  h=4  L=1  lr=6.20e-04  DONE  
   37  2.9807  0.1038  0.0699  5.1864  d=64  h=4  L=1  lr=6.60e-04  DONE  
   38  1.1386  0.0922  0.0189  5.1864  d=128 h=4  L=1  lr=2.41e-03  DONE  
   39  1.6020  0.0578  0.0524  5.1864  d=96  h=4  L=1  lr=2.67e-04  DONE  
   40  1.3768  0.0564  0.0744  5.1864  d=64  h=4  L=1  lr=1.37e-03  DONE  
   41  1.4656  0.1175  0.0463  5.1864  d=128 h=4  L=1  lr=8.12e-04  DONE  
   42  2.0794  0.1125  0.0623  5.1864  d=64  h=4  L=1  lr=7.07e-04  DONE  
   43  1.8555  0.0850  0.0708  5.1864  d=64  h=4  L=1  lr=9.59e-04  DONE  
   44  1.0272  0.0873  0.0679  5.1864  d=64  h=4  L=1  lr=4.54e-04  DONE  
   45  1.9663  0.0655  0.0800  5.1864  d=64  h=4  L=1  lr=6.45e-04  DONE  
   46  1.7314  0.0742  0.1032  5.1864  d=96  h=2  L=1  lr=6.68e-05  DONE  
   47  2.3420  0.0734  0.0562  5.1864  d=64  h=4  L=1  lr=1.03e-03  DONE  
   48  2.3976  0.0927  0.0852  5.1864  d=64  h=2  L=2  lr=2.72e-04  DONE  
   49  2.4077  0.1209  0.0959  5.1864  d=64  h=4  L=1  lr=1.90e-04  DONE  
   50  0.5829  0.0985  0.0358  5.1864  d=128 h=4  L=2  lr=1.87e-03  DONE  
================================================================================
Best trial for variant: fourier
Trial number: 13  |  Val Sharpe LS: 5.186388
--------------------------------------------------------------------------------
d_model                   64
n_heads                   4
d_ff_mult                 2
n_layers                  2
dropout                   0.0112593
n_mlp_layers              2
lambda_aux                0.229239
lr                        0.000291284
weight_decay              2.86778e-05
grad_clip                 3.92303
periodic_num_freq         64
--------------------------------------------------------------------------------
d_ff (derived)            128
--------------------------------------------------------------------------------
best epoch                13
n epochs trained          21
train loss (best ep)      0.258310
val MSRR (best ep)        0.451694
corr 6m, combined         0.093802
corr 6m, base f_firm      0.086438
corr 6m, adjustment       0.093611
val Sharpe LS             5.186388
--------------------------------------------------------------------------------
   Completed trials: 50  |  Pruned trials: 0
   Val Sharpe LS  mean=1.6735  std=0.9004  min=-0.2148  max=5.1864
================================================================================
  Best params saved, results1/transformer/transformer-hpt/best_params_fourier.json
  Trial history saved, results1/transformer/transformer-hpt/trials_fourier.csv
==========================================================================================
 Cross-variant summary
------------------------------------------------------------------------------------------
Variant           Sharpe  Best Sharpe   AdjCorr Triald_modeln_heads        lrn_layers
------------------------------------------------------------------------------------------
  linear            2.724345       0.125578    0.075414      24      128        2    7.48e-04         1
  per_feature       3.355453       0.124077   -0.089373       1       96        2    2.31e-03         2
  ple               3.303911       0.122972    0.065377      39      128        2    1.08e-04         3
  periodic          2.953416       0.121492    0.042683      36      128        4    4.11e-04         1
  fourier           5.186388       0.086438    0.093611      13       64        4    2.91e-04         2
==========================================================================================
Master trial summary saved, results1/transformer/transformer-hpt/all_trials_summary.csv
Columns, ['variant', 'number', 'value', 'datetime_start', 'datetime_complete', 'duration', 'params_d_ff_mult', 'params_d_model', 'params_dropout', 'params_grad_clip', 'params_lambda_aux', 'params_lr', 'params_n_heads', 'params_n_layers', 'params_n_mlp_layers', 'params_weight_decay', 'user_attrs_best_adj_corr_6m', 'user_attrs_best_base_corr_6m', 'user_attrs_best_corr_6m', 'user_attrs_best_epoch', 'user_attrs_best_train_loss', 'user_attrs_best_val_loss', 'user_attrs_last_adj_corr_6m', 'user_attrs_last_base_corr_6m', 'user_attrs_last_corr_6m', 'user_attrs_last_epoch', 'user_attrs_last_train_loss', 'user_attrs_last_val_loss', 'user_attrs_n_epochs_trained', 'user_attrs_val_sharpe_ls', 'state', 'params_ple_num_bins', 'params_periodic_num_freq']
==========================================================================================
