K0 characteristics, 55
K1 characteristics, 97
Validation months, 60
Test months, 60
Pooled months, validation plus test, 120
Variant, fourier, seeds, 5
Variant, linear, seeds, 5
Variant, per_feature, seeds, 5
Variant, periodic, seeds, 5
Variant, ple, seeds, 5
fourier
window   n  b1_base  b1_full  b2_full  rc_base  rc_combined
   val  60   0.0378   0.0301 0.0110     0.1338       0.1259
  test  54   0.0355   0.0208 0.0231     0.1316       0.1159
pooled 114   0.0367   0.0257 0.0167 .   0.1327       0.1212

      regime  n  b1_base  b2_full  rc_base  rc_combined
    vol_high 57   0.0423 0.0192     0.1366       0.1171
     vol_low 57   0.0311 0.0143     0.1288       0.1253
period_early 40   0.0427 0.0116 *   0.1628       0.1512
  period_mid 40   0.0405 0.0279 *   0.1190       0.1204
 period_late 34   0.0251 0.0096     0.1135       0.0867

fourier, by country, pooled, at least 12 months
country   n  b1_base   b2_full  rc_base  rc_combined
    ARE 114   0.0199  0.0121     0.1715       0.1840
    BRA 114   0.0538 0.0252 **   0.1824       0.1901
    CHL 114   0.0151 -0.0052     0.1015       0.0966
    CHN 114   0.0147  0.0086 .   0.1076       0.1179
    COL 114   0.0211  0.0079     0.1404       0.1431
    EGY 114   0.0272  0.0038     0.1477       0.1375
    GRC 114   0.0235  0.0006     0.0986       0.1118
    IDN 114   0.0385  0.0001     0.1600       0.1551
    IND 114   0.0457 -0.0022     0.1107       0.1113
    KOR 114   0.0261 0.0162 **   0.1631       0.1731
    KWT 114   0.0007 -0.0144     0.0360       0.0593
    MEX 114   0.0201  0.0040     0.0608       0.0397
    MYS 114   0.0267  0.0003     0.1486       0.1525
    PER 114   0.0364 -0.0073     0.1055       0.0990
    PHL 114   0.0221 -0.0042     0.1497       0.1391
    POL 114   0.0373 -0.0178 .   0.1750       0.1642
    QAT 114   0.0045 -0.0014     0.1406       0.1318
    SAU 114   0.0213 -0.0107     0.1251       0.1035
    THA 114   0.0271 -0.0020     0.1777       0.1480
    TUR 114   0.0228  0.0116 .   0.1162       0.1175
    TWN 114   0.0210  0.0014     0.1469       0.1546
    ZAF 114   0.0256 -0.0079     0.0921       0.0725
    HUN  59   0.0456 -0.0056     0.2911       0.2515

fourier, pooled diagnostics
                              estimate  std. error   t value    pr(>|t|)
corr, base_6m vs path2_6m      0.59722          NA        NA          NA  
entropy ratio vs uniform (1)     0.67535     0.00410   -79.140      0.0000 ***
missingness excess vs zero    -0.00810     0.00084    -9.682      0.0000 ***
r squared, base only           0.02072          NA        NA          NA  
r squared, full                0.03343          NA        NA          NA  
signif. codes, 0 '***' 0.001 '**' 0.01 '*' 0.05 '.' 0.1 ' ' 1

linear
window   n  b1_base  b1_full  b2_full  rc_base  rc_combined
   val  60   0.0350   0.0312 0.0054     0.1288       0.1527
  test  54   0.0362   0.0346 0.0014     0.1346       0.1264
pooled 114   0.0355   0.0328 0.0035     0.1315       0.1402

      regime  n  b1_base   b2_full  rc_base  rc_combined
    vol_high 57   0.0409 -0.0171     0.1343       0.1078
     vol_low 57   0.0302 0.0241 **   0.1288       0.1727
period_early 40   0.0420  0.0121     0.1642       0.1873
  period_mid 40   0.0389 -0.0075     0.1158       0.1153
 period_late 34   0.0239  0.0064     0.1117       0.1142

linear, by country, pooled, at least 12 months
country   n  b1_base    b2_full  rc_base  rc_combined
    ARE 114   0.0248   0.0191 *   0.1808       0.2066
    BRA 114   0.0528   0.0152     0.1834       0.1878
    CHL 114   0.0131   0.0034     0.0769       0.0830
    CHN 114   0.0148   0.0171 *   0.1102       0.1227
    COL 114   0.0179   0.0009     0.0936       0.1032
    EGY 114   0.0231   0.0077     0.1447       0.1501
    GRC 114   0.0274  -0.0053     0.0867       0.1210
    IDN 114   0.0332  -0.0054     0.1513       0.1539
    IND 114   0.0493   0.0050     0.1113       0.1244
    KOR 114   0.0285 0.0366 ***   0.1732       0.1890
    KWT 114   0.0017  -0.0101     0.0380       0.0784
    MEX 114   0.0178  0.0162 **   0.0396       0.0705
    MYS 114   0.0272   0.0089     0.1565       0.1736
    PER 114   0.0335   0.0046     0.0754       0.0895
    PHL 114   0.0211  0.0206 **   0.1479       0.1746
    POL 114   0.0390   0.0024     0.1739       0.1798
    QAT 114   0.0051  -0.0138     0.1226       0.1347
    SAU 114   0.0196  -0.0085     0.1211       0.1196
    THA 114   0.0242   0.0090     0.1734       0.1876
    TUR 114   0.0221   0.0122     0.1196       0.1239
    TWN 114   0.0192 0.0107 ***   0.1460       0.1569
    ZAF 114   0.0229   0.0044     0.0762       0.0923
    HUN  59   0.0421   0.0129     0.2809       0.2705

linear, pooled diagnostics
                              estimate  std. error   t value    pr(>|t|)
corr, base_6m vs path2_6m      0.70862          NA        NA          NA  
entropy ratio vs uniform (1)     0.98840     0.00007  -167.161      0.0000 ***
missingness excess vs zero    -0.00189     0.00009   -19.919      0.0000 ***
r squared, base only           0.01959          NA        NA          NA  
r squared, full                0.02688          NA        NA          NA  
signif. codes, 0 '***' 0.001 '**' 0.01 '*' 0.05 '.' 0.1 ' ' 1

per_feature
window   n  b1_base  b1_full   b2_full  rc_base  rc_combined
   val  60   0.0350   0.0341  0.0012     0.1197       0.1318
  test  54   0.0373   0.0394 -0.0045     0.1314       0.1117
pooled 114   0.0361   0.0366 -0.0015     0.1252       0.1223

      regime  n  b1_base   b2_full  rc_base  rc_combined
    vol_high 57   0.0429 -0.0155 .   0.1351       0.1019
     vol_low 57   0.0292  0.0125 .   0.1154       0.1427
period_early 40   0.0409  0.0048     0.1522       0.1605
  period_mid 40   0.0422 -0.0061     0.1169       0.1082
 period_late 34   0.0233 -0.0037     0.1034       0.0940

per_feature, by country, pooled, at least 12 months
country   n  b1_base    b2_full  rc_base  rc_combined
    ARE 114   0.0235   0.0211 *   0.1631       0.2086
    BRA 114   0.0496   0.0226 *   0.1659       0.1696
    CHL 114   0.0144  -0.0003     0.0541       0.0600
    CHN 114   0.0169   0.0134 *   0.1185       0.1292
    COL 114   0.0100   0.0108     0.0531       0.0592
    EGY 114   0.0231   0.0146     0.1443       0.1549
    GRC 114   0.0295   0.0098     0.0589       0.1152
    IDN 114   0.0297   0.0183     0.1357       0.1662
    IND 114   0.0502   0.0069     0.1014       0.1200
    KOR 114   0.0302 0.0282 ***   0.1749       0.1879
    KWT 114   0.0026  -0.0046     0.0329       0.0911
    MEX 114   0.0123   0.0044     0.0151       0.0159
    MYS 114   0.0295   0.0039     0.1470       0.1583
    PER 114   0.0258  0.0210 **   0.0439       0.0645
    PHL 114   0.0205   0.0140 .   0.1286       0.1589
    POL 114   0.0393  -0.0026     0.1655       0.1754
    QAT 114   0.0044  -0.0084     0.1304       0.1344
    SAU 114   0.0194   0.0021     0.1163       0.1191
    THA 114   0.0238 0.0147 ***   0.1536       0.1703
    TUR 114   0.0243  0.0271 **   0.1191       0.1369
    TWN 114   0.0197 0.0133 ***   0.1390       0.1543
    ZAF 114   0.0207   0.0017     0.0565       0.0729
    HUN  59   0.0368  -0.0007     0.2407       0.2650

per_feature, pooled diagnostics
                              estimate  std. error   t value    pr(>|t|)
corr, base_6m vs path2_6m      0.60688          NA        NA          NA  
entropy ratio vs uniform (1)     0.99592     0.00003  -116.868      0.0000 ***
missingness excess vs zero    -0.00088     0.00005   -17.002      0.0000 ***
r squared, base only           0.01963          NA        NA          NA  
r squared, full                0.02702          NA        NA          NA  
signif. codes, 0 '***' 0.001 '**' 0.01 '*' 0.05 '.' 0.1 ' ' 1

periodic
window   n  b1_base  b1_full   b2_full  rc_base  rc_combined
   val  60   0.0340   0.0364 -0.0032     0.1317       0.1450
  test  54   0.0349   0.0452 -0.0111     0.1392       0.1320
pooled 114   0.0344   0.0406 -0.0070     0.1353       0.1389

      regime  n  b1_base   b2_full  rc_base  rc_combined
    vol_high 57   0.0391 -0.0177     0.1359       0.1293
     vol_low 57   0.0297  0.0037     0.1346       0.1484
period_early 40   0.0417  0.0024     0.1704       0.1851
  period_mid 40   0.0378 -0.0010     0.1204       0.1240
 period_late 34   0.0218 -0.0250     0.1114       0.1019

periodic, by country, pooled, at least 12 months
country   n  b1_base   b2_full  rc_base  rc_combined
    ARE 114   0.0233  0.0122     0.1839       0.2164
    BRA 114   0.0519  0.0109     0.1769       0.1807
    CHL 114   0.0128 -0.0048     0.0709       0.0753
    CHN 114   0.0188  0.0040     0.1348       0.1354
    COL 114   0.0139  0.0211 *   0.0789       0.1185
    EGY 114   0.0204 -0.0129     0.1457       0.1439
    GRC 114   0.0259  0.0010     0.0814       0.1212
    IDN 114   0.0336 -0.0084     0.1614       0.1714
    IND 114   0.0476 -0.0153     0.1157       0.1242
    KOR 114   0.0327  0.0217 *   0.1871       0.1928
    KWT 114   0.0031 -0.0124     0.0531       0.0952
    MEX 114   0.0167  0.0135 *   0.0244       0.0367
    MYS 114   0.0273 -0.0123     0.1560       0.1628
    PER 114   0.0299  0.0099     0.0603       0.0740
    PHL 114   0.0215  0.0050     0.1488       0.1596
    POL 114   0.0363 -0.0228 .   0.1733       0.1797
    QAT 114   0.0027 -0.0125     0.1443       0.1485
    SAU 114   0.0149 -0.0184     0.1156       0.1062
    THA 114   0.0231  0.0025     0.1758       0.1767
    TUR 114   0.0243  0.0164     0.1292       0.1313
    TWN 114   0.0193  0.0081     0.1517       0.1554
    ZAF 114   0.0208 -0.0000     0.0668       0.0799
    HUN  59   0.0330 -0.0576 .   0.2691       0.2671

periodic, pooled diagnostics
                              estimate  std. error   t value    pr(>|t|)
corr, base_6m vs path2_6m      0.84184          NA        NA          NA  
entropy ratio vs uniform (1)     0.99288     0.00008   -93.112      0.0000 ***
missingness excess vs zero    -0.00109     0.00005   -23.730      0.0000 ***
r squared, base only           0.01867          NA        NA          NA  
r squared, full                0.02440          NA        NA          NA  
signif. codes, 0 '***' 0.001 '**' 0.01 '*' 0.05 '.' 0.1 ' ' 1

ple
window   n  b1_base  b1_full  b2_full  rc_base  rc_combined
   val  60   0.0361   0.0342 0.0033     0.1076       0.1195
  test  54   0.0418   0.0331 0.0137 .   0.1226       0.1348
pooled 114   0.0388   0.0336 0.0082 .   0.1147       0.1267

      regime  n  b1_base  b2_full  rc_base  rc_combined
    vol_high 57   0.0462 0.0057     0.1231       0.1303
     vol_low 57   0.0313 0.0107     0.1062       0.1232
period_early 40   0.0362 0.0083     0.1196       0.1350
  period_mid 40   0.0526 0.0058     0.1286       0.1384
 period_late 34   0.0256 0.0109     0.0924       0.1033

ple, by country, pooled, at least 12 months
country   n  b1_base   b2_full  rc_base  rc_combined
    ARE 114   0.0246  0.0222 *   0.1354       0.1907
    BRA 114   0.0413 0.0192 **   0.1195       0.1333
    CHL 114   0.0115  0.0035     0.0337       0.0356
    CHN 114   0.0148 0.0156 **   0.0881       0.1308
    COL 114   0.0087  0.0092     0.0228       0.0378
    EGY 114   0.0354  0.0149     0.1443       0.1644
    GRC 114   0.0366  0.0127     0.0609       0.1173
    IDN 114   0.0341 0.0245 **   0.1367       0.1648
    IND 114   0.0449  0.0141 *   0.0728       0.0949
    KOR 114   0.0314  0.0143     0.1706       0.1863
    KWT 114   0.0176  0.0013     0.0311       0.0768
    MEX 114   0.0051  0.0042    -0.0099      -0.0084
    MYS 114   0.0329  0.0125 .   0.1258       0.1433
    PER 114   0.0286  0.0208 *   0.0470       0.0636
    PHL 114   0.0237  0.0138     0.1015       0.1370
    POL 114   0.0461  0.0036     0.1498       0.1640
    QAT 114   0.0155 -0.0007     0.0584       0.1033
    SAU 114   0.0145  0.0144     0.0629       0.1113
    THA 114   0.0276 0.0120 **   0.1410       0.1550
    TUR 114   0.0364  0.0139 *   0.1438       0.1510
    TWN 114   0.0236  0.0110 *   0.1336       0.1630
    ZAF 114   0.0225  0.0015     0.0528       0.0605
    HUN  59   0.0476  0.0205     0.2515       0.2607

ple, pooled diagnostics
                              estimate  std. error   t value    pr(>|t|)
corr, base_6m vs path2_6m      0.57608          NA        NA          NA  
entropy ratio vs uniform (1)     0.96122     0.00051   -75.568      0.0000 ***
missingness excess vs zero    -0.00245     0.00012   -20.200      0.0000 ***
r squared, base only           0.01638          NA        NA          NA  
r squared, full                0.02050          NA        NA          NA  
signif. codes, 0 '***' 0.001 '**' 0.01 '*' 0.05 '.' 0.1 ' ' 1

summary written, results1/transformer/analysis/score_orthogonality_summary.csv, 40 rows across the val, test, and pooled windows
monthly detail written, results1/transformer/analysis/score_orthogonality_monthly.csv
country summary written, results1/transformer/analysis/score_orthogonality_country.csv, 115 rows
country monthly detail written, results1/transformer/analysis/score_orthogonality_country_monthly.csv

model comparison, mlp benchmark vs dppt, test window only
                     model  rank_corr  sharpe_ls  se_ls  sharpe_lo  n_obs_ls
             mlp benchmark     0.1287     1.9472 0.5381     1.0271        10
     fourier, base_6m only     0.1316        NaN    NaN        NaN      <NA>
    fourier, path2_6m only     0.1137        NaN    NaN        NaN      <NA>
         fourier, combined     0.1159     1.0494 0.3938     0.6782        10
      linear, base_6m only     0.1346        NaN    NaN        NaN      <NA>
     linear, path2_6m only     0.1232        NaN    NaN        NaN      <NA>
          linear, combined     0.1264     2.2067 0.5861     1.6282        10
 per_feature, base_6m only     0.1314        NaN    NaN        NaN      <NA>
per_feature, path2_6m only     0.1031        NaN    NaN        NaN      <NA>
     per_feature, combined     0.1117     1.9506 0.5387     1.9354        10
    periodic, base_6m only     0.1392        NaN    NaN        NaN      <NA>
   periodic, path2_6m only     0.1233        NaN    NaN        NaN      <NA>
        periodic, combined     0.1320     1.9635 0.5411     2.2834        10
         ple, base_6m only     0.1226        NaN    NaN        NaN      <NA>
        ple, path2_6m only     0.1268        NaN    NaN        NaN      <NA>
             ple, combined     0.1348     2.0595 0.5586     1.7884        10

sharpe difference vs mlp benchmark, long short, scaled, z test
                              estimate  std. error   t value    pr(>|t|)
fourier, combined vs mlp      -0.89780     0.66679    -1.346      0.1782  
linear, combined vs mlp        0.25946     0.79563     0.326      0.7443  
per_feature, combined vs mlp     0.00335     0.76144     0.004      0.9965  
periodic, combined vs mlp      0.01625     0.76309     0.021      0.9830  
ple, combined vs mlp           0.11226     0.77564     0.145      0.8849  
signif. codes, 0 '***' 0.001 '**' 0.01 '*' 0.05 '.' 0.1 ' ' 1

mlp comparison written, results1/transformer/analysis/score_orthogonality_mlp_comparison.csv
